Archive member included to satisfy reference by file (symbol)

lib/LCD/libLCD.a(LCD_1in8.c.o)
                              CMakeFiles/main.dir/main.c.o (LCD_1IN8_Init)
lib/GUI/libGUI.a(GUI_Paint.c.o)
                              CMakeFiles/main.dir/main.c.o (Paint_NewImage)
lib/Config/libConfig.a(DEV_Config.c.o)
                              lib/LCD/libLCD.a(LCD_1in8.c.o) (DEV_Digital_Write)
/usr/lib/gcc/arm-none-eabi/14.2.0/thumb/v6-m/nofp/libgcc.a(_dvmd_tls.o)
                              CMakeFiles/main.dir/home/Misha/pico_sdk/pico-sdk/src/rp2_common/pico_divider/divider_hardware.S.o (__aeabi_idiv0)
/usr/lib/gcc/arm-none-eabi/14.2.0/../../../../arm-none-eabi/lib/thumb/v6-m/nofp/libg.a(libc_a-atexit.o)
                              /usr/lib/gcc/arm-none-eabi/14.2.0/../../../../arm-none-eabi/lib/thumb/v6-m/nofp/crt0.o (atexit)
/usr/lib/gcc/arm-none-eabi/14.2.0/../../../../arm-none-eabi/lib/thumb/v6-m/nofp/libg.a(libc_a-atof.o)
                              CMakeFiles/main.dir/main.c.o (atof)
/usr/lib/gcc/arm-none-eabi/14.2.0/../../../../arm-none-eabi/lib/thumb/v6-m/nofp/libg.a(libc_a-atoi.o)
                              CMakeFiles/main.dir/home/Misha/pico_sdk/pico-sdk/lib/lwip/src/core/netif.c.o (atoi)
/usr/lib/gcc/arm-none-eabi/14.2.0/../../../../arm-none-eabi/lib/thumb/v6-m/nofp/libg.a(libc_a-calloc.o)
                              CMakeFiles/main.dir/home/Misha/pico_sdk/pico-sdk/src/rp2_common/pico_malloc/malloc.c.o (calloc)
/usr/lib/gcc/arm-none-eabi/14.2.0/../../../../arm-none-eabi/lib/thumb/v6-m/nofp/libg.a(libc_a-callocr.o)
                              /usr/lib/gcc/arm-none-eabi/14.2.0/../../../../arm-none-eabi/lib/thumb/v6-m/nofp/libg.a(libc_a-calloc.o) (_calloc_r)
/usr/lib/gcc/arm-none-eabi/14.2.0/../../../../arm-none-eabi/lib/thumb/v6-m/nofp/libg.a(libc_a-malloc.o)
                              CMakeFiles/main.dir/home/Misha/pico_sdk/pico-sdk/src/rp2_common/pico_malloc/malloc.c.o (malloc)
/usr/lib/gcc/arm-none-eabi/14.2.0/../../../../arm-none-eabi/lib/thumb/v6-m/nofp/libg.a(libc_a-mallocr.o)
                              /usr/lib/gcc/arm-none-eabi/14.2.0/../../../../arm-none-eabi/lib/thumb/v6-m/nofp/libg.a(libc_a-callocr.o) (_malloc_r)
/usr/lib/gcc/arm-none-eabi/14.2.0/../../../../arm-none-eabi/lib/thumb/v6-m/nofp/libg.a(libc_a-mlock.o)
                              /usr/lib/gcc/arm-none-eabi/14.2.0/../../../../arm-none-eabi/lib/thumb/v6-m/nofp/libg.a(libc_a-mallocr.o) (__malloc_lock)
/usr/lib/gcc/arm-none-eabi/14.2.0/../../../../arm-none-eabi/lib/thumb/v6-m/nofp/libg.a(libc_a-realloc.o)
                              CMakeFiles/main.dir/home/Misha/pico_sdk/pico-sdk/src/rp2_common/pico_malloc/malloc.c.o (realloc)
/usr/lib/gcc/arm-none-eabi/14.2.0/../../../../arm-none-eabi/lib/thumb/v6-m/nofp/libg.a(libc_a-reallocr.o)
                              /usr/lib/gcc/arm-none-eabi/14.2.0/../../../../arm-none-eabi/lib/thumb/v6-m/nofp/libg.a(libc_a-realloc.o) (_realloc_r)
/usr/lib/gcc/arm-none-eabi/14.2.0/../../../../arm-none-eabi/lib/thumb/v6-m/nofp/libg.a(libc_a-strtod.o)
                              CMakeFiles/main.dir/main.c.o (strtod)
/usr/lib/gcc/arm-none-eabi/14.2.0/../../../../arm-none-eabi/lib/thumb/v6-m/nofp/libg.a(libc_a-strtol.o)
                              /usr/lib/gcc/arm-none-eabi/14.2.0/../../../../arm-none-eabi/lib/thumb/v6-m/nofp/libg.a(libc_a-atoi.o) (_strtol_r)
/usr/lib/gcc/arm-none-eabi/14.2.0/../../../../arm-none-eabi/lib/thumb/v6-m/nofp/libg.a(libc_a-strtoll.o)
                              CMakeFiles/main.dir/main.c.o (strtoll)
/usr/lib/gcc/arm-none-eabi/14.2.0/../../../../arm-none-eabi/lib/thumb/v6-m/nofp/libg.a(libc_a-strtoull.o)
                              CMakeFiles/main.dir/main.c.o (strtoull)
/usr/lib/gcc/arm-none-eabi/14.2.0/../../../../arm-none-eabi/lib/thumb/v6-m/nofp/libg.a(libc_a-ctype_.o)
                              CMakeFiles/main.dir/home/Misha/pico_sdk/pico-sdk/lib/lwip/src/core/dns.c.o (_ctype_)
/usr/lib/gcc/arm-none-eabi/14.2.0/../../../../arm-none-eabi/lib/thumb/v6-m/nofp/libg.a(libc_a-fgets.o)
                              CMakeFiles/main.dir/main.c.o (fgets)
/usr/lib/gcc/arm-none-eabi/14.2.0/../../../../arm-none-eabi/lib/thumb/v6-m/nofp/libg.a(libc_a-findfp.o)
                              /usr/lib/gcc/arm-none-eabi/14.2.0/../../../../arm-none-eabi/lib/thumb/v6-m/nofp/libg.a(libc_a-fgets.o) (__sinit)
/usr/lib/gcc/arm-none-eabi/14.2.0/../../../../arm-none-eabi/lib/thumb/v6-m/nofp/libg.a(libc_a-fprintf.o)
                              CMakeFiles/main.dir/main.c.o (fprintf)
/usr/lib/gcc/arm-none-eabi/14.2.0/../../../../arm-none-eabi/lib/thumb/v6-m/nofp/libg.a(libc_a-fwalk.o)
                              /usr/lib/gcc/arm-none-eabi/14.2.0/../../../../arm-none-eabi/lib/thumb/v6-m/nofp/libg.a(libc_a-findfp.o) (_fwalk_sglue)
/usr/lib/gcc/arm-none-eabi/14.2.0/../../../../arm-none-eabi/lib/thumb/v6-m/nofp/libg.a(libc_a-refill.o)
[...]
Memory Configuration

Name             Origin             Length             Attributes
FLASH            0x10000000         0x00200000         xr
RAM              0x20000000         0x00040000         xrw
SCRATCH_X        0x20040000         0x00001000         xrw
SCRATCH_Y        0x20041000         0x00001000         xrw
*default*        0x00000000         0xffffffff

Linker script and memory map

LOAD /usr/lib/gcc/arm-none-eabi/14.2.0/thumb/v6-m/nofp/crti.o
LOAD /usr/lib/gcc/arm-none-eabi/14.2.0/thumb/v6-m/nofp/crtbegin.o
LOAD /usr/lib/gcc/arm-none-eabi/14.2.0/../../../../arm-none-eabi/lib/thumb/v6-m/nofp/crt0.o

.flash_begin    0x10000000        0x0
                0x10000000                        __flash_binary_start = .

.boot2          0x10000000      0x100
                0x10000000                        __boot2_start__ = .
 *(.boot2)
 .boot2         0x10000000      0x100 pico-sdk/src/rp2040/boot_stage2/CMakeFiles/bs2_default_library.dir/bs2_default_padded_checksummed.S.o
                0x10000100                        __boot2_end__ = .
                0x00000001                        ASSERT (((__boot2_end__ - __boot2_start__) == 0x100), ERROR: Pico second stage bootloader must be 256 bytes in size)

.text           0x10000100    0x234b8
                0x10000100                        __logical_binary_start = .
 *(.vectors)
 .vectors       0x10000100       0xd4 CMakeFiles/main.dir/home/Misha/pico_sdk/pico-sdk/src/rp2_common/pico_crt0/crt0.S.o
                0x10000100                __vectors
                0x10000100                __VECTOR_TABLE
                0x100001c0                isr_invalid
                0x100001c0                __default_isrs_start
                0x100001c2                isr_nmi
                0x100001c4                isr_hardfault
                0x100001c6                isr_svcall
                0x100001c8                isr_pendsv
                0x100001ca                isr_systick
                0x100001cc                isr_irq30
                0x100001cc                __unhandled_user_irq
                0x100001cc                isr_irq13
                0x100001cc                isr_irq27
                0x100001cc                isr_irq31
                0x100001cc                isr_irq5
                0x100001cc                isr_irq11
                0x100001cc                isr_irq23
                0x100001cc                isr_irq18
                0x100001cc                isr_irq28
                0x100001cc                isr_irq19
                0x100001cc                isr_irq0
                0x100001cc                isr_irq6
                0x100001cc                isr_irq22
                0x100001cc                isr_irq17
                0x100001cc                isr_irq14
                0x100001cc                isr_irq2
                0x100001cc                isr_irq10
                0x100001cc                isr_irq8
                0x100001cc                isr_irq24
                0x100001cc                isr_irq1
                0x100001cc                isr_irq7
                0x100001cc                isr_irq21
                0x100001cc                isr_irq20
                0x100001cc                isr_irq15
                0x100001cc                isr_irq25
                0x100001cc                isr_irq4
                0x100001cc                isr_irq16
                0x100001cc                isr_irq29
                0x100001cc                isr_irq26
                0x100001cc                __default_isrs_end
                0x100001cc                isr_irq3
                0x100001cc                isr_irq12
                0x100001cc                isr_irq9
                0x100001d2                unhandled_user_irq_num_in_r0
 *(.binary_info_header)
 .binary_info_header
                0x100001d4       0x14 CMakeFiles/main.dir/home/Misha/pico_sdk/pico-sdk/src/rp2_common/pico_crt0/crt0.S.o
                0x100001e8                        __binary_info_header_end = .
 *(.embedded_block)
                0x100001e8                        __embedded_block_end = .
 *(.reset)
 .reset         0x100001e8       0x9c CMakeFiles/main.dir/home/Misha/pico_sdk/pico-sdk/src/rp2_common/pico_crt0/crt0.S.o
                0x100001e8                _entry_point
 *(.init)
 .init          0x10000284        0x4 /usr/lib/gcc/arm-none-eabi/14.2.0/thumb/v6-m/nofp/crti.o
                0x10000284                _init
 *(EXCLUDE_FILE(*libm.a: *libc.a:*lib_a-mem*.o *libgcc.a:) .text*)
 .text.frame_dummy
                0x10000288       0x20 /usr/lib/gcc/arm-none-eabi/14.2.0/thumb/v6-m/nofp/crtbegin.o
 .text.result   0x100002a8       0x30 CMakeFiles/main.dir/main.c.o
                0x100002a8                result
 .text.headers  0x100002d8       0x70 CMakeFiles/main.dir/main.c.o
                0x100002d8                headers
 .text.bodyWeather
                0x10000348       0x44 CMakeFiles/main.dir/main.c.o
                0x10000348                bodyWeather
 .text.bodyTime
                0x1000038c       0x44 CMakeFiles/main.dir/main.c.o
                0x1000038c                bodyTime
 .text.set_name_pass
                0x100003d0       0x7c CMakeFiles/main.dir/main.c.o
                0x100003d0                set_name_pass
 .text.setup    0x1000044c      0x180 CMakeFiles/main.dir/main.c.o
                0x1000044c                setup
 .text.startup.main
                0x100005cc      0x564 CMakeFiles/main.dir/main.c.o
                0x100005cc                main
 .text.gpio_set_function
                0x10000b30       0x34 CMakeFiles/main.dir/home/Misha/pico_sdk/pico-sdk/src/rp2_common/hardware_gpio/gpio.c.o
                0x10000b30                gpio_set_function
 .text.gpio_set_pulls
                0x10000b64       0x28 CMakeFiles/main.dir/home/Misha/pico_sdk/pico-sdk/src/rp2_common/hardware_gpio/gpio.c.o
                0x10000b64                gpio_set_pulls
 .text.gpio_set_input_hysteresis_enabled
                0x10000b8c       0x28 CMakeFiles/main.dir/home/Misha/pico_sdk/pico-sdk/src/rp2_common/hardware_gpio/gpio.c.o
                0x10000b8c                gpio_set_input_hysteresis_enabled
 .text.gpio_set_irq_enabled
                0x10000bb4       0x58 CMakeFiles/main.dir/home/Misha/pico_sdk/pico-sdk/src/rp2_common/hardware_gpio/gpio.c.o
                0x10000bb4                gpio_set_irq_enabled
 .text.gpio_add_raw_irq_handler_with_order_priority_masked
                0x10000c0c       0x44 CMakeFiles/main.dir/home/Misha/pico_sdk/pico-sdk/src/rp2_common/hardware_gpio/gpio.c.o
                0x10000c0c                gpio_add_raw_irq_handler_with_order_priority_masked
 .text.gpio_remove_raw_irq_handler_masked
                0x10000c50       0x20 CMakeFiles/main.dir/home/Misha/pico_sdk/pico-sdk/src/rp2_common/hardware_gpio/gpio.c.o
                0x10000c50                gpio_remove_raw_irq_handler_masked
 .text.gpio_init
                0x10000c70       0x40 CMakeFiles/main.dir/home/Misha/pico_sdk/pico-sdk/src/rp2_common/hardware_gpio/gpio.c.o
                0x10000c70                gpio_init
 .text.rp2040_chip_version
                0x10000cb0        0xc CMakeFiles/main.dir/home/Misha/pico_sdk/pico-sdk/src/rp2040/pico_platform/platform.c.o
                0x10000cb0                rp2040_chip_version
 .text.panic    0x10000cbc       0x30 CMakeFiles/main.dir/home/Misha/pico_sdk/pico-sdk/src/rp2_common/pico_platform_panic/panic.c.o
                0x10000cbc                panic
 .text.hw_claim_lock
                0x10000cec       0x18 CMakeFiles/main.dir/home/Misha/pico_sdk/pico-sdk/src/common/hardware_claim/claim.c.o
                0x10000cec                hw_claim_lock
 .text.hw_claim_unlock
                0x10000d04       0x14 CMakeFiles/main.dir/home/Misha/pico_sdk/pico-sdk/src/common/hardware_claim/claim.c.o
                0x10000d04                hw_claim_unlock
 .text.hw_claim_or_assert
                0x10000d18       0x44 CMakeFiles/main.dir/home/Misha/pico_sdk/pico-sdk/src/common/hardware_claim/claim.c.o
                0x10000d18                hw_claim_or_assert
 .text.hw_claim_unused_from_range
                0x10000d5c       0x88 CMakeFiles/main.dir/home/Misha/pico_sdk/pico-sdk/src/common/hardware_claim/claim.c.o
                0x10000d5c                hw_claim_unused_from_range
 .text.hw_claim_clear
                0x10000de4       0x38 CMakeFiles/main.dir/home/Misha/pico_sdk/pico-sdk/src/common/hardware_claim/claim.c.o
                0x10000de4                hw_claim_clear
 .text.next_striped_spin_lock_num
                0x10000e1c       0x18 CMakeFiles/main.dir/home/Misha/pico_sdk/pico-sdk/src/rp2_common/hardware_sync/sync.c.o
                0x10000e1c                next_striped_spin_lock_num
 .text.spin_lock_claim_unused
                0x10000e34       0x24 CMakeFiles/main.dir/home/Misha/pico_sdk/pico-sdk/src/rp2_common/hardware_sync/sync.c.o
                0x10000e34                spin_lock_claim_unused
 .text.spin_locks_reset
                0x10000e58       0x1c CMakeFiles/main.dir/home/Misha/pico_sdk/pico-sdk/src/rp2_common/hardware_sync_spin_lock/sync_spin_lock.c.o
                0x10000e58                spin_locks_reset
 .text.runtime_init_per_core_irq_priorities
                0x10000e74       0x24 CMakeFiles/main.dir/home/Misha/pico_sdk/pico-sdk/src/rp2_common/hardware_irq/irq.c.o
                0x10000e74                runtime_init_per_core_irq_priorities
 .text.irq_set_enabled
                0x10000e98       0x24 CMakeFiles/main.dir/home/Misha/pico_sdk/pico-sdk/src/rp2_common/hardware_irq/irq.c.o
                0x10000e98                irq_set_enabled
 .text.irq_is_enabled
                0x10000ebc       0x18 CMakeFiles/main.dir/home/Misha/pico_sdk/pico-sdk/src/rp2_common/hardware_irq/irq.c.o
                0x10000ebc                irq_is_enabled
 .text.irq_set_pending
                0x10000ed4       0x10 CMakeFiles/main.dir/home/Misha/pico_sdk/pico-sdk/src/rp2_common/hardware_irq/irq.c.o
                0x10000ed4                irq_set_pending
 .text.irq_has_shared_handler
                0x10000ee4       0x2c CMakeFiles/main.dir/home/Misha/pico_sdk/pico-sdk/src/rp2_common/hardware_irq/irq.c.o
                0x10000ee4                irq_has_shared_handler
 .text.irq_set_exclusive_handler
                0x10000f10       0x54 CMakeFiles/main.dir/home/Misha/pico_sdk/pico-sdk/src/rp2_common/hardware_irq/irq.c.o
                0x10000f10                irq_set_exclusive_handler
 .text.irq_add_shared_handler
                0x10000f64      0x1f4 CMakeFiles/main.dir/home/Misha/pico_sdk/pico-sdk/src/rp2_common/hardware_irq/irq.c.o
                0x10000f64                irq_add_shared_handler
 .text.irq_remove_handler
                0x10001158      0x1d4 CMakeFiles/main.dir/home/Misha/pico_sdk/pico-sdk/src/rp2_common/hardware_irq/irq.c.o
                0x10001158                irq_remove_handler
 .text.irq_set_priority
                0x1000132c       0x28 CMakeFiles/main.dir/home/Misha/pico_sdk/pico-sdk/src/rp2_common/hardware_irq/irq.c.o
                0x1000132c                irq_set_priority
 .text.irq_add_tail_to_free_list
                0x10001354       0xb4 CMakeFiles/main.dir/home/Misha/pico_sdk/pico-sdk/src/rp2_common/hardware_irq/irq.c.o
                0x10001354                irq_add_tail_to_free_list
 .text.user_irq_unclaim
                0x10001408       0x14 CMakeFiles/main.dir/home/Misha/pico_sdk/pico-sdk/src/rp2_common/hardware_irq/irq.c.o
                0x10001408                user_irq_unclaim
 .text.user_irq_claim_unused
                0x1000141c       0x2c CMakeFiles/main.dir/home/Misha/pico_sdk/pico-sdk/src/rp2_common/hardware_irq/irq.c.o
                0x1000141c                user_irq_claim_unused
 .text.sem_init
                0x10001448       0x20 CMakeFiles/main.dir/home/Misha/pico_sdk/pico-sdk/src/common/pico_sync/sem.c.o
                0x10001448                sem_init
 .text.lock_init
                0x10001468       0x10 CMakeFiles/main.dir/home/Misha/pico_sdk/pico-sdk/src/common/pico_sync/lock_core.c.o
                0x10001468                lock_init
 .text.runtime_init_mutex
                0x10001478       0x50 CMakeFiles/main.dir/home/Misha/pico_sdk/pico-sdk/src/common/pico_sync/mutex.c.o
                0x10001478                runtime_init_mutex
 .text.mutex_init
                0x100014c8       0x1c CMakeFiles/main.dir/home/Misha/pico_sdk/pico-sdk/src/common/pico_sync/mutex.c.o
                0x100014c8                mutex_init
 .text.recursive_mutex_init
                0x100014e4       0x1c CMakeFiles/main.dir/home/Misha/pico_sdk/pico-sdk/src/common/pico_sync/mutex.c.o
                0x100014e4                recursive_mutex_init
 .text.critical_section_init
                0x10001500       0x1c CMakeFiles/main.dir/home/Misha/pico_sdk/pico-sdk/src/common/pico_sync/critical_section.c.o
                0x10001500                critical_section_init
 .text.critical_section_init_with_lock_num
                0x1000151c       0x14 CMakeFiles/main.dir/home/Misha/pico_sdk/pico-sdk/src/common/pico_sync/critical_section.c.o
                0x1000151c                critical_section_init_with_lock_num
 .text.sleep_until_callback
                0x10001530       0x30 CMakeFiles/main.dir/home/Misha/pico_sdk/pico-sdk/src/common/pico_time/time.c.o
 .text.alarm_pool_irq_handler
                0x10001560      0x2fc CMakeFiles/main.dir/home/Misha/pico_sdk/pico-sdk/src/common/pico_time/time.c.o
 .text.runtime_init_default_alarm_pool
                0x1000185c       0xdc CMakeFiles/main.dir/home/Misha/pico_sdk/pico-sdk/src/common/pico_time/time.c.o
                0x1000185c                runtime_init_default_alarm_pool
 .text.alarm_pool_get_default
                0x10001938        0x8 CMakeFiles/main.dir/home/Misha/pico_sdk/pico-sdk/src/common/pico_time/time.c.o
                0x10001938                alarm_pool_get_default
 .text.alarm_pool_add_alarm_at
                0x10001940       0xd0 CMakeFiles/main.dir/home/Misha/pico_sdk/pico-sdk/src/common/pico_time/time.c.o
                0x10001940                alarm_pool_add_alarm_at
 .text.alarm_pool_add_alarm_at_force_in_context
                0x10001a10       0xb0 CMakeFiles/main.dir/home/Misha/pico_sdk/pico-sdk/src/common/pico_time/time.c.o
                0x10001a10                alarm_pool_add_alarm_at_force_in_context
 .text.alarm_pool_cancel_alarm
                0x10001ac0       0x74 CMakeFiles/main.dir/home/Misha/pico_sdk/pico-sdk/src/common/pico_time/time.c.o
                0x10001ac0                alarm_pool_cancel_alarm
 .text.alarm_pool_core_num
                0x10001b34        0x4 CMakeFiles/main.dir/home/Misha/pico_sdk/pico-sdk/src/common/pico_time/time.c.o
                0x10001b34                alarm_pool_core_num
 .text.sleep_until
                0x10001b38       0xd0 CMakeFiles/main.dir/home/Misha/pico_sdk/pico-sdk/src/common/pico_time/time.c.o
                0x10001b38                sleep_until
 .text.sleep_ms
                0x10001c08       0xfc CMakeFiles/main.dir/home/Misha/pico_sdk/pico-sdk/src/common/pico_time/time.c.o
                0x10001c08                sleep_ms
 .text.best_effort_wfe_or_timeout
                0x10001d04       0xec CMakeFiles/main.dir/home/Misha/pico_sdk/pico-sdk/src/common/pico_time/time.c.o
                0x10001d04                best_effort_wfe_or_timeout
 .text.timer_hardware_alarm_claim
                0x10001df0       0x14 CMakeFiles/main.dir/home/Misha/pico_sdk/pico-sdk/src/rp2_common/hardware_timer/timer.c.o
                0x10001df0                timer_hardware_alarm_claim
 .text.timer_time_us_64
                0x10001e04       0x10 CMakeFiles/main.dir/home/Misha/pico_sdk/pico-sdk/src/rp2_common/hardware_timer/timer.c.o
                0x10001e04                timer_time_us_64
 .text.time_us_64
                0x10001e14       0x14 CMakeFiles/main.dir/home/Misha/pico_sdk/pico-sdk/src/rp2_common/hardware_timer/timer.c.o
                0x10001e14                time_us_64
 .text.busy_wait_us
                0x10001e28       0x68 CMakeFiles/main.dir/home/Misha/pico_sdk/pico-sdk/src/rp2_common/hardware_timer/timer.c.o
                0x10001e28                busy_wait_us
 .text.busy_wait_until
                0x10001e90       0x20 CMakeFiles/main.dir/home/Misha/pico_sdk/pico-sdk/src/rp2_common/hardware_timer/timer.c.o
                0x10001e90                busy_wait_until
 .text.clock_configure_int_divider
                0x10001eb0       0xf4 CMakeFiles/main.dir/home/Misha/pico_sdk/pico-sdk/src/rp2_common/hardware_clocks/clocks.c.o
                0x10001eb0                clock_configure_int_divider
 .text.clock_configure_undivided
                0x10001fa4       0xe8 CMakeFiles/main.dir/home/Misha/pico_sdk/pico-sdk/src/rp2_common/hardware_clocks/clocks.c.o
                0x10001fa4                clock_configure_undivided
 .text.clock_get_hz
                0x1000208c        0xc CMakeFiles/main.dir/home/Misha/pico_sdk/pico-sdk/src/rp2_common/hardware_clocks/clocks.c.o
                0x1000208c                clock_get_hz
 .text.pll_init
                0x10002098       0xa4 CMakeFiles/main.dir/home/Misha/pico_sdk/pico-sdk/src/rp2_common/hardware_pll/pll.c.o
                0x10002098                pll_init
 .text.watchdog_reboot
                0x1000213c       0x9c CMakeFiles/main.dir/home/Misha/pico_sdk/pico-sdk/src/rp2_common/hardware_watchdog/watchdog.c.o
                0x1000213c                watchdog_reboot
 .text.tick_start
                0x100021d8       0x10 CMakeFiles/main.dir/home/Misha/pico_sdk/pico-sdk/src/rp2_common/hardware_ticks/ticks.c.o
                0x100021d8                tick_start
 .text.rom_func_lookup
                0x100021e8       0x10 CMakeFiles/main.dir/home/Misha/pico_sdk/pico-sdk/src/rp2_common/pico_bootrom/bootrom.c.o
                0x100021e8                rom_func_lookup
 .text.rom_data_lookup
                0x100021f8       0x10 CMakeFiles/main.dir/home/Misha/pico_sdk/pico-sdk/src/rp2_common/pico_bootrom/bootrom.c.o
                0x100021f8                rom_data_lookup
 .text.rom_funcs_lookup
                0x10002208       0x44 CMakeFiles/main.dir/home/Misha/pico_sdk/pico-sdk/src/rp2_common/pico_bootrom/bootrom.c.o
                0x10002208                rom_funcs_lookup
 .text.rom_reset_usb_boot_extra
                0x1000224c       0x24 CMakeFiles/main.dir/home/Misha/pico_sdk/pico-sdk/src/rp2_common/pico_bootrom/bootrom.c.o
                0x1000224c                rom_reset_usb_boot_extra
 .text.xosc_init
                0x10002270       0x28 CMakeFiles/main.dir/home/Misha/pico_sdk/pico-sdk/src/rp2_common/hardware_xosc/xosc.c.o
                0x10002270                xosc_init
 .text.first_per_core_initializer
                0x10002298        0x4 CMakeFiles/main.dir/home/Misha/pico_sdk/pico-sdk/src/rp2_common/pico_runtime/runtime.c.o
 .text.hard_assertion_failure
                0x1000229c        0xc CMakeFiles/main.dir/home/Misha/pico_sdk/pico-sdk/src/rp2_common/pico_runtime/runtime.c.o
                0x1000229c                hard_assertion_failure
 .text.runtime_run_initializers
                0x100022a8       0x28 CMakeFiles/main.dir/home/Misha/pico_sdk/pico-sdk/src/rp2_common/pico_runtime/runtime.c.o
                0x100022a8                runtime_run_initializers
 .text.runtime_init_early_resets
                0x100022d0       0x2c CMakeFiles/main.dir/home/Misha/pico_sdk/pico-sdk/src/rp2_common/pico_runtime_init/runtime_init.c.o
                0x100022d0                runtime_init_early_resets
 .text.runtime_init_usb_power_down
                0x100022fc       0x1c CMakeFiles/main.dir/home/Misha/pico_sdk/pico-sdk/src/rp2_common/pico_runtime_init/runtime_init.c.o
                0x100022fc                runtime_init_usb_power_down
 .text.runtime_init_post_clock_resets
                0x10002318       0x20 CMakeFiles/main.dir/home/Misha/pico_sdk/pico-sdk/src/rp2_common/pico_runtime_init/runtime_init.c.o
                0x10002318                runtime_init_post_clock_resets
 .text.runtime_init_rp2040_gpio_ie_disable
                0x10002338       0x14 CMakeFiles/main.dir/home/Misha/pico_sdk/pico-sdk/src/rp2_common/pico_runtime_init/runtime_init.c.o
                0x10002338                runtime_init_rp2040_gpio_ie_disable
 .text.runtime_init_spin_locks_reset
                0x1000234c        0x8 CMakeFiles/main.dir/home/Misha/pico_sdk/pico-sdk/src/rp2_common/pico_runtime_init/runtime_init.c.o
                0x1000234c                runtime_init_spin_locks_reset
 .text.runtime_init_install_ram_vector_table
                0x10002354       0x1c CMakeFiles/main.dir/home/Misha/pico_sdk/pico-sdk/src/rp2_common/pico_runtime_init/runtime_init.c.o
                0x10002354                runtime_init_install_ram_vector_table
 .text.runtime_init_clocks
                0x10002370       0xd8 CMakeFiles/main.dir/home/Misha/pico_sdk/pico-sdk/src/rp2_common/pico_runtime_init/runtime_init_clocks.c.o
                0x10002370                runtime_init_clocks
 .text          0x10002448       0x10 CMakeFiles/main.dir/home/Misha/pico_sdk/pico-sdk/src/rp2_common/pico_bit_ops/bit_ops_aeabi.S.o
 .text.ctzsi    0x10002458        0xc CMakeFiles/main.dir/home/Misha/pico_sdk/pico-sdk/src/rp2_common/pico_bit_ops/bit_ops_aeabi.S.o
                0x10002458                __wrap___ctzsi2
 .text.__wrap___aeabi_idiv
                0x10002464       0x50 CMakeFiles/main.dir/home/Misha/pico_sdk/pico-sdk/src/rp2_common/pico_divider/divider_hardware.S.o
                0x10002464                __wrap___aeabi_idivmod
                0x10002464                divmod_s32s32
                0x10002464                div_s32s32
                0x10002464                __wrap___aeabi_idiv
                0x1000246c                divmod_s32s32_unsafe
                0x10002498                divmod_s32s32_savestate
 .text.__wrap___aeabi_uidiv
                0x100024b4       0x4c CMakeFiles/main.dir/home/Misha/pico_sdk/pico-sdk/src/rp2_common/pico_divider/divider_hardware.S.o
                0x100024b4                __wrap___aeabi_uidiv
                0x100024b4                __wrap___aeabi_uidivmod
                0x100024b4                div_u32u32
                0x100024b4                divmod_u32u32
                0x100024bc                divmod_u32u32_unsafe
                0x100024e4                divmod_u32u32_savestate
 .text.__wrap___aeabi_ldiv
                0x10002500      0x424 CMakeFiles/main.dir/home/Misha/pico_sdk/pico-sdk/src/rp2_common/pico_divider/divider_hardware.S.o
                0x10002500                div_s64s64
                0x10002500                divmod_s64s64
                0x10002500                __wrap___aeabi_ldivmod
                0x10002530                div_u64u64
                0x10002530                divmod_u64u64
                0x10002530                __wrap___aeabi_uldivmod
                0x10002540                divmod_u64u64_savestate
                0x10002560                divmod_s64s64_unsafe
                0x100025e8                divmod_u64u64_unsafe
 .text.__wrap___aeabi_darithmetic
                0x10002924       0x60 CMakeFiles/main.dir/home/Misha/pico_sdk/pico-sdk/src/rp2_common/pico_double/double_aeabi_rp2040.S.o
                0x10002924                __wrap___aeabi_drsub
                0x1000292a                __wrap___aeabi_dsub
                0x10002934                __wrap___aeabi_dadd
                0x1000293e                __wrap___aeabi_ddiv
                0x10002972                __wrap___aeabi_dmul
 .text.__wrap___aeabi_cdcmple
                0x10002984       0x6c CMakeFiles/main.dir/home/Misha/pico_sdk/pico-sdk/src/rp2_common/pico_double/double_aeabi_rp2040.S.o
                0x10002984                __wrap___aeabi_cdrcmple
                0x10002994                __wrap___aeabi_cdcmple
                0x10002994                __wrap___aeabi_cdcmpeq
 .text.__wrap___aeabi_dcmpeq
                0x100029f0       0x10 CMakeFiles/main.dir/home/Misha/pico_sdk/pico-sdk/src/rp2_common/pico_double/double_aeabi_rp2040.S.o
                0x100029f0                __wrap___aeabi_dcmpeq
 .text.__wrap___aeabi_dcmplt
                0x10002a00        0xc CMakeFiles/main.dir/home/Misha/pico_sdk/pico-sdk/src/rp2_common/pico_double/double_aeabi_rp2040.S.o
                0x10002a00                __wrap___aeabi_dcmplt
 .text.__wrap___aeabi_dcmple
                0x10002a0c       0x10 CMakeFiles/main.dir/home/Misha/pico_sdk/pico-sdk/src/rp2_common/pico_double/double_aeabi_rp2040.S.o
                0x10002a0c                __wrap___aeabi_dcmple
 .text.__wrap___aeabi_dcmpge
                0x10002a1c       0x10 CMakeFiles/main.dir/home/Misha/pico_sdk/pico-sdk/src/rp2_common/pico_double/double_aeabi_rp2040.S.o
                0x10002a1c                __wrap___aeabi_dcmpge
 .text.__wrap___aeabi_dcmpgt
                0x10002a2c        0xa CMakeFiles/main.dir/home/Misha/pico_sdk/pico-sdk/src/rp2_common/pico_double/double_aeabi_rp2040.S.o
                0x10002a2c                __wrap___aeabi_dcmpgt
 .text.__wrap___aeabi_dcmpun
                0x10002a36       0x18 CMakeFiles/main.dir/home/Misha/pico_sdk/pico-sdk/src/rp2_common/pico_double/double_aeabi_rp2040.S.o
                0x10002a36                __wrap___aeabi_dcmpun
 *fill*         0x10002a4e        0x2 
 .text.__wrap___aeabi_i2d
                0x10002a50       0x38 CMakeFiles/main.dir/home/Misha/pico_sdk/pico-sdk/src/rp2_common/pico_double/double_aeabi_rp2040.S.o
                0x10002a50                __wrap___aeabi_ui2d
                0x10002a58                __wrap___aeabi_i2d
 .text.__wrap___aeabi_d2iz
                0x10002a88       0x48 CMakeFiles/main.dir/home/Misha/pico_sdk/pico-sdk/src/rp2_common/pico_double/double_aeabi_rp2040.S.o
                0x10002a88                __wrap___aeabi_d2iz
                0x10002a88                double2int_z
 .text.__wrap___aeabi_d2uiz
                0x10002ad0       0x10 CMakeFiles/main.dir/home/Misha/pico_sdk/pico-sdk/src/rp2_common/pico_double/double_aeabi_rp2040.S.o
                0x10002ad0                double2uint
                0x10002ad0                __wrap___aeabi_d2uiz
 .text.__wrap___aeabi_l2d
                0x10002ae0       0x10 CMakeFiles/main.dir/home/Misha/pico_sdk/pico-sdk/src/rp2_common/pico_double/double_aeabi_rp2040.S.o
                0x10002ae0                __wrap___aeabi_l2d
 .text.__wrap___aeabi_d2lz
                0x10002af0       0x26 CMakeFiles/main.dir/home/Misha/pico_sdk/pico-sdk/src/rp2_common/pico_double/double_aeabi_rp2040.S.o
                0x10002af0                __wrap___aeabi_d2lz
                0x10002af0                double2int64_z
 *fill*         0x10002b16        0x2 
 .text.double2int64
                0x10002b18       0x10 CMakeFiles/main.dir/home/Misha/pico_sdk/pico-sdk/src/rp2_common/pico_double/double_aeabi_rp2040.S.o
                0x10002b18                double2int64
 .text.double2ufix64
                0x10002b28       0x10 CMakeFiles/main.dir/home/Misha/pico_sdk/pico-sdk/src/rp2_common/pico_double/double_aeabi_rp2040.S.o
                0x10002b28                double2ufix64
 .text.__wrap___aeabi_d2f
                0x10002b38       0x10 CMakeFiles/main.dir/home/Misha/pico_sdk/pico-sdk/src/rp2_common/pico_double/double_aeabi_rp2040.S.o
                0x10002b38                __wrap___aeabi_d2f
 .text.missing_double_func_shim
                0x10002b48        0xc CMakeFiles/main.dir/home/Misha/pico_sdk/pico-sdk/src/rp2_common/pico_double/double_init_rom_rp2040.c.o
 .text.__aeabi_double_init
                0x10002b54       0xa0 CMakeFiles/main.dir/home/Misha/pico_sdk/pico-sdk/src/rp2_common/pico_double/double_init_rom_rp2040.c.o
                0x10002b54                __aeabi_double_init
 .text.double_table_shim_on_use_helper
                0x10002bf4       0x2c CMakeFiles/main.dir/home/Misha/pico_sdk/pico-sdk/src/rp2_common/pico_double/double_v1_rom_shim_rp2040.S.o
                0x10002bf4                double_table_shim_on_use_helper
 .text.__aeabi_lmul
                0x10002c20       0x32 CMakeFiles/main.dir/home/Misha/pico_sdk/pico-sdk/src/rp2_common/pico_int64_ops/pico_int64_ops_aeabi.S.o
                0x10002c20                __wrap___aeabi_lmul
 *fill*         0x10002c52        0x2 
 .text.missing_float_func_shim
                0x10002c54        0xc CMakeFiles/main.dir/home/Misha/pico_sdk/pico-sdk/src/rp2_common/pico_float/float_init_rom_rp2040.c.o
 .text.__aeabi_float_init
                0x10002c60       0x5c CMakeFiles/main.dir/home/Misha/pico_sdk/pico-sdk/src/rp2_common/pico_float/float_init_rom_rp2040.c.o
                0x10002c60                __aeabi_float_init
 .text.__wrap_malloc
                0x10002cbc       0x24 CMakeFiles/main.dir/home/Misha/pico_sdk/pico-sdk/src/rp2_common/pico_malloc/malloc.c.o
                0x10002cbc                __wrap_malloc
 .text.__wrap_realloc
                0x10002ce0       0x24 CMakeFiles/main.dir/home/Misha/pico_sdk/pico-sdk/src/rp2_common/pico_malloc/malloc.c.o
                0x10002ce0                __wrap_realloc
 .text.__wrap_free
                0x10002d04        0x8 CMakeFiles/main.dir/home/Misha/pico_sdk/pico-sdk/src/rp2_common/pico_malloc/malloc.c.o
                0x10002d04                __wrap_free
 .text          0x10002d0c       0x10 CMakeFiles/main.dir/home/Misha/pico_sdk/pico-sdk/src/rp2_common/pico_mem_ops/mem_ops_aeabi.S.o
                0x10002d0c                __aeabi_mem_init
 .text.memset   0x10002d1c        0xc CMakeFiles/main.dir/home/Misha/pico_sdk/pico-sdk/src/rp2_common/pico_mem_ops/mem_ops_aeabi.S.o
                0x10002d1c                __wrap_memset
 .text.memcpy   0x10002d28        0xc CMakeFiles/main.dir/home/Misha/pico_sdk/pico-sdk/src/rp2_common/pico_mem_ops/mem_ops_aeabi.S.o
                0x10002d28                __wrap___aeabi_memcpy
                0x10002d28                __wrap_memcpy
 .text._out_buffer
                0x10002d34        0x8 CMakeFiles/main.dir/home/Misha/pico_sdk/pico-sdk/src/rp2_common/pico_printf/printf.c.o
 .text._out_null
                0x10002d3c        0x4 CMakeFiles/main.dir/home/Misha/pico_sdk/pico-sdk/src/rp2_common/pico_printf/printf.c.o
 .text._out_rev
                0x10002d40       0xac CMakeFiles/main.dir/home/Misha/pico_sdk/pico-sdk/src/rp2_common/pico_printf/printf.c.o
 .text._ntoa_format
                0x10002dec      0x1cc CMakeFiles/main.dir/home/Misha/pico_sdk/pico-sdk/src/rp2_common/pico_printf/printf.c.o
 .text._out_char
                0x10002fb8       0x10 CMakeFiles/main.dir/home/Misha/pico_sdk/pico-sdk/src/rp2_common/pico_printf/printf.c.o
 .text._out_fct
                0x10002fc8       0x10 CMakeFiles/main.dir/home/Misha/pico_sdk/pico-sdk/src/rp2_common/pico_printf/printf.c.o
 .text._ftoa    0x10002fd8      0x4a8 CMakeFiles/main.dir/home/Misha/pico_sdk/pico-sdk/src/rp2_common/pico_printf/printf.c.o
 .text._etoa    0x10003480      0x57c CMakeFiles/main.dir/home/Misha/pico_sdk/pico-sdk/src/rp2_common/pico_printf/printf.c.o
 .text._vsnprintf
                0x100039fc      0xbe0 CMakeFiles/main.dir/home/Misha/pico_sdk/pico-sdk/src/rp2_common/pico_printf/printf.c.o
 .text.__wrap_sprintf
                0x100045dc       0x2c CMakeFiles/main.dir/home/Misha/pico_sdk/pico-sdk/src/rp2_common/pico_printf/printf.c.o
                0x100045dc                __wrap_sprintf
 .text.__wrap_snprintf
                0x10004608       0x28 CMakeFiles/main.dir/home/Misha/pico_sdk/pico-sdk/src/rp2_common/pico_printf/printf.c.o
                0x10004608                __wrap_snprintf
 .text.vfctprintf
                0x10004630       0x24 CMakeFiles/main.dir/home/Misha/pico_sdk/pico-sdk/src/rp2_common/pico_printf/printf.c.o
                0x10004630                vfctprintf
 .text.weak_raw_printf
                0x10004654       0x40 CMakeFiles/main.dir/home/Misha/pico_sdk/pico-sdk/src/rp2_common/pico_printf/printf.c.o
                0x10004654                weak_raw_printf
 .text.weak_raw_vprintf
                0x10004694       0x30 CMakeFiles/main.dir/home/Misha/pico_sdk/pico-sdk/src/rp2_common/pico_printf/printf.c.o
                0x10004694                weak_raw_vprintf
 .text._exit    0x100046c4        0x4 CMakeFiles/main.dir/home/Misha/pico_sdk/pico-sdk/src/rp2_common/pico_clib_interface/newlib_interface.c.o
                0x100046c4                _exit
 .text._sbrk    0x100046c8       0x34 CMakeFiles/main.dir/home/Misha/pico_sdk/pico-sdk/src/rp2_common/pico_clib_interface/newlib_interface.c.o
                0x100046c8                _sbrk
 .text._gettimeofday
                0x100046fc       0x30 CMakeFiles/main.dir/home/Misha/pico_sdk/pico-sdk/src/rp2_common/pico_clib_interface/newlib_interface.c.o
                0x100046fc                _gettimeofday
 .text.settimeofday
                0x1000472c       0x5c CMakeFiles/main.dir/home/Misha/pico_sdk/pico-sdk/src/rp2_common/pico_clib_interface/newlib_interface.c.o
                0x1000472c                settimeofday
 .text._read    0x10004788       0x24 CMakeFiles/main.dir/home/Misha/pico_sdk/pico-sdk/src/rp2_common/pico_clib_interface/newlib_interface.c.o
                0x10004788                _read
 .text._write   0x100047ac       0x24 CMakeFiles/main.dir/home/Misha/pico_sdk/pico-sdk/src/rp2_common/pico_clib_interface/newlib_interface.c.o
                0x100047ac                _write
 .text._close   0x100047d0        0x8 CMakeFiles/main.dir/home/Misha/pico_sdk/pico-sdk/src/rp2_common/pico_clib_interface/newlib_interface.c.o
                0x100047d0                _close
 .text._lseek   0x100047d8        0x8 CMakeFiles/main.dir/home/Misha/pico_sdk/pico-sdk/src/rp2_common/pico_clib_interface/newlib_interface.c.o
                0x100047d8                _lseek
 .text._fstat   0x100047e0        0x8 CMakeFiles/main.dir/home/Misha/pico_sdk/pico-sdk/src/rp2_common/pico_clib_interface/newlib_interface.c.o
                0x100047e0                _fstat
 .text._isatty  0x100047e8        0xc CMakeFiles/main.dir/home/Misha/pico_sdk/pico-sdk/src/rp2_common/pico_clib_interface/newlib_interface.c.o
                0x100047e8                _isatty
 .text.exit     0x100047f4        0x8 CMakeFiles/main.dir/home/Misha/pico_sdk/pico-sdk/src/rp2_common/pico_clib_interface/newlib_interface.c.o
                0x100047f4                exit
 .text.__assert_func
                0x100047fc       0x38 CMakeFiles/main.dir/home/Misha/pico_sdk/pico-sdk/src/rp2_common/pico_clib_interface/newlib_interface.c.o
                0x100047fc                __assert_func
 .text.runtime_init
                0x10004834       0x2c CMakeFiles/main.dir/home/Misha/pico_sdk/pico-sdk/src/rp2_common/pico_clib_interface/newlib_interface.c.o
                0x10004834                runtime_init
 .text.stdio_out_chars_no_crlf
                0x10004860       0x10 CMakeFiles/main.dir/home/Misha/pico_sdk/pico-sdk/src/rp2_common/pico_stdio/stdio.c.o
 .text.stdio_out_chars_crlf
                0x10004870       0xb0 CMakeFiles/main.dir/home/Misha/pico_sdk/pico-sdk/src/rp2_common/pico_stdio/stdio.c.o
 .text.stdio_buffered_printer
                0x10004920       0x64 CMakeFiles/main.dir/home/Misha/pico_sdk/pico-sdk/src/rp2_common/pico_stdio/stdio.c.o
 .text.stdio_put_string
                0x10004984       0xfc CMakeFiles/main.dir/home/Misha/pico_sdk/pico-sdk/src/rp2_common/pico_stdio/stdio.c.o
                0x10004984                stdio_put_string
 .text.stdio_get_until
                0x10004a80       0x84 CMakeFiles/main.dir/home/Misha/pico_sdk/pico-sdk/src/rp2_common/pico_stdio/stdio.c.o
                0x10004a80                stdio_get_until
 .text.stdio_set_driver_enabled
                0x10004b04       0x30 CMakeFiles/main.dir/home/Misha/pico_sdk/pico-sdk/src/rp2_common/pico_stdio/stdio.c.o
                0x10004b04                stdio_set_driver_enabled
 .text.stdio_init_all
                0x10004b34        0x8 CMakeFiles/main.dir/home/Misha/pico_sdk/pico-sdk/src/rp2_common/pico_stdio/stdio.c.o
                0x10004b34                stdio_init_all
 .text.__wrap_putchar
                0x10004b3c       0x94 CMakeFiles/main.dir/home/Misha/pico_sdk/pico-sdk/src/rp2_common/pico_stdio/stdio.c.o
                0x10004b3c                stdio_putchar
                0x10004b3c                __wrap_putchar
 .text.__wrap_puts
                0x10004bd0       0x3c CMakeFiles/main.dir/home/Misha/pico_sdk/pico-sdk/src/rp2_common/pico_stdio/stdio.c.o
                0x10004bd0                __wrap_puts
                0x10004bd0                stdio_puts
 .text.__wrap_vprintf
                0x10004c0c       0xcc CMakeFiles/main.dir/home/Misha/pico_sdk/pico-sdk/src/rp2_common/pico_stdio/stdio.c.o
                0x10004c0c                __wrap_vprintf
                0x10004c0c                stdio_vprintf
 .text.__wrap_printf
                0x10004cd8       0x18 CMakeFiles/main.dir/home/Misha/pico_sdk/pico-sdk/src/rp2_common/pico_stdio/stdio.c.o
                0x10004cd8                stdio_printf
                0x10004cd8                __wrap_printf
 .text.resetd_init
                0x10004cf0        0x4 CMakeFiles/main.dir/home/Misha/pico_sdk/pico-sdk/src/rp2_common/pico_stdio_usb/reset_interface.c.o
 .text.resetd_reset
                0x10004cf4        0xc CMakeFiles/main.dir/home/Misha/pico_sdk/pico-sdk/src/rp2_common/pico_stdio_usb/reset_interface.c.o
 .text.resetd_open
                0x10004d00       0x28 CMakeFiles/main.dir/home/Misha/pico_sdk/pico-sdk/src/rp2_common/pico_stdio_usb/reset_interface.c.o
 .text.resetd_xfer_cb
                0x10004d28        0x4 CMakeFiles/main.dir/home/Misha/pico_sdk/pico-sdk/src/rp2_common/pico_stdio_usb/reset_interface.c.o
 .text.resetd_control_xfer_cb
                0x10004d2c       0x54 CMakeFiles/main.dir/home/Misha/pico_sdk/pico-sdk/src/rp2_common/pico_stdio_usb/reset_interface.c.o
 .text.tud_descriptor_bos_cb
                0x10004d80        0x8 CMakeFiles/main.dir/home/Misha/pico_sdk/pico-sdk/src/rp2_common/pico_stdio_usb/reset_interface.c.o
                0x10004d80                tud_descriptor_bos_cb
 .text.tud_vendor_control_xfer_cb
                0x10004d88       0x34 CMakeFiles/main.dir/home/Misha/pico_sdk/pico-sdk/src/rp2_common/pico_stdio_usb/reset_interface.c.o
                0x10004d88                tud_vendor_control_xfer_cb
 .text.usbd_app_driver_get_cb
                0x10004dbc        0xc CMakeFiles/main.dir/home/Misha/pico_sdk/pico-sdk/src/rp2_common/pico_stdio_usb/reset_interface.c.o
                0x10004dbc                usbd_app_driver_get_cb
 .text.tud_cdc_line_coding_cb
                0x10004dc8       0x2c CMakeFiles/main.dir/home/Misha/pico_sdk/pico-sdk/src/rp2_common/pico_stdio_usb/reset_interface.c.o
                0x10004dc8                tud_cdc_line_coding_cb
 .text.stdio_usb_set_chars_available_callback
                0x10004df4       0x14 CMakeFiles/main.dir/home/Misha/pico_sdk/pico-sdk/src/rp2_common/pico_stdio_usb/stdio_usb.c.o
                0x10004df4                stdio_usb_set_chars_available_callback
 .text.usb_irq  0x10004e08       0x10 CMakeFiles/main.dir/home/Misha/pico_sdk/pico-sdk/src/rp2_common/pico_stdio_usb/stdio_usb.c.o
 .text.timer_task
                0x10004e18       0x64 CMakeFiles/main.dir/home/Misha/pico_sdk/pico-sdk/src/rp2_common/pico_stdio_usb/stdio_usb.c.o
 .text.stdio_usb_in_chars
                0x10004e7c       0x8c CMakeFiles/main.dir/home/Misha/pico_sdk/pico-sdk/src/rp2_common/pico_stdio_usb/stdio_usb.c.o
                0x10004e7c                stdio_usb_in_chars
 .text.stdio_usb_out_flush
                0x10004f08       0x4c CMakeFiles/main.dir/home/Misha/pico_sdk/pico-sdk/src/rp2_common/pico_stdio_usb/stdio_usb.c.o
 .text.stdio_usb_out_chars
                0x10004f54      0x100 CMakeFiles/main.dir/home/Misha/pico_sdk/pico-sdk/src/rp2_common/pico_stdio_usb/stdio_usb.c.o
 .text.low_priority_worker_irq
                0x10005054       0xc8 CMakeFiles/main.dir/home/Misha/pico_sdk/pico-sdk/src/rp2_common/pico_stdio_usb/stdio_usb.c.o
 .text.stdio_usb_init
                0x1000511c       0xe4 CMakeFiles/main.dir/home/Misha/pico_sdk/pico-sdk/src/rp2_common/pico_stdio_usb/stdio_usb.c.o
                0x1000511c                stdio_usb_init
 .text.stdio_usb_connected
                0x10005200        0xc CMakeFiles/main.dir/home/Misha/pico_sdk/pico-sdk/src/rp2_common/pico_stdio_usb/stdio_usb.c.o
                0x10005200                stdio_usb_connected
 .text.tud_descriptor_device_cb
                0x1000520c        0x8 CMakeFiles/main.dir/home/Misha/pico_sdk/pico-sdk/src/rp2_common/pico_stdio_usb/stdio_usb_descriptors.c.o
                0x1000520c                tud_descriptor_device_cb
 .text.tud_descriptor_configuration_cb
                0x10005214        0x8 CMakeFiles/main.dir/home/Misha/pico_sdk/pico-sdk/src/rp2_common/pico_stdio_usb/stdio_usb_descriptors.c.o
                0x10005214                tud_descriptor_configuration_cb
 .text.tud_descriptor_string_cb
                0x1000521c       0x78 CMakeFiles/main.dir/home/Misha/pico_sdk/pico-sdk/src/rp2_common/pico_stdio_usb/stdio_usb_descriptors.c.o
                0x1000521c                tud_descriptor_string_cb
 .text.startup._retrieve_unique_id_on_boot
                0x10005294       0x10 CMakeFiles/main.dir/home/Misha/pico_sdk/pico-sdk/src/rp2_common/pico_unique_id/unique_id.c.o
 .text.pico_get_unique_board_id
                0x100052a4       0x10 CMakeFiles/main.dir/home/Misha/pico_sdk/pico-sdk/src/rp2_common/pico_unique_id/unique_id.c.o
                0x100052a4                pico_get_unique_board_id
 .text.pico_get_unique_board_id_string
                0x100052b4      0x1a8 CMakeFiles/main.dir/home/Misha/pico_sdk/pico-sdk/src/rp2_common/pico_unique_id/unique_id.c.o
                0x100052b4                pico_get_unique_board_id_string
 .text.flash_get_unique_id
                0x1000545c       0x3c CMakeFiles/main.dir/home/Misha/pico_sdk/pico-sdk/src/rp2_common/hardware_flash/flash.c.o
                0x1000545c                flash_get_unique_id
 .text.dcd_init
                0x10005498       0x8c CMakeFiles/main.dir/home/Misha/pico_sdk/pico-sdk/lib/tinyusb/src/portable/raspberrypi/rp2040/dcd_rp2040.c.o
                0x10005498                dcd_init
 .text.dcd_int_enable
                0x10005524        0xc CMakeFiles/main.dir/home/Misha/pico_sdk/pico-sdk/lib/tinyusb/src/portable/raspberrypi/rp2040/dcd_rp2040.c.o
                0x10005524                dcd_int_enable
 .text.dcd_set_address
                0x10005530       0x14 CMakeFiles/main.dir/home/Misha/pico_sdk/pico-sdk/lib/tinyusb/src/portable/raspberrypi/rp2040/dcd_rp2040.c.o
                0x10005530                dcd_set_address
 .text.dcd_sof_enable
                0x10005544       0x1c CMakeFiles/main.dir/home/Misha/pico_sdk/pico-sdk/lib/tinyusb/src/portable/raspberrypi/rp2040/dcd_rp2040.c.o
                0x10005544                dcd_sof_enable
 .text.dcd_edpt0_status_complete
                0x10005560       0x1c CMakeFiles/main.dir/home/Misha/pico_sdk/pico-sdk/lib/tinyusb/src/portable/raspberrypi/rp2040/dcd_rp2040.c.o
                0x10005560                dcd_edpt0_status_complete
 .text.dcd_edpt_open
                0x1000557c      0x108 CMakeFiles/main.dir/home/Misha/pico_sdk/pico-sdk/lib/tinyusb/src/portable/raspberrypi/rp2040/dcd_rp2040.c.o
                0x1000557c                dcd_edpt_open
 .text.dcd_edpt_close_all
                0x10005684        0x8 CMakeFiles/main.dir/home/Misha/pico_sdk/pico-sdk/lib/tinyusb/src/portable/raspberrypi/rp2040/dcd_rp2040.c.o
                0x10005684                dcd_edpt_close_all
 .text.dcd_edpt_xfer
                0x1000568c       0x24 CMakeFiles/main.dir/home/Misha/pico_sdk/pico-sdk/lib/tinyusb/src/portable/raspberrypi/rp2040/dcd_rp2040.c.o
                0x1000568c                dcd_edpt_xfer
 .text.dcd_edpt_stall
                0x100056b0       0x3c CMakeFiles/main.dir/home/Misha/pico_sdk/pico-sdk/lib/tinyusb/src/portable/raspberrypi/rp2040/dcd_rp2040.c.o
                0x100056b0                dcd_edpt_stall
 .text.dcd_edpt_clear_stall
                0x100056ec       0x30 CMakeFiles/main.dir/home/Misha/pico_sdk/pico-sdk/lib/tinyusb/src/portable/raspberrypi/rp2040/dcd_rp2040.c.o
                0x100056ec                dcd_edpt_clear_stall
 .text.rp2040_usb_init
                0x1000571c       0x40 CMakeFiles/main.dir/home/Misha/pico_sdk/pico-sdk/lib/tinyusb/src/portable/raspberrypi/rp2040/rp2040_usb.c.o
                0x1000571c                rp2040_usb_init
 .text.hw_endpoint_xfer_start
                0x1000575c       0x40 CMakeFiles/main.dir/home/Misha/pico_sdk/pico-sdk/lib/tinyusb/src/portable/raspberrypi/rp2040/rp2040_usb.c.o
                0x1000575c                hw_endpoint_xfer_start
 .text.tud_event_hook_cb
                0x1000579c        0x4 CMakeFiles/main.dir/home/Misha/pico_sdk/pico-sdk/lib/tinyusb/src/device/usbd.c.o
                0x1000579c                tud_event_hook_cb
 .text.tud_sof_cb
                0x100057a0        0x4 CMakeFiles/main.dir/home/Misha/pico_sdk/pico-sdk/lib/tinyusb/src/device/usbd.c.o
                0x100057a0                tud_sof_cb
 .text.tud_descriptor_device_qualifier_cb
                0x100057a4        0x4 CMakeFiles/main.dir/home/Misha/pico_sdk/pico-sdk/lib/tinyusb/src/device/usbd.c.o
                0x100057a4                tud_descriptor_device_qualifier_cb
 .text.tud_descriptor_other_speed_configuration_cb
                0x100057a8        0x4 CMakeFiles/main.dir/home/Misha/pico_sdk/pico-sdk/lib/tinyusb/src/device/usbd.c.o
                0x100057a8                tud_descriptor_other_speed_configuration_cb
 .text.tud_mount_cb
                0x100057ac        0x4 CMakeFiles/main.dir/home/Misha/pico_sdk/pico-sdk/lib/tinyusb/src/device/usbd.c.o
                0x100057ac                tud_mount_cb
 .text.tud_umount_cb
                0x100057b0        0x4 CMakeFiles/main.dir/home/Misha/pico_sdk/pico-sdk/lib/tinyusb/src/device/usbd.c.o
                0x100057b0                tud_umount_cb
 .text.tud_suspend_cb
                0x100057b4        0x4 CMakeFiles/main.dir/home/Misha/pico_sdk/pico-sdk/lib/tinyusb/src/device/usbd.c.o
                0x100057b4                tud_suspend_cb
 .text.tud_resume_cb
                0x100057b8        0x4 CMakeFiles/main.dir/home/Misha/pico_sdk/pico-sdk/lib/tinyusb/src/device/usbd.c.o
                0x100057b8                tud_resume_cb
 .text.tud_mounted
                0x100057bc       0x10 CMakeFiles/main.dir/home/Misha/pico_sdk/pico-sdk/lib/tinyusb/src/device/usbd.c.o
                0x100057bc                tud_mounted
 .text.tud_suspended
                0x100057cc       0x10 CMakeFiles/main.dir/home/Misha/pico_sdk/pico-sdk/lib/tinyusb/src/device/usbd.c.o
                0x100057cc                tud_suspended
 .text.tud_init
                0x100057dc       0xe0 CMakeFiles/main.dir/home/Misha/pico_sdk/pico-sdk/lib/tinyusb/src/device/usbd.c.o
                0x100057dc                tud_init
 .text.tud_task_ext
                0x100058bc      0x800 CMakeFiles/main.dir/home/Misha/pico_sdk/pico-sdk/lib/tinyusb/src/device/usbd.c.o
                0x100058bc                tud_task_ext
 .text.usbd_open_edpt_pair
                0x100060bc       0x9c CMakeFiles/main.dir/home/Misha/pico_sdk/pico-sdk/lib/tinyusb/src/device/usbd.c.o
                0x100060bc                usbd_open_edpt_pair
 .text.usbd_edpt_open
                0x10006158       0x34 CMakeFiles/main.dir/home/Misha/pico_sdk/pico-sdk/lib/tinyusb/src/device/usbd.c.o
                0x10006158                usbd_edpt_open
 .text.usbd_edpt_claim
                0x1000618c       0x28 CMakeFiles/main.dir/home/Misha/pico_sdk/pico-sdk/lib/tinyusb/src/device/usbd.c.o
                0x1000618c                usbd_edpt_claim
 .text.usbd_edpt_release
                0x100061b4       0x28 CMakeFiles/main.dir/home/Misha/pico_sdk/pico-sdk/lib/tinyusb/src/device/usbd.c.o
                0x100061b4                usbd_edpt_release
 .text.usbd_edpt_xfer
                0x100061dc       0x4c CMakeFiles/main.dir/home/Misha/pico_sdk/pico-sdk/lib/tinyusb/src/device/usbd.c.o
                0x100061dc                usbd_edpt_xfer
 .text.tud_control_status
                0x10006228       0x2c CMakeFiles/main.dir/home/Misha/pico_sdk/pico-sdk/lib/tinyusb/src/device/usbd_control.c.o
                0x10006228                tud_control_status
 .text.tud_control_xfer
                0x10006254       0xa8 CMakeFiles/main.dir/home/Misha/pico_sdk/pico-sdk/lib/tinyusb/src/device/usbd_control.c.o
                0x10006254                tud_control_xfer
 .text.usbd_control_reset
                0x100062fc       0x14 CMakeFiles/main.dir/home/Misha/pico_sdk/pico-sdk/lib/tinyusb/src/device/usbd_control.c.o
                0x100062fc                usbd_control_reset
 .text.usbd_control_set_complete_callback
                0x10006310        0xc CMakeFiles/main.dir/home/Misha/pico_sdk/pico-sdk/lib/tinyusb/src/device/usbd_control.c.o
                0x10006310                usbd_control_set_complete_callback
 .text.usbd_control_set_request
                0x1000631c       0x1c CMakeFiles/main.dir/home/Misha/pico_sdk/pico-sdk/lib/tinyusb/src/device/usbd_control.c.o
                0x1000631c                usbd_control_set_request
 .text.usbd_control_xfer_cb
                0x10006338       0xec CMakeFiles/main.dir/home/Misha/pico_sdk/pico-sdk/lib/tinyusb/src/device/usbd_control.c.o
                0x10006338                usbd_control_xfer_cb
 .text._prep_out_transaction.isra.0
                0x10006424       0x5c CMakeFiles/main.dir/home/Misha/pico_sdk/pico-sdk/lib/tinyusb/src/class/cdc/cdc_device.c.o
 .text.tud_cdc_n_connected
                0x10006480       0x30 CMakeFiles/main.dir/home/Misha/pico_sdk/pico-sdk/lib/tinyusb/src/class/cdc/cdc_device.c.o
                0x10006480                tud_cdc_n_connected
 .text.tud_cdc_n_available
                0x100064b0       0x18 CMakeFiles/main.dir/home/Misha/pico_sdk/pico-sdk/lib/tinyusb/src/class/cdc/cdc_device.c.o
                0x100064b0                tud_cdc_n_available
 .text.tud_cdc_n_read
                0x100064c8       0x9c CMakeFiles/main.dir/home/Misha/pico_sdk/pico-sdk/lib/tinyusb/src/class/cdc/cdc_device.c.o
                0x100064c8                tud_cdc_n_read
 .text.tud_cdc_n_write_flush
                0x10006564       0x78 CMakeFiles/main.dir/home/Misha/pico_sdk/pico-sdk/lib/tinyusb/src/class/cdc/cdc_device.c.o
                0x10006564                tud_cdc_n_write_flush
 .text.tud_cdc_n_write
                0x100065dc       0x40 CMakeFiles/main.dir/home/Misha/pico_sdk/pico-sdk/lib/tinyusb/src/class/cdc/cdc_device.c.o
                0x100065dc                tud_cdc_n_write
 .text.tud_cdc_n_write_available
                0x1000661c       0x18 CMakeFiles/main.dir/home/Misha/pico_sdk/pico-sdk/lib/tinyusb/src/class/cdc/cdc_device.c.o
                0x1000661c                tud_cdc_n_write_available
 .text.cdcd_init
                0x10006634       0x7c CMakeFiles/main.dir/home/Misha/pico_sdk/pico-sdk/lib/tinyusb/src/class/cdc/cdc_device.c.o
                0x10006634                cdcd_init
 .text.cdcd_deinit
                0x100066b0       0x30 CMakeFiles/main.dir/home/Misha/pico_sdk/pico-sdk/lib/tinyusb/src/class/cdc/cdc_device.c.o
                0x100066b0                cdcd_deinit
 .text.cdcd_reset
                0x100066e0       0x4c CMakeFiles/main.dir/home/Misha/pico_sdk/pico-sdk/lib/tinyusb/src/class/cdc/cdc_device.c.o
                0x100066e0                cdcd_reset
 .text.cdcd_open
                0x1000672c       0xb0 CMakeFiles/main.dir/home/Misha/pico_sdk/pico-sdk/lib/tinyusb/src/class/cdc/cdc_device.c.o
                0x1000672c                cdcd_open
 .text.cdcd_control_xfer_cb
                0x100067dc       0xe4 CMakeFiles/main.dir/home/Misha/pico_sdk/pico-sdk/lib/tinyusb/src/class/cdc/cdc_device.c.o
                0x100067dc                cdcd_control_xfer_cb
 .text.cdcd_xfer_cb
                0x100068c0      0x100 CMakeFiles/main.dir/home/Misha/pico_sdk/pico-sdk/lib/tinyusb/src/class/cdc/cdc_device.c.o
                0x100068c0                cdcd_xfer_cb
 .text.vendord_init
                0x100069c0       0x5c CMakeFiles/main.dir/home/Misha/pico_sdk/pico-sdk/lib/tinyusb/src/class/vendor/vendor_device.c.o
                0x100069c0                vendord_init
 .text.vendord_deinit
                0x10006a1c       0x1c CMakeFiles/main.dir/home/Misha/pico_sdk/pico-sdk/lib/tinyusb/src/class/vendor/vendor_device.c.o
                0x10006a1c                vendord_deinit
 .text.vendord_reset
                0x10006a38       0x20 CMakeFiles/main.dir/home/Misha/pico_sdk/pico-sdk/lib/tinyusb/src/class/vendor/vendor_device.c.o
                0x10006a38                vendord_reset
 .text.vendord_open
                0x10006a58      0x128 CMakeFiles/main.dir/home/Misha/pico_sdk/pico-sdk/lib/tinyusb/src/class/vendor/vendor_device.c.o
                0x10006a58                vendord_open
 .text.vendord_xfer_cb
                0x10006b80       0x9c CMakeFiles/main.dir/home/Misha/pico_sdk/pico-sdk/lib/tinyusb/src/class/vendor/vendor_device.c.o
                0x10006b80                vendord_xfer_cb
 .text.tusb_init
                0x10006c1c        0xc CMakeFiles/main.dir/home/Misha/pico_sdk/pico-sdk/lib/tinyusb/src/tusb.c.o
                0x10006c1c                tusb_init
 .text.tu_edpt_claim
                0x10006c28       0x50 CMakeFiles/main.dir/home/Misha/pico_sdk/pico-sdk/lib/tinyusb/src/tusb.c.o
                0x10006c28                tu_edpt_claim
 .text.tu_edpt_release
                0x10006c78       0x38 CMakeFiles/main.dir/home/Misha/pico_sdk/pico-sdk/lib/tinyusb/src/tusb.c.o
                0x10006c78                tu_edpt_release
 .text.tu_edpt_validate
                0x10006cb0       0x7c CMakeFiles/main.dir/home/Misha/pico_sdk/pico-sdk/lib/tinyusb/src/tusb.c.o
                0x10006cb0                tu_edpt_validate
 .text.tu_edpt_bind_driver
                0x10006d2c       0x34 CMakeFiles/main.dir/home/Misha/pico_sdk/pico-sdk/lib/tinyusb/src/tusb.c.o
                0x10006d2c                tu_edpt_bind_driver
 .text.tu_edpt_stream_init
                0x10006d60       0x6c CMakeFiles/main.dir/home/Misha/pico_sdk/pico-sdk/lib/tinyusb/src/tusb.c.o
                0x10006d60                tu_edpt_stream_init
 .text.tu_edpt_stream_deinit
                0x10006dcc        0x4 CMakeFiles/main.dir/home/Misha/pico_sdk/pico-sdk/lib/tinyusb/src/tusb.c.o
                0x10006dcc                tu_edpt_stream_deinit
 .text.tu_edpt_stream_write_zlp_if_needed
                0x10006dd0       0x68 CMakeFiles/main.dir/home/Misha/pico_sdk/pico-sdk/lib/tinyusb/src/tusb.c.o
                0x10006dd0                tu_edpt_stream_write_zlp_if_needed
 .text.tu_edpt_stream_write_xfer
                0x10006e38       0x68 CMakeFiles/main.dir/home/Misha/pico_sdk/pico-sdk/lib/tinyusb/src/tusb.c.o
                0x10006e38                tu_edpt_stream_write_xfer
 .text.tu_edpt_stream_read_xfer
                0x10006ea0       0xd8 CMakeFiles/main.dir/home/Misha/pico_sdk/pico-sdk/lib/tinyusb/src/tusb.c.o
                0x10006ea0                tu_edpt_stream_read_xfer
 .text.tu_fifo_config
                0x10006f78       0x6c CMakeFiles/main.dir/home/Misha/pico_sdk/pico-sdk/lib/tinyusb/src/common/tusb_fifo.c.o
                0x10006f78                tu_fifo_config
 .text.tu_fifo_count
                0x10006fe4       0x2c CMakeFiles/main.dir/home/Misha/pico_sdk/pico-sdk/lib/tinyusb/src/common/tusb_fifo.c.o
                0x10006fe4                tu_fifo_count
 .text.tu_fifo_empty
                0x10007010       0x10 CMakeFiles/main.dir/home/Misha/pico_sdk/pico-sdk/lib/tinyusb/src/common/tusb_fifo.c.o
                0x10007010                tu_fifo_empty
 .text.tu_fifo_remaining
                0x10007020       0x2c CMakeFiles/main.dir/home/Misha/pico_sdk/pico-sdk/lib/tinyusb/src/common/tusb_fifo.c.o
                0x10007020                tu_fifo_remaining
 .text.tu_fifo_read
                0x1000704c       0x9c CMakeFiles/main.dir/home/Misha/pico_sdk/pico-sdk/lib/tinyusb/src/common/tusb_fifo.c.o
                0x1000704c                tu_fifo_read
 .text.tu_fifo_read_n
                0x100070e8       0xe8 CMakeFiles/main.dir/home/Misha/pico_sdk/pico-sdk/lib/tinyusb/src/common/tusb_fifo.c.o
                0x100070e8                tu_fifo_read_n
 .text.tu_fifo_write
                0x100071d0       0xa4 CMakeFiles/main.dir/home/Misha/pico_sdk/pico-sdk/lib/tinyusb/src/common/tusb_fifo.c.o
                0x100071d0                tu_fifo_write
 .text.tu_fifo_write_n
                0x10007274      0x178 CMakeFiles/main.dir/home/Misha/pico_sdk/pico-sdk/lib/tinyusb/src/common/tusb_fifo.c.o
                0x10007274                tu_fifo_write_n
 .text.tu_fifo_clear
                0x100073ec       0x40 CMakeFiles/main.dir/home/Misha/pico_sdk/pico-sdk/lib/tinyusb/src/common/tusb_fifo.c.o
                0x100073ec                tu_fifo_clear
 .text.tu_fifo_set_overwritable
                0x1000742c       0x48 CMakeFiles/main.dir/home/Misha/pico_sdk/pico-sdk/lib/tinyusb/src/common/tusb_fifo.c.o
                0x1000742c                tu_fifo_set_overwritable
 .text.spi_init
                0x10007474      0x13c CMakeFiles/main.dir/home/Misha/pico_sdk/pico-sdk/src/rp2_common/hardware_spi/spi.c.o
                0x10007474                spi_init
 .text.i2c_set_baudrate
                0x100075b0       0xc0 CMakeFiles/main.dir/home/Misha/pico_sdk/pico-sdk/src/rp2_common/hardware_i2c/i2c.c.o
                0x100075b0                i2c_set_baudrate
 .text.i2c_init
                0x10007670       0x50 CMakeFiles/main.dir/home/Misha/pico_sdk/pico-sdk/src/rp2_common/hardware_i2c/i2c.c.o
                0x10007670                i2c_init
 .text.lwip_timeout_reached
                0x100076c0        0x8 CMakeFiles/main.dir/home/Misha/pico_sdk/pico-sdk/src/rp2_common/pico_lwip/lwip_nosys.c.o
 .text.update_next_timeout
                0x100076c8       0x5c CMakeFiles/main.dir/home/Misha/pico_sdk/pico-sdk/src/rp2_common/pico_lwip/lwip_nosys.c.o
 .text.lwip_nosys_init
                0x10007724       0x30 CMakeFiles/main.dir/home/Misha/pico_sdk/pico-sdk/src/rp2_common/pico_lwip/lwip_nosys.c.o
                0x10007724                lwip_nosys_init
 .text.lwip_nosys_deinit
                0x10007754       0x20 CMakeFiles/main.dir/home/Misha/pico_sdk/pico-sdk/src/rp2_common/pico_lwip/lwip_nosys.c.o
                0x10007754                lwip_nosys_deinit
 .text.sys_arch_protect
                0x10007774        0x4 CMakeFiles/main.dir/home/Misha/pico_sdk/pico-sdk/src/rp2_common/pico_lwip/lwip_nosys.c.o
                0x10007774                sys_arch_protect
 .text.sys_arch_unprotect
                0x10007778        0x4 CMakeFiles/main.dir/home/Misha/pico_sdk/pico-sdk/src/rp2_common/pico_lwip/lwip_nosys.c.o
                0x10007778                sys_arch_unprotect
 .text.sys_now  0x1000777c       0x20 CMakeFiles/main.dir/home/Misha/pico_sdk/pico-sdk/src/rp2_common/pico_lwip/lwip_nosys.c.o
                0x1000777c                sys_now
 .text.async_context_base_add_at_time_worker
                0x1000779c       0x28 CMakeFiles/main.dir/home/Misha/pico_sdk/pico-sdk/src/rp2_common/pico_async_context/async_context_base.c.o
                0x1000779c                async_context_base_add_at_time_worker
 .text.async_context_base_remove_at_time_worker
                0x100077c4       0x24 CMakeFiles/main.dir/home/Misha/pico_sdk/pico-sdk/src/rp2_common/pico_async_context/async_context_base.c.o
                0x100077c4                async_context_base_remove_at_time_worker
 .text.async_context_base_add_when_pending_worker
                0x100077e8       0x24 CMakeFiles/main.dir/home/Misha/pico_sdk/pico-sdk/src/rp2_common/pico_async_context/async_context_base.c.o
                0x100077e8                async_context_base_add_when_pending_worker
 .text.async_context_base_remove_when_pending_worker
                0x1000780c       0x24 CMakeFiles/main.dir/home/Misha/pico_sdk/pico-sdk/src/rp2_common/pico_async_context/async_context_base.c.o
                0x1000780c                async_context_base_remove_when_pending_worker
 .text.async_context_base_execute_once
                0x10007830      0x108 CMakeFiles/main.dir/home/Misha/pico_sdk/pico-sdk/src/rp2_common/pico_async_context/async_context_base.c.o
                0x10007830                async_context_base_execute_once
 .text.splitmix64
                0x10007938       0x58 CMakeFiles/main.dir/home/Misha/pico_sdk/pico-sdk/src/rp2_common/pico_rand/rand.c.o
 .text.xoroshiro128ss
                0x10007990       0x90 CMakeFiles/main.dir/home/Misha/pico_sdk/pico-sdk/src/rp2_common/pico_rand/rand.c.o
 .text.get_rand_64
                0x10007a20      0x47c CMakeFiles/main.dir/home/Misha/pico_sdk/pico-sdk/src/rp2_common/pico_rand/rand.c.o
                0x10007a20                get_rand_64
 .text.get_rand_32
                0x10007e9c        0x8 CMakeFiles/main.dir/home/Misha/pico_sdk/pico-sdk/src/rp2_common/pico_rand/rand.c.o
                0x10007e9c                get_rand_32
 .text.lwip_init
                0x10007ea4       0x24 CMakeFiles/main.dir/home/Misha/pico_sdk/pico-sdk/lib/lwip/src/core/init.c.o
                0x10007ea4                lwip_init
 .text.lwip_htons
                0x10007ec8        0x8 CMakeFiles/main.dir/home/Misha/pico_sdk/pico-sdk/lib/lwip/src/core/def.c.o
                0x10007ec8                lwip_htons
 .text.lwip_htonl
                0x10007ed0        0x4 CMakeFiles/main.dir/home/Misha/pico_sdk/pico-sdk/lib/lwip/src/core/def.c.o
                0x10007ed0                lwip_htonl
 .text.lwip_strnicmp
                0x10007ed4       0x40 CMakeFiles/main.dir/home/Misha/pico_sdk/pico-sdk/lib/lwip/src/core/def.c.o
                0x10007ed4                lwip_strnicmp
 .text.dns_call_found
                0x10007f14      0x184 CMakeFiles/main.dir/home/Misha/pico_sdk/pico-sdk/lib/lwip/src/core/dns.c.o
 .text.dns_send.isra.0
                0x10008098      0x174 CMakeFiles/main.dir/home/Misha/pico_sdk/pico-sdk/lib/lwip/src/core/dns.c.o
 .text.dns_check_entry
                0x1000820c      0x120 CMakeFiles/main.dir/home/Misha/pico_sdk/pico-sdk/lib/lwip/src/core/dns.c.o
 .text.dns_recv
                0x1000832c      0x394 CMakeFiles/main.dir/home/Misha/pico_sdk/pico-sdk/lib/lwip/src/core/dns.c.o
 .text.dns_init
                0x100086c0        0x4 CMakeFiles/main.dir/home/Misha/pico_sdk/pico-sdk/lib/lwip/src/core/dns.c.o
                0x100086c0                dns_init
 .text.dns_setserver
                0x100086c4       0x24 CMakeFiles/main.dir/home/Misha/pico_sdk/pico-sdk/lib/lwip/src/core/dns.c.o
                0x100086c4                dns_setserver
 .text.dns_tmr  0x100086e8      0x130 CMakeFiles/main.dir/home/Misha/pico_sdk/pico-sdk/lib/lwip/src/core/dns.c.o
                0x100086e8                dns_tmr
 .text.dns_gethostbyname_addrtype
                0x10008818      0x660 CMakeFiles/main.dir/home/Misha/pico_sdk/pico-sdk/lib/lwip/src/core/dns.c.o
                0x10008818                dns_gethostbyname_addrtype
 .text.dns_gethostbyname
                0x10008e78       0x10 CMakeFiles/main.dir/home/Misha/pico_sdk/pico-sdk/lib/lwip/src/core/dns.c.o
                0x10008e78                dns_gethostbyname
 .text.lwip_standard_chksum
                0x10008e88       0xf4 CMakeFiles/main.dir/home/Misha/pico_sdk/pico-sdk/lib/lwip/src/core/inet_chksum.c.o
                0x10008e88                lwip_standard_chksum
 .text.inet_chksum_pseudo
                0x10008f7c       0xbc CMakeFiles/main.dir/home/Misha/pico_sdk/pico-sdk/lib/lwip/src/core/inet_chksum.c.o
                0x10008f7c                inet_chksum_pseudo
 .text.ip_chksum_pseudo
                0x10009038       0x10 CMakeFiles/main.dir/home/Misha/pico_sdk/pico-sdk/lib/lwip/src/core/inet_chksum.c.o
                0x10009038                ip_chksum_pseudo
 .text.inet_chksum
                0x10009048        0xc CMakeFiles/main.dir/home/Misha/pico_sdk/pico-sdk/lib/lwip/src/core/inet_chksum.c.o
                0x10009048                inet_chksum
 .text.inet_chksum_pbuf
                0x10009054       0x78 CMakeFiles/main.dir/home/Misha/pico_sdk/pico-sdk/lib/lwip/src/core/inet_chksum.c.o
                0x10009054                inet_chksum_pbuf
 .text.mem_init
                0x100090cc       0x3c CMakeFiles/main.dir/home/Misha/pico_sdk/pico-sdk/lib/lwip/src/core/mem.c.o
                0x100090cc                mem_init
 .text.mem_free
                0x10009108      0x13c CMakeFiles/main.dir/home/Misha/pico_sdk/pico-sdk/lib/lwip/src/core/mem.c.o
                0x10009108                mem_free
 .text.mem_trim
                0x10009244      0x104 CMakeFiles/main.dir/home/Misha/pico_sdk/pico-sdk/lib/lwip/src/core/mem.c.o
                0x10009244                mem_trim
 .text.mem_malloc
                0x10009348      0x130 CMakeFiles/main.dir/home/Misha/pico_sdk/pico-sdk/lib/lwip/src/core/mem.c.o
                0x10009348                mem_malloc
 .text.memp_init
                0x10009478       0x6c CMakeFiles/main.dir/home/Misha/pico_sdk/pico-sdk/lib/lwip/src/core/memp.c.o
                0x10009478                memp_init
 .text.memp_malloc
                0x100094e4       0x40 CMakeFiles/main.dir/home/Misha/pico_sdk/pico-sdk/lib/lwip/src/core/memp.c.o
                0x100094e4                memp_malloc
 .text.memp_free
                0x10009524       0x38 CMakeFiles/main.dir/home/Misha/pico_sdk/pico-sdk/lib/lwip/src/core/memp.c.o
                0x10009524                memp_free
 .text.netif_null_output_ip4
                0x1000955c        0x8 CMakeFiles/main.dir/home/Misha/pico_sdk/pico-sdk/lib/lwip/src/core/netif.c.o
 .text.netif_do_set_ipaddr.isra.0
                0x10009564       0x70 CMakeFiles/main.dir/home/Misha/pico_sdk/pico-sdk/lib/lwip/src/core/netif.c.o
 .text.netif_init
                0x100095d4        0x4 CMakeFiles/main.dir/home/Misha/pico_sdk/pico-sdk/lib/lwip/src/core/netif.c.o
                0x100095d4                netif_init
 .text.netif_add
                0x100095d8      0x174 CMakeFiles/main.dir/home/Misha/pico_sdk/pico-sdk/lib/lwip/src/core/netif.c.o
                0x100095d8                netif_add
 .text.netif_set_ipaddr
                0x1000974c       0x70 CMakeFiles/main.dir/home/Misha/pico_sdk/pico-sdk/lib/lwip/src/core/netif.c.o
                0x1000974c                netif_set_ipaddr
 .text.netif_set_netmask
                0x100097bc       0x1c CMakeFiles/main.dir/home/Misha/pico_sdk/pico-sdk/lib/lwip/src/core/netif.c.o
                0x100097bc                netif_set_netmask
 .text.netif_set_gw
                0x100097d8       0x1c CMakeFiles/main.dir/home/Misha/pico_sdk/pico-sdk/lib/lwip/src/core/netif.c.o
                0x100097d8                netif_set_gw
 .text.netif_set_addr
                0x100097f4       0xb4 CMakeFiles/main.dir/home/Misha/pico_sdk/pico-sdk/lib/lwip/src/core/netif.c.o
                0x100097f4                netif_set_addr
 .text.netif_remove
                0x100098a8       0x94 CMakeFiles/main.dir/home/Misha/pico_sdk/pico-sdk/lib/lwip/src/core/netif.c.o
                0x100098a8                netif_remove
 .text.netif_set_default
                0x1000993c        0xc CMakeFiles/main.dir/home/Misha/pico_sdk/pico-sdk/lib/lwip/src/core/netif.c.o
                0x1000993c                netif_set_default
 .text.netif_set_up
                0x10009948       0x40 CMakeFiles/main.dir/home/Misha/pico_sdk/pico-sdk/lib/lwip/src/core/netif.c.o
                0x10009948                netif_set_up
 .text.netif_set_link_up
                0x10009988       0x44 CMakeFiles/main.dir/home/Misha/pico_sdk/pico-sdk/lib/lwip/src/core/netif.c.o
                0x10009988                netif_set_link_up
 .text.netif_set_link_down
                0x100099cc       0x20 CMakeFiles/main.dir/home/Misha/pico_sdk/pico-sdk/lib/lwip/src/core/netif.c.o
                0x100099cc                netif_set_link_down
 .text.netif_get_by_index
                0x100099ec       0x2c CMakeFiles/main.dir/home/Misha/pico_sdk/pico-sdk/lib/lwip/src/core/netif.c.o
                0x100099ec                netif_get_by_index
 .text.pbuf_free.part.0
                0x10009a18       0x7c CMakeFiles/main.dir/home/Misha/pico_sdk/pico-sdk/lib/lwip/src/core/pbuf.c.o
 .text.pbuf_free_ooseq
                0x10009a94       0x34 CMakeFiles/main.dir/home/Misha/pico_sdk/pico-sdk/lib/lwip/src/core/pbuf.c.o
                0x10009a94                pbuf_free_ooseq
 .text.pbuf_alloc
                0x10009ac8      0x134 CMakeFiles/main.dir/home/Misha/pico_sdk/pico-sdk/lib/lwip/src/core/pbuf.c.o
                0x10009ac8                pbuf_alloc
 .text.pbuf_realloc
                0x10009bfc       0x84 CMakeFiles/main.dir/home/Misha/pico_sdk/pico-sdk/lib/lwip/src/core/pbuf.c.o
                0x10009bfc                pbuf_realloc
 .text.pbuf_add_header
                0x10009c80       0x54 CMakeFiles/main.dir/home/Misha/pico_sdk/pico-sdk/lib/lwip/src/core/pbuf.c.o
                0x10009c80                pbuf_add_header
 .text.pbuf_remove_header
                0x10009cd4       0x3c CMakeFiles/main.dir/home/Misha/pico_sdk/pico-sdk/lib/lwip/src/core/pbuf.c.o
                0x10009cd4                pbuf_remove_header
 .text.pbuf_header_force
                0x10009d10       0x68 CMakeFiles/main.dir/home/Misha/pico_sdk/pico-sdk/lib/lwip/src/core/pbuf.c.o
                0x10009d10                pbuf_header_force
 .text.pbuf_free_header
                0x10009d78       0x44 CMakeFiles/main.dir/home/Misha/pico_sdk/pico-sdk/lib/lwip/src/core/pbuf.c.o
                0x10009d78                pbuf_free_header
 .text.pbuf_free
                0x10009dbc       0x18 CMakeFiles/main.dir/home/Misha/pico_sdk/pico-sdk/lib/lwip/src/core/pbuf.c.o
                0x10009dbc                pbuf_free
 .text.pbuf_clen
                0x10009dd4       0x14 CMakeFiles/main.dir/home/Misha/pico_sdk/pico-sdk/lib/lwip/src/core/pbuf.c.o
                0x10009dd4                pbuf_clen
 .text.pbuf_ref
                0x10009de8       0x28 CMakeFiles/main.dir/home/Misha/pico_sdk/pico-sdk/lib/lwip/src/core/pbuf.c.o
                0x10009de8                pbuf_ref
 .text.pbuf_cat
                0x10009e10       0x44 CMakeFiles/main.dir/home/Misha/pico_sdk/pico-sdk/lib/lwip/src/core/pbuf.c.o
                0x10009e10                pbuf_cat
 .text.pbuf_chain
                0x10009e54       0x64 CMakeFiles/main.dir/home/Misha/pico_sdk/pico-sdk/lib/lwip/src/core/pbuf.c.o
                0x10009e54                pbuf_chain
 .text.pbuf_copy_partial_pbuf
                0x10009eb8      0x158 CMakeFiles/main.dir/home/Misha/pico_sdk/pico-sdk/lib/lwip/src/core/pbuf.c.o
                0x10009eb8                pbuf_copy_partial_pbuf
 .text.pbuf_copy
                0x1000a010       0x18 CMakeFiles/main.dir/home/Misha/pico_sdk/pico-sdk/lib/lwip/src/core/pbuf.c.o
                0x1000a010                pbuf_copy
 .text.pbuf_copy_partial
                0x1000a028       0x70 CMakeFiles/main.dir/home/Misha/pico_sdk/pico-sdk/lib/lwip/src/core/pbuf.c.o
                0x1000a028                pbuf_copy_partial
 .text.pbuf_take
                0x1000a098       0x78 CMakeFiles/main.dir/home/Misha/pico_sdk/pico-sdk/lib/lwip/src/core/pbuf.c.o
                0x1000a098                pbuf_take
 .text.pbuf_take_at
                0x1000a110       0xc0 CMakeFiles/main.dir/home/Misha/pico_sdk/pico-sdk/lib/lwip/src/core/pbuf.c.o
                0x1000a110                pbuf_take_at
 .text.pbuf_clone
                0x1000a1d0       0x30 CMakeFiles/main.dir/home/Misha/pico_sdk/pico-sdk/lib/lwip/src/core/pbuf.c.o
                0x1000a1d0                pbuf_clone
 .text.pbuf_get_at
                0x1000a200       0x20 CMakeFiles/main.dir/home/Misha/pico_sdk/pico-sdk/lib/lwip/src/core/pbuf.c.o
                0x1000a200                pbuf_get_at
 .text.pbuf_try_get_at
                0x1000a220       0x28 CMakeFiles/main.dir/home/Misha/pico_sdk/pico-sdk/lib/lwip/src/core/pbuf.c.o
                0x1000a220                pbuf_try_get_at
 .text.pbuf_put_at
                0x1000a248       0x1c CMakeFiles/main.dir/home/Misha/pico_sdk/pico-sdk/lib/lwip/src/core/pbuf.c.o
                0x1000a248                pbuf_put_at
 .text.pbuf_memcmp
                0x1000a264       0x6c CMakeFiles/main.dir/home/Misha/pico_sdk/pico-sdk/lib/lwip/src/core/pbuf.c.o
                0x1000a264                pbuf_memcmp
 .text.pbuf_memfind
                0x1000a2d0       0xc0 CMakeFiles/main.dir/home/Misha/pico_sdk/pico-sdk/lib/lwip/src/core/pbuf.c.o
                0x1000a2d0                pbuf_memfind
 .text.raw_input
                0x1000a390      0x164 CMakeFiles/main.dir/home/Misha/pico_sdk/pico-sdk/lib/lwip/src/core/raw.c.o
                0x1000a390                raw_input
 .text.raw_netif_ip_addr_changed
                0x1000a4f4       0x40 CMakeFiles/main.dir/home/Misha/pico_sdk/pico-sdk/lib/lwip/src/core/raw.c.o
                0x1000a4f4                raw_netif_ip_addr_changed
 .text.stats_init
                0x1000a534        0x4 CMakeFiles/main.dir/home/Misha/pico_sdk/pico-sdk/lib/lwip/src/core/stats.c.o
                0x1000a534                stats_init
 .text.tcp_close_shutdown_fin
                0x1000a538       0x54 CMakeFiles/main.dir/home/Misha/pico_sdk/pico-sdk/lib/lwip/src/core/tcp.c.o
 .text.tcp_pcb_purge.part.0
                0x1000a58c       0xc4 CMakeFiles/main.dir/home/Misha/pico_sdk/pico-sdk/lib/lwip/src/core/tcp.c.o
 .text.tcp_init
                0x1000a650       0x20 CMakeFiles/main.dir/home/Misha/pico_sdk/pico-sdk/lib/lwip/src/core/tcp.c.o
                0x1000a650                tcp_init
 .text.tcp_free
                0x1000a670       0x1c CMakeFiles/main.dir/home/Misha/pico_sdk/pico-sdk/lib/lwip/src/core/tcp.c.o
                0x1000a670                tcp_free
 .text.tcp_update_rcv_ann_wnd
                0x1000a68c       0x58 CMakeFiles/main.dir/home/Misha/pico_sdk/pico-sdk/lib/lwip/src/core/tcp.c.o
                0x1000a68c                tcp_update_rcv_ann_wnd
 .text.tcp_recved
                0x1000a6e4       0x98 CMakeFiles/main.dir/home/Misha/pico_sdk/pico-sdk/lib/lwip/src/core/tcp.c.o
                0x1000a6e4                tcp_recved
 .text.tcp_connect
                0x1000a77c      0x1bc CMakeFiles/main.dir/home/Misha/pico_sdk/pico-sdk/lib/lwip/src/core/tcp.c.o
                0x1000a77c                tcp_connect
 .text.tcp_slowtmr
                0x1000a938      0x514 CMakeFiles/main.dir/home/Misha/pico_sdk/pico-sdk/lib/lwip/src/core/tcp.c.o
                0x1000a938                tcp_slowtmr
 .text.tcp_segs_free
                0x1000ae4c       0x38 CMakeFiles/main.dir/home/Misha/pico_sdk/pico-sdk/lib/lwip/src/core/tcp.c.o
                0x1000ae4c                tcp_segs_free
 .text.tcp_seg_free
                0x1000ae84       0x1c CMakeFiles/main.dir/home/Misha/pico_sdk/pico-sdk/lib/lwip/src/core/tcp.c.o
                0x1000ae84                tcp_seg_free
 .text.tcp_seg_copy
                0x1000aea0       0x2c CMakeFiles/main.dir/home/Misha/pico_sdk/pico-sdk/lib/lwip/src/core/tcp.c.o
                0x1000aea0                tcp_seg_copy
 .text.tcp_arg  0x1000aecc        0x8 CMakeFiles/main.dir/home/Misha/pico_sdk/pico-sdk/lib/lwip/src/core/tcp.c.o
                0x1000aecc                tcp_arg
 .text.tcp_recv
                0x1000aed4       0x1c CMakeFiles/main.dir/home/Misha/pico_sdk/pico-sdk/lib/lwip/src/core/tcp.c.o
                0x1000aed4                tcp_recv
 .text.tcp_sent
                0x1000aef0       0x1c CMakeFiles/main.dir/home/Misha/pico_sdk/pico-sdk/lib/lwip/src/core/tcp.c.o
                0x1000aef0                tcp_sent
 .text.tcp_err  0x1000af0c       0x1c CMakeFiles/main.dir/home/Misha/pico_sdk/pico-sdk/lib/lwip/src/core/tcp.c.o
                0x1000af0c                tcp_err
 .text.tcp_poll
                0x1000af28       0x20 CMakeFiles/main.dir/home/Misha/pico_sdk/pico-sdk/lib/lwip/src/core/tcp.c.o
                0x1000af28                tcp_poll
 .text.tcp_pcb_purge
                0x1000af48       0x18 CMakeFiles/main.dir/home/Misha/pico_sdk/pico-sdk/lib/lwip/src/core/tcp.c.o
                0x1000af48                tcp_pcb_purge
 .text.tcp_pcb_remove
                0x1000af60       0xc8 CMakeFiles/main.dir/home/Misha/pico_sdk/pico-sdk/lib/lwip/src/core/tcp.c.o
                0x1000af60                tcp_pcb_remove
 .text.tcp_abandon
                0x1000b028      0x1a0 CMakeFiles/main.dir/home/Misha/pico_sdk/pico-sdk/lib/lwip/src/core/tcp.c.o
                0x1000b028                tcp_abandon
 .text.tcp_abort
                0x1000b1c8        0xc CMakeFiles/main.dir/home/Misha/pico_sdk/pico-sdk/lib/lwip/src/core/tcp.c.o
                0x1000b1c8                tcp_abort
 .text.tcp_alloc
                0x1000b1d4      0x1d4 CMakeFiles/main.dir/home/Misha/pico_sdk/pico-sdk/lib/lwip/src/core/tcp.c.o
                0x1000b1d4                tcp_alloc
 .text.tcp_new  0x1000b3a8        0xc CMakeFiles/main.dir/home/Misha/pico_sdk/pico-sdk/lib/lwip/src/core/tcp.c.o
                0x1000b3a8                tcp_new
 .text.tcp_close_shutdown
                0x1000b3b4      0x188 CMakeFiles/main.dir/home/Misha/pico_sdk/pico-sdk/lib/lwip/src/core/tcp.c.o
 .text.tcp_recv_null
                0x1000b53c       0xcc CMakeFiles/main.dir/home/Misha/pico_sdk/pico-sdk/lib/lwip/src/core/tcp.c.o
                0x1000b53c                tcp_recv_null
 .text.tcp_process_refused_data
                0x1000b608       0x78 CMakeFiles/main.dir/home/Misha/pico_sdk/pico-sdk/lib/lwip/src/core/tcp.c.o
                0x1000b608                tcp_process_refused_data
 .text.tcp_fasttmr
                0x1000b680       0x98 CMakeFiles/main.dir/home/Misha/pico_sdk/pico-sdk/lib/lwip/src/core/tcp.c.o
                0x1000b680                tcp_fasttmr
 .text.tcp_tmr  0x1000b718       0x20 CMakeFiles/main.dir/home/Misha/pico_sdk/pico-sdk/lib/lwip/src/core/tcp.c.o
                0x1000b718                tcp_tmr
 .text.tcp_close
                0x1000b738      0x170 CMakeFiles/main.dir/home/Misha/pico_sdk/pico-sdk/lib/lwip/src/core/tcp.c.o
                0x1000b738                tcp_close
 .text.tcp_next_iss
                0x1000b8a8       0x28 CMakeFiles/main.dir/home/Misha/pico_sdk/pico-sdk/lib/lwip/src/core/tcp.c.o
                0x1000b8a8                tcp_next_iss
 .text.tcp_eff_send_mss_netif
                0x1000b8d0       0x34 CMakeFiles/main.dir/home/Misha/pico_sdk/pico-sdk/lib/lwip/src/core/tcp.c.o
                0x1000b8d0                tcp_eff_send_mss_netif
 .text.tcp_netif_ip_addr_changed
                0x1000b904       0x94 CMakeFiles/main.dir/home/Misha/pico_sdk/pico-sdk/lib/lwip/src/core/tcp.c.o
                0x1000b904                tcp_netif_ip_addr_changed
 .text.tcp_free_ooseq
                0x1000b998       0x40 CMakeFiles/main.dir/home/Misha/pico_sdk/pico-sdk/lib/lwip/src/core/tcp.c.o
                0x1000b998                tcp_free_ooseq
 .text.tcp_parseopt
                0x1000b9d8      0x1b0 CMakeFiles/main.dir/home/Misha/pico_sdk/pico-sdk/lib/lwip/src/core/tcp_in.c.o
 .text.tcp_oos_insert_segment
                0x1000bb88       0xcc CMakeFiles/main.dir/home/Misha/pico_sdk/pico-sdk/lib/lwip/src/core/tcp_in.c.o
 .text.tcp_free_acked_segments.isra.0
                0x1000bc54       0xdc CMakeFiles/main.dir/home/Misha/pico_sdk/pico-sdk/lib/lwip/src/core/tcp_in.c.o
 .text.tcp_receive
                0x1000bd30      0xa2c CMakeFiles/main.dir/home/Misha/pico_sdk/pico-sdk/lib/lwip/src/core/tcp_in.c.o
 .text.tcp_input
                0x1000c75c      0xe48 CMakeFiles/main.dir/home/Misha/pico_sdk/pico-sdk/lib/lwip/src/core/tcp_in.c.o
                0x1000c75c                tcp_input
 .text.tcp_trigger_input_pcb_close
                0x1000d5a4       0x10 CMakeFiles/main.dir/home/Misha/pico_sdk/pico-sdk/lib/lwip/src/core/tcp_in.c.o
                0x1000d5a4                tcp_trigger_input_pcb_close
 .text.tcp_create_segment
                0x1000d5b4       0xe8 CMakeFiles/main.dir/home/Misha/pico_sdk/pico-sdk/lib/lwip/src/core/tcp_out.c.o
 .text.tcp_output_control_segment
                0x1000d69c       0xb4 CMakeFiles/main.dir/home/Misha/pico_sdk/pico-sdk/lib/lwip/src/core/tcp_out.c.o
 .text.tcp_write
                0x1000d750      0x470 CMakeFiles/main.dir/home/Misha/pico_sdk/pico-sdk/lib/lwip/src/core/tcp_out.c.o
                0x1000d750                tcp_write
 .text.tcp_split_unsent_seg
                0x1000dbc0      0x1b4 CMakeFiles/main.dir/home/Misha/pico_sdk/pico-sdk/lib/lwip/src/core/tcp_out.c.o
                0x1000dbc0                tcp_split_unsent_seg
 .text.tcp_send_fin
                0x1000dd74      0x118 CMakeFiles/main.dir/home/Misha/pico_sdk/pico-sdk/lib/lwip/src/core/tcp_out.c.o
                0x1000dd74                tcp_send_fin
 .text.tcp_enqueue_flags
                0x1000de8c      0x108 CMakeFiles/main.dir/home/Misha/pico_sdk/pico-sdk/lib/lwip/src/core/tcp_out.c.o
                0x1000de8c                tcp_enqueue_flags
 .text.tcp_rexmit_rto_prepare
                0x1000df94       0x9c CMakeFiles/main.dir/home/Misha/pico_sdk/pico-sdk/lib/lwip/src/core/tcp_out.c.o
                0x1000df94                tcp_rexmit_rto_prepare
 .text.tcp_rexmit
                0x1000e030       0x9c CMakeFiles/main.dir/home/Misha/pico_sdk/pico-sdk/lib/lwip/src/core/tcp_out.c.o
                0x1000e030                tcp_rexmit
 .text.tcp_rexmit_fast
                0x1000e0cc       0x64 CMakeFiles/main.dir/home/Misha/pico_sdk/pico-sdk/lib/lwip/src/core/tcp_out.c.o
                0x1000e0cc                tcp_rexmit_fast
 .text.tcp_rst  0x1000e130       0xe8 CMakeFiles/main.dir/home/Misha/pico_sdk/pico-sdk/lib/lwip/src/core/tcp_out.c.o
                0x1000e130                tcp_rst
 .text.tcp_rst_netif
                0x1000e218      0x130 CMakeFiles/main.dir/home/Misha/pico_sdk/pico-sdk/lib/lwip/src/core/tcp_out.c.o
                0x1000e218                tcp_rst_netif
 .text.tcp_send_empty_ack
                0x1000e348       0xf0 CMakeFiles/main.dir/home/Misha/pico_sdk/pico-sdk/lib/lwip/src/core/tcp_out.c.o
                0x1000e348                tcp_send_empty_ack
 .text.tcp_output
                0x1000e438      0x44c CMakeFiles/main.dir/home/Misha/pico_sdk/pico-sdk/lib/lwip/src/core/tcp_out.c.o
                0x1000e438                tcp_output
 .text.tcp_rexmit_rto_commit
                0x1000e884       0x24 CMakeFiles/main.dir/home/Misha/pico_sdk/pico-sdk/lib/lwip/src/core/tcp_out.c.o
                0x1000e884                tcp_rexmit_rto_commit
 .text.tcp_rexmit_rto
                0x1000e8a8       0xa4 CMakeFiles/main.dir/home/Misha/pico_sdk/pico-sdk/lib/lwip/src/core/tcp_out.c.o
                0x1000e8a8                tcp_rexmit_rto
 .text.tcp_keepalive
                0x1000e94c       0xdc CMakeFiles/main.dir/home/Misha/pico_sdk/pico-sdk/lib/lwip/src/core/tcp_out.c.o
                0x1000e94c                tcp_keepalive
 .text.tcp_zero_window_probe
                0x1000ea28      0x1a8 CMakeFiles/main.dir/home/Misha/pico_sdk/pico-sdk/lib/lwip/src/core/tcp_out.c.o
                0x1000ea28                tcp_zero_window_probe
 .text.tcpip_tcp_timer
                0x1000ebd0       0x78 CMakeFiles/main.dir/home/Misha/pico_sdk/pico-sdk/lib/lwip/src/core/timeouts.c.o
 .text.lwip_cyclic_timer
                0x1000ec48       0x98 CMakeFiles/main.dir/home/Misha/pico_sdk/pico-sdk/lib/lwip/src/core/timeouts.c.o
 .text.tcp_timer_needed
                0x1000ece0       0x7c CMakeFiles/main.dir/home/Misha/pico_sdk/pico-sdk/lib/lwip/src/core/timeouts.c.o
                0x1000ece0                tcp_timer_needed
 .text.sys_timeouts_init
                0x1000ed5c       0x8c CMakeFiles/main.dir/home/Misha/pico_sdk/pico-sdk/lib/lwip/src/core/timeouts.c.o
                0x1000ed5c                sys_timeouts_init
 .text.sys_check_timeouts
                0x1000ede8       0x68 CMakeFiles/main.dir/home/Misha/pico_sdk/pico-sdk/lib/lwip/src/core/timeouts.c.o
                0x1000ede8                sys_check_timeouts
 .text.sys_timeouts_sleeptime
                0x1000ee50       0x28 CMakeFiles/main.dir/home/Misha/pico_sdk/pico-sdk/lib/lwip/src/core/timeouts.c.o
                0x1000ee50                sys_timeouts_sleeptime
 .text.udp_init
                0x1000ee78       0x20 CMakeFiles/main.dir/home/Misha/pico_sdk/pico-sdk/lib/lwip/src/core/udp.c.o
                0x1000ee78                udp_init
 .text.udp_input
                0x1000ee98      0x350 CMakeFiles/main.dir/home/Misha/pico_sdk/pico-sdk/lib/lwip/src/core/udp.c.o
                0x1000ee98                udp_input
 .text.udp_bind
                0x1000f1e8      0x10c CMakeFiles/main.dir/home/Misha/pico_sdk/pico-sdk/lib/lwip/src/core/udp.c.o
                0x1000f1e8                udp_bind
 .text.udp_sendto_if_src
                0x1000f2f4      0x130 CMakeFiles/main.dir/home/Misha/pico_sdk/pico-sdk/lib/lwip/src/core/udp.c.o
                0x1000f2f4                udp_sendto_if_src
 .text.udp_sendto_if
                0x1000f424       0x48 CMakeFiles/main.dir/home/Misha/pico_sdk/pico-sdk/lib/lwip/src/core/udp.c.o
                0x1000f424                udp_sendto_if
 .text.udp_sendto
                0x1000f46c       0x78 CMakeFiles/main.dir/home/Misha/pico_sdk/pico-sdk/lib/lwip/src/core/udp.c.o
                0x1000f46c                udp_sendto
 .text.udp_connect
                0x1000f4e4       0x5c CMakeFiles/main.dir/home/Misha/pico_sdk/pico-sdk/lib/lwip/src/core/udp.c.o
                0x1000f4e4                udp_connect
 .text.udp_recv
                0x1000f540        0xc CMakeFiles/main.dir/home/Misha/pico_sdk/pico-sdk/lib/lwip/src/core/udp.c.o
                0x1000f540                udp_recv
 .text.udp_remove
                0x1000f54c       0x3c CMakeFiles/main.dir/home/Misha/pico_sdk/pico-sdk/lib/lwip/src/core/udp.c.o
                0x1000f54c                udp_remove
 .text.udp_new  0x1000f588       0x1c CMakeFiles/main.dir/home/Misha/pico_sdk/pico-sdk/lib/lwip/src/core/udp.c.o
                0x1000f588                udp_new
 .text.udp_new_ip_type
                0x1000f5a4       0x1c CMakeFiles/main.dir/home/Misha/pico_sdk/pico-sdk/lib/lwip/src/core/udp.c.o
                0x1000f5a4                udp_new_ip_type
 .text.udp_netif_ip_addr_changed
                0x1000f5c0       0x40 CMakeFiles/main.dir/home/Misha/pico_sdk/pico-sdk/lib/lwip/src/core/udp.c.o
                0x1000f5c0                udp_netif_ip_addr_changed
 .text.dhcp_create_msg
                0x1000f600      0x160 CMakeFiles/main.dir/home/Misha/pico_sdk/pico-sdk/lib/lwip/src/core/ipv4/dhcp.c.o
 .text.dhcp_inc_pcb_refcount
                0x1000f760       0x6c CMakeFiles/main.dir/home/Misha/pico_sdk/pico-sdk/lib/lwip/src/core/ipv4/dhcp.c.o
 .text.dhcp_bind
                0x1000f7cc      0x144 CMakeFiles/main.dir/home/Misha/pico_sdk/pico-sdk/lib/lwip/src/core/ipv4/dhcp.c.o
 .text.dhcp_option_hostname.isra.0
                0x1000f910       0x74 CMakeFiles/main.dir/home/Misha/pico_sdk/pico-sdk/lib/lwip/src/core/ipv4/dhcp.c.o
 .text.dhcp_handle_ack.isra.0
                0x1000f984       0xcc CMakeFiles/main.dir/home/Misha/pico_sdk/pico-sdk/lib/lwip/src/core/ipv4/dhcp.c.o
 .text.dhcp_reboot.isra.0
                0x1000fa50      0x17c CMakeFiles/main.dir/home/Misha/pico_sdk/pico-sdk/lib/lwip/src/core/ipv4/dhcp.c.o
 .text.dhcp_discover.isra.0
                0x1000fbcc      0x138 CMakeFiles/main.dir/home/Misha/pico_sdk/pico-sdk/lib/lwip/src/core/ipv4/dhcp.c.o
 .text.dhcp_select.isra.0
                0x1000fd04      0x1e0 CMakeFiles/main.dir/home/Misha/pico_sdk/pico-sdk/lib/lwip/src/core/ipv4/dhcp.c.o
 .text.dhcp_recv
                0x1000fee4      0x4a8 CMakeFiles/main.dir/home/Misha/pico_sdk/pico-sdk/lib/lwip/src/core/ipv4/dhcp.c.o
 .text.dhcp_set_struct
                0x1001038c       0x44 CMakeFiles/main.dir/home/Misha/pico_sdk/pico-sdk/lib/lwip/src/core/ipv4/dhcp.c.o
                0x1001038c                dhcp_set_struct
 .text.dhcp_start
                0x100103d0       0xa8 CMakeFiles/main.dir/home/Misha/pico_sdk/pico-sdk/lib/lwip/src/core/ipv4/dhcp.c.o
                0x100103d0                dhcp_start
 .text.dhcp_network_changed_link_up
                0x10010478       0x40 CMakeFiles/main.dir/home/Misha/pico_sdk/pico-sdk/lib/lwip/src/core/ipv4/dhcp.c.o
                0x10010478                dhcp_network_changed_link_up
 .text.dhcp_renew
                0x100104b8      0x13c CMakeFiles/main.dir/home/Misha/pico_sdk/pico-sdk/lib/lwip/src/core/ipv4/dhcp.c.o
                0x100104b8                dhcp_renew
 .text.dhcp_release_and_stop
                0x100105f4      0x158 CMakeFiles/main.dir/home/Misha/pico_sdk/pico-sdk/lib/lwip/src/core/ipv4/dhcp.c.o
                0x100105f4                dhcp_release_and_stop
 .text.dhcp_coarse_tmr
                0x1001074c      0x1e0 CMakeFiles/main.dir/home/Misha/pico_sdk/pico-sdk/lib/lwip/src/core/ipv4/dhcp.c.o
                0x1001074c                dhcp_coarse_tmr
 .text.dhcp_fine_tmr
                0x1001092c       0x78 CMakeFiles/main.dir/home/Misha/pico_sdk/pico-sdk/lib/lwip/src/core/ipv4/dhcp.c.o
                0x1001092c                dhcp_fine_tmr
 .text.dhcp_stop
                0x100109a4      0x158 CMakeFiles/main.dir/home/Misha/pico_sdk/pico-sdk/lib/lwip/src/core/ipv4/dhcp.c.o
                0x100109a4                dhcp_stop
 .text.etharp_find_entry
                0x10010afc      0x3a0 CMakeFiles/main.dir/home/Misha/pico_sdk/pico-sdk/lib/lwip/src/core/ipv4/etharp.c.o
 .text.etharp_raw
                0x10010e9c       0xec CMakeFiles/main.dir/home/Misha/pico_sdk/pico-sdk/lib/lwip/src/core/ipv4/etharp.c.o
 .text.etharp_output_to_arp_index
                0x10010f88       0xd0 CMakeFiles/main.dir/home/Misha/pico_sdk/pico-sdk/lib/lwip/src/core/ipv4/etharp.c.o
 .text.etharp_tmr
                0x10011058       0x94 CMakeFiles/main.dir/home/Misha/pico_sdk/pico-sdk/lib/lwip/src/core/ipv4/etharp.c.o
                0x10011058                etharp_tmr
 .text.etharp_cleanup_netif
                0x100110ec      0x188 CMakeFiles/main.dir/home/Misha/pico_sdk/pico-sdk/lib/lwip/src/core/ipv4/etharp.c.o
                0x100110ec                etharp_cleanup_netif
 .text.etharp_input
                0x10011274      0x1b8 CMakeFiles/main.dir/home/Misha/pico_sdk/pico-sdk/lib/lwip/src/core/ipv4/etharp.c.o
                0x10011274                etharp_input
 .text.etharp_query
                0x1001142c      0x190 CMakeFiles/main.dir/home/Misha/pico_sdk/pico-sdk/lib/lwip/src/core/ipv4/etharp.c.o
                0x1001142c                etharp_query
 .text.etharp_output
                0x100115bc      0x24c CMakeFiles/main.dir/home/Misha/pico_sdk/pico-sdk/lib/lwip/src/core/ipv4/etharp.c.o
                0x100115bc                etharp_output
 .text.etharp_request
                0x10011808       0x2c CMakeFiles/main.dir/home/Misha/pico_sdk/pico-sdk/lib/lwip/src/core/ipv4/etharp.c.o
                0x10011808                etharp_request
 .text.icmp_input
                0x10011834      0x1ec CMakeFiles/main.dir/home/Misha/pico_sdk/pico-sdk/lib/lwip/src/core/ipv4/icmp.c.o
                0x10011834                icmp_input
 .text.icmp_dest_unreach
                0x10011a20       0xcc CMakeFiles/main.dir/home/Misha/pico_sdk/pico-sdk/lib/lwip/src/core/ipv4/icmp.c.o
                0x10011a20                icmp_dest_unreach
 .text.icmp_time_exceeded
                0x10011aec       0xcc CMakeFiles/main.dir/home/Misha/pico_sdk/pico-sdk/lib/lwip/src/core/ipv4/icmp.c.o
                0x10011aec                icmp_time_exceeded
 .text.ip_reass_free_complete_datagram
                0x10011bb8      0x11c CMakeFiles/main.dir/home/Misha/pico_sdk/pico-sdk/lib/lwip/src/core/ipv4/ip4_frag.c.o
 .text.ip_reass_remove_oldest_datagram
                0x10011cd4      0x124 CMakeFiles/main.dir/home/Misha/pico_sdk/pico-sdk/lib/lwip/src/core/ipv4/ip4_frag.c.o
 .text.ip_reass_tmr
                0x10011df8       0x30 CMakeFiles/main.dir/home/Misha/pico_sdk/pico-sdk/lib/lwip/src/core/ipv4/ip4_frag.c.o
                0x10011df8                ip_reass_tmr
 .text.ip4_reass
                0x10011e28      0x544 CMakeFiles/main.dir/home/Misha/pico_sdk/pico-sdk/lib/lwip/src/core/ipv4/ip4_frag.c.o
                0x10011e28                ip4_reass
 .text.ip4_frag
                0x1001236c      0x254 CMakeFiles/main.dir/home/Misha/pico_sdk/pico-sdk/lib/lwip/src/core/ipv4/ip4_frag.c.o
                0x1001236c                ip4_frag
 .text.ip4_route
                0x100125c0       0x7c CMakeFiles/main.dir/home/Misha/pico_sdk/pico-sdk/lib/lwip/src/core/ipv4/ip4.c.o
                0x100125c0                ip4_route
 .text.ip4_input
                0x1001263c      0x300 CMakeFiles/main.dir/home/Misha/pico_sdk/pico-sdk/lib/lwip/src/core/ipv4/ip4.c.o
                0x1001263c                ip4_input
 .text.ip4_output_if
                0x1001293c      0x190 CMakeFiles/main.dir/home/Misha/pico_sdk/pico-sdk/lib/lwip/src/core/ipv4/ip4.c.o
                0x1001293c                ip4_output_if
 .text.ip4_output_if_src
                0x10012acc      0x184 CMakeFiles/main.dir/home/Misha/pico_sdk/pico-sdk/lib/lwip/src/core/ipv4/ip4.c.o
                0x10012acc                ip4_output_if_src
 .text.ip4_addr_isbroadcast_u32
                0x10012c50       0x3c CMakeFiles/main.dir/home/Misha/pico_sdk/pico-sdk/lib/lwip/src/core/ipv4/ip4_addr.c.o
                0x10012c50                ip4_addr_isbroadcast_u32
 .text.ip4addr_aton
                0x10012c8c      0x1b0 CMakeFiles/main.dir/home/Misha/pico_sdk/pico-sdk/lib/lwip/src/core/ipv4/ip4_addr.c.o
                0x10012c8c                ip4addr_aton
 .text.ip4addr_ntoa
                0x10012e3c       0xec CMakeFiles/main.dir/home/Misha/pico_sdk/pico-sdk/lib/lwip/src/core/ipv4/ip4_addr.c.o
                0x10012e3c                ip4addr_ntoa
 .text.ethernet_input
                0x10012f28       0xd0 CMakeFiles/main.dir/home/Misha/pico_sdk/pico-sdk/lib/lwip/src/netif/ethernet.c.o
                0x10012f28                ethernet_input
 .text.ethernet_output