Archive member included to satisfy reference by file (symbol)

lib/LCD/libLCD.a(LCD_1in8.c.obj)
                              CMakeFiles/main.dir/main.c.obj (LCD_1IN8_Init)
lib/GUI/libGUI.a(GUI_Paint.c.obj)
                              CMakeFiles/main.dir/main.c.obj (Paint_NewImage)
lib/Config/libConfig.a(DEV_Config.c.obj)
                              lib/LCD/libLCD.a(LCD_1in8.c.obj) (DEV_Digital_Write)
/Applications/ArmGNUToolchain/13.3.rel1/arm-none-eabi/bin/../lib/gcc/arm-none-eabi/13.3.1/thumb/v6-m/nofp/libgcc.a(_dvmd_tls.o)
                              CMakeFiles/main.dir/Users/macuser1/Pico/pico-sdk/src/rp2_common/pico_divider/divider_hardware.S.obj (__aeabi_idiv0)
/Applications/ArmGNUToolchain/13.3.rel1/arm-none-eabi/bin/../lib/gcc/arm-none-eabi/13.3.1/../../../../arm-none-eabi/lib/thumb/v6-m/nofp/libg.a(libc_a-atoi.o)
                              CMakeFiles/main.dir/Users/macuser1/Pico/pico-sdk/lib/lwip/src/core/netif.c.obj (atoi)
/Applications/ArmGNUToolchain/13.3.rel1/arm-none-eabi/bin/../lib/gcc/arm-none-eabi/13.3.1/../../../../arm-none-eabi/lib/thumb/v6-m/nofp/libg.a(libc_a-calloc.o)
                              CMakeFiles/main.dir/Users/macuser1/Pico/pico-sdk/src/rp2_common/pico_malloc/malloc.c.obj (calloc)
/Applications/ArmGNUToolchain/13.3.rel1/arm-none-eabi/bin/../lib/gcc/arm-none-eabi/13.3.1/../../../../arm-none-eabi/lib/thumb/v6-m/nofp/libg.a(libc_a-callocr.o)
                              /Applications/ArmGNUToolchain/13.3.rel1/arm-none-eabi/bin/../lib/gcc/arm-none-eabi/13.3.1/../../../../arm-none-eabi/lib/thumb/v6-m/nofp/libg.a(libc_a-calloc.o) (_calloc_r)
/Applications/ArmGNUToolchain/13.3.rel1/arm-none-eabi/bin/../lib/gcc/arm-none-eabi/13.3.1/../../../../arm-none-eabi/lib/thumb/v6-m/nofp/libg.a(libc_a-itoa.o)
                              CMakeFiles/main.dir/main.c.obj (itoa)
/Applications/ArmGNUToolchain/13.3.rel1/arm-none-eabi/bin/../lib/gcc/arm-none-eabi/13.3.1/../../../../arm-none-eabi/lib/thumb/v6-m/nofp/libg.a(libc_a-malloc.o)
                              CMakeFiles/main.dir/Users/macuser1/Pico/pico-sdk/src/rp2_common/pico_malloc/malloc.c.obj (malloc)
/Applications/ArmGNUToolchain/13.3.rel1/arm-none-eabi/bin/../lib/gcc/arm-none-eabi/13.3.1/../../../../arm-none-eabi/lib/thumb/v6-m/nofp/libg.a(libc_a-mallocr.o)
                              /Applications/ArmGNUToolchain/13.3.rel1/arm-none-eabi/bin/../lib/gcc/arm-none-eabi/13.3.1/../../../../arm-none-eabi/lib/thumb/v6-m/nofp/libg.a(libc_a-callocr.o) (_malloc_r)
/Applications/ArmGNUToolchain/13.3.rel1/arm-none-eabi/bin/../lib/gcc/arm-none-eabi/13.3.1/../../../../arm-none-eabi/lib/thumb/v6-m/nofp/libg.a(libc_a-mlock.o)
                              /Applications/ArmGNUToolchain/13.3.rel1/arm-none-eabi/bin/../lib/gcc/arm-none-eabi/13.3.1/../../../../arm-none-eabi/lib/thumb/v6-m/nofp/libg.a(libc_a-mallocr.o) (__malloc_lock)
/Applications/ArmGNUToolchain/13.3.rel1/arm-none-eabi/bin/../lib/gcc/arm-none-eabi/13.3.1/../../../../arm-none-eabi/lib/thumb/v6-m/nofp/libg.a(libc_a-realloc.o)
                              CMakeFiles/main.dir/Users/macuser1/Pico/pico-sdk/src/rp2_common/pico_malloc/malloc.c.obj (realloc)
/Applications/ArmGNUToolchain/13.3.rel1/arm-none-eabi/bin/../lib/gcc/arm-none-eabi/13.3.1/../../../../arm-none-eabi/lib/thumb/v6-m/nofp/libg.a(libc_a-reallocr.o)
                              /Applications/ArmGNUToolchain/13.3.rel1/arm-none-eabi/bin/../lib/gcc/arm-none-eabi/13.3.1/../../../../arm-none-eabi/lib/thumb/v6-m/nofp/libg.a(libc_a-realloc.o) (_realloc_r)
/Applications/ArmGNUToolchain/13.3.rel1/arm-none-eabi/bin/../lib/gcc/arm-none-eabi/13.3.1/../../../../arm-none-eabi/lib/thumb/v6-m/nofp/libg.a(libc_a-strtod.o)
                              CMakeFiles/main.dir/main.c.obj (strtod)
/Applications/ArmGNUToolchain/13.3.rel1/arm-none-eabi/bin/../lib/gcc/arm-none-eabi/13.3.1/../../../../arm-none-eabi/lib/thumb/v6-m/nofp/libg.a(libc_a-strtol.o)
                              /Applications/ArmGNUToolchain/13.3.rel1/arm-none-eabi/bin/../lib/gcc/arm-none-eabi/13.3.1/../../../../arm-none-eabi/lib/thumb/v6-m/nofp/libg.a(libc_a-atoi.o) (_strtol_r)
/Applications/ArmGNUToolchain/13.3.rel1/arm-none-eabi/bin/../lib/gcc/arm-none-eabi/13.3.1/../../../../arm-none-eabi/lib/thumb/v6-m/nofp/libg.a(libc_a-utoa.o)
                              /Applications/ArmGNUToolchain/13.3.rel1/arm-none-eabi/bin/../lib/gcc/arm-none-eabi/13.3.1/../../../../arm-none-eabi/lib/thumb/v6-m/nofp/libg.a(libc_a-itoa.o) (__utoa)
/Applications/ArmGNUToolchain/13.3.rel1/arm-none-eabi/bin/../lib/gcc/arm-none-eabi/13.3.1/../../../../arm-none-eabi/lib/thumb/v6-m/nofp/libg.a(libc_a-scanf.o)
                              CMakeFiles/main.dir/main.c.obj (scanf)
/Applications/ArmGNUToolchain/13.3.rel1/arm-none-eabi/bin/../lib/gcc/arm-none-eabi/13.3.1/../../../../arm-none-eabi/lib/thumb/v6-m/nofp/libg.a(libc_a-sscanf.o)
                              CMakeFiles/main.dir/main.c.obj (sscanf)
[...]
Memory Configuration

Name             Origin             Length             Attributes
FLASH            0x10000000         0x001ff800         xr
USER_FLASH       0x101ff800         0x00000800         xr
RAM              0x20000000         0x00040000         xrw
SCRATCH_X        0x20040000         0x00001000         xrw
SCRATCH_Y        0x20041000         0x00001000         xrw
*default*        0x00000000         0xffffffff

Linker script and memory map

LOAD /Applications/ArmGNUToolchain/13.3.rel1/arm-none-eabi/bin/../lib/gcc/arm-none-eabi/13.3.1/thumb/v6-m/nofp/crti.o
LOAD /Applications/ArmGNUToolchain/13.3.rel1/arm-none-eabi/bin/../lib/gcc/arm-none-eabi/13.3.1/thumb/v6-m/nofp/crtbegin.o
LOAD /Applications/ArmGNUToolchain/13.3.rel1/arm-none-eabi/bin/../lib/gcc/arm-none-eabi/13.3.1/../../../../arm-none-eabi/lib/thumb/v6-m/nofp/crt0.o
                0x00000800                        USER_FLASH_LENGTH = 0x800
                0x101ff800                        USER_FLASH_ORIGIN = (0x10200000 - USER_FLASH_LENGTH)

.flash_user_data
 *(.flash_user_data)

.flash_begin    0x10000000        0x0
                0x10000000                        __flash_binary_start = .

.boot2          0x10000000      0x100
                0x10000000                        __boot2_start__ = .
 *(.boot2)
 .boot2         0x10000000      0x100 /var/folders/l4/yywb5xf928xgynqv8b4rztyc0000gn/T//ccbn0edC.o
                0x10000100                        __boot2_end__ = .
                0x00000001                        ASSERT (((__boot2_end__ - __boot2_start__) == 0x100), ERROR: Pico second stage bootloader must be 256 bytes in size)

.text           0x10000100    0x208fc
                0x10000100                        __logical_binary_start = .
 *(.vectors)
 .vectors       0x10000100       0xd4 CMakeFiles/main.dir/Users/macuser1/Pico/pico-sdk/src/rp2_common/pico_crt0/crt0.S.obj
                0x10000100                __VECTOR_TABLE
                0x10000100                __vectors
                0x100001c0                __default_isrs_start
                0x100001c0                isr_invalid
                0x100001c2                isr_nmi
                0x100001c4                isr_hardfault
                0x100001c6                isr_svcall
                0x100001c8                isr_pendsv
                0x100001ca                isr_systick
                0x100001cc                isr_irq28
                0x100001cc                isr_irq19
                0x100001cc                isr_irq0
                0x100001cc                isr_irq6
                0x100001cc                isr_irq22
                0x100001cc                isr_irq17
                0x100001cc                isr_irq14
                0x100001cc                isr_irq2
                0x100001cc                isr_irq10
                0x100001cc                isr_irq8
                0x100001cc                isr_irq24
                0x100001cc                isr_irq1
                0x100001cc                isr_irq7
                0x100001cc                isr_irq21
                0x100001cc                isr_irq20
                0x100001cc                isr_irq15
                0x100001cc                isr_irq25
                0x100001cc                isr_irq4
                0x100001cc                isr_irq16
                0x100001cc                isr_irq29
                0x100001cc                isr_irq26
                0x100001cc                __default_isrs_end
                0x100001cc                isr_irq3
                0x100001cc                isr_irq9
                0x100001cc                __unhandled_user_irq
                0x100001cc                isr_irq13
                0x100001cc                isr_irq27
                0x100001cc                isr_irq31
                0x100001cc                isr_irq5
                0x100001cc                isr_irq11
                0x100001cc                isr_irq23
                0x100001cc                isr_irq18
                0x100001cc                isr_irq30
                0x100001cc                isr_irq12
                0x100001d2                unhandled_user_irq_num_in_r0
 *(.binary_info_header)
 .binary_info_header
                0x100001d4       0x14 CMakeFiles/main.dir/Users/macuser1/Pico/pico-sdk/src/rp2_common/pico_crt0/crt0.S.obj
                0x100001e8                        __binary_info_header_end = .
 *(.embedded_block)
                0x100001e8                        __embedded_block_end = .
 *(.reset)
 .reset         0x100001e8       0x9c CMakeFiles/main.dir/Users/macuser1/Pico/pico-sdk/src/rp2_common/pico_crt0/crt0.S.obj
                0x100001e8                _entry_point
 *(.init)
 .init          0x10000284        0x4 /Applications/ArmGNUToolchain/13.3.rel1/arm-none-eabi/bin/../lib/gcc/arm-none-eabi/13.3.1/thumb/v6-m/nofp/crti.o
                0x10000284                _init
 *(EXCLUDE_FILE(*libm.a: *libc.a:*lib_a-mem*.o *libgcc.a:) .text*)
 .text.register_tm_clones
                0x10000288       0x28 /Applications/ArmGNUToolchain/13.3.rel1/arm-none-eabi/bin/../lib/gcc/arm-none-eabi/13.3.1/thumb/v6-m/nofp/crtbegin.o
 .text.frame_dummy
                0x100002b0       0x24 /Applications/ArmGNUToolchain/13.3.rel1/arm-none-eabi/bin/../lib/gcc/arm-none-eabi/13.3.1/thumb/v6-m/nofp/crtbegin.o
 .text.result   0x100002d4       0x30 CMakeFiles/main.dir/main.c.obj
                0x100002d4                result
 .text.headers  0x10000304       0x70 CMakeFiles/main.dir/main.c.obj
                0x10000304                headers
 .text.body     0x10000374       0x44 CMakeFiles/main.dir/main.c.obj
                0x10000374                body
 .text.get_object_item.constprop.0
                0x100003b8       0x7c CMakeFiles/main.dir/main.c.obj
 .text.parse_string
                0x10000434      0x3c0 CMakeFiles/main.dir/main.c.obj
 .text.cJSON_Delete
                0x100007f4       0x80 CMakeFiles/main.dir/main.c.obj
                0x100007f4                cJSON_Delete
 .text.parse_value
                0x10000874      0x470 CMakeFiles/main.dir/main.c.obj
 .text.cJSON_ParseWithLengthOpts
                0x10000ce4      0x140 CMakeFiles/main.dir/main.c.obj
                0x10000ce4                cJSON_ParseWithLengthOpts
 .text.set_name_pass
                0x10000e24       0x84 CMakeFiles/main.dir/main.c.obj
                0x10000e24                set_name_pass
 .text.setup    0x10000ea8      0x180 CMakeFiles/main.dir/main.c.obj
                0x10000ea8                setup
 .text.startup.main
                0x10001028      0x310 CMakeFiles/main.dir/main.c.obj
                0x10001028                main
 .text.gpio_set_function
                0x10001338       0x34 CMakeFiles/main.dir/Users/macuser1/Pico/pico-sdk/src/rp2_common/hardware_gpio/gpio.c.obj
                0x10001338                gpio_set_function
 .text.gpio_set_pulls
                0x1000136c       0x28 CMakeFiles/main.dir/Users/macuser1/Pico/pico-sdk/src/rp2_common/hardware_gpio/gpio.c.obj
                0x1000136c                gpio_set_pulls
 .text.gpio_set_input_hysteresis_enabled
                0x10001394       0x28 CMakeFiles/main.dir/Users/macuser1/Pico/pico-sdk/src/rp2_common/hardware_gpio/gpio.c.obj
                0x10001394                gpio_set_input_hysteresis_enabled
 .text.gpio_set_irq_enabled
                0x100013bc       0x58 CMakeFiles/main.dir/Users/macuser1/Pico/pico-sdk/src/rp2_common/hardware_gpio/gpio.c.obj
                0x100013bc                gpio_set_irq_enabled
 .text.gpio_add_raw_irq_handler_with_order_priority_masked
                0x10001414       0x44 CMakeFiles/main.dir/Users/macuser1/Pico/pico-sdk/src/rp2_common/hardware_gpio/gpio.c.obj
                0x10001414                gpio_add_raw_irq_handler_with_order_priority_masked
 .text.gpio_remove_raw_irq_handler_masked
                0x10001458       0x20 CMakeFiles/main.dir/Users/macuser1/Pico/pico-sdk/src/rp2_common/hardware_gpio/gpio.c.obj
                0x10001458                gpio_remove_raw_irq_handler_masked
 .text.gpio_init
                0x10001478       0x40 CMakeFiles/main.dir/Users/macuser1/Pico/pico-sdk/src/rp2_common/hardware_gpio/gpio.c.obj
                0x10001478                gpio_init
 .text.rp2040_chip_version
                0x100014b8        0xc CMakeFiles/main.dir/Users/macuser1/Pico/pico-sdk/src/rp2040/pico_platform/platform.c.obj
                0x100014b8                rp2040_chip_version
 .text.panic    0x100014c4       0x30 CMakeFiles/main.dir/Users/macuser1/Pico/pico-sdk/src/rp2_common/pico_platform_panic/panic.c.obj
                0x100014c4                panic
 .text.hw_claim_lock
                0x100014f4       0x18 CMakeFiles/main.dir/Users/macuser1/Pico/pico-sdk/src/common/hardware_claim/claim.c.obj
                0x100014f4                hw_claim_lock
 .text.hw_claim_unlock
                0x1000150c       0x14 CMakeFiles/main.dir/Users/macuser1/Pico/pico-sdk/src/common/hardware_claim/claim.c.obj
                0x1000150c                hw_claim_unlock
 .text.hw_claim_or_assert
                0x10001520       0x44 CMakeFiles/main.dir/Users/macuser1/Pico/pico-sdk/src/common/hardware_claim/claim.c.obj
                0x10001520                hw_claim_or_assert
 .text.hw_claim_unused_from_range
                0x10001564       0x9c CMakeFiles/main.dir/Users/macuser1/Pico/pico-sdk/src/common/hardware_claim/claim.c.obj
                0x10001564                hw_claim_unused_from_range
 .text.hw_claim_clear
                0x10001600       0x38 CMakeFiles/main.dir/Users/macuser1/Pico/pico-sdk/src/common/hardware_claim/claim.c.obj
                0x10001600                hw_claim_clear
 .text.next_striped_spin_lock_num
                0x10001638       0x18 CMakeFiles/main.dir/Users/macuser1/Pico/pico-sdk/src/rp2_common/hardware_sync/sync.c.obj
                0x10001638                next_striped_spin_lock_num
 .text.spin_lock_claim_unused
                0x10001650       0x24 CMakeFiles/main.dir/Users/macuser1/Pico/pico-sdk/src/rp2_common/hardware_sync/sync.c.obj
                0x10001650                spin_lock_claim_unused
 .text.spin_locks_reset
                0x10001674       0x1c CMakeFiles/main.dir/Users/macuser1/Pico/pico-sdk/src/rp2_common/hardware_sync_spin_lock/sync_spin_lock.c.obj
                0x10001674                spin_locks_reset
 .text.runtime_init_per_core_irq_priorities
                0x10001690       0x24 CMakeFiles/main.dir/Users/macuser1/Pico/pico-sdk/src/rp2_common/hardware_irq/irq.c.obj
                0x10001690                runtime_init_per_core_irq_priorities
 .text.irq_set_enabled
                0x100016b4       0x24 CMakeFiles/main.dir/Users/macuser1/Pico/pico-sdk/src/rp2_common/hardware_irq/irq.c.obj
                0x100016b4                irq_set_enabled
 .text.irq_is_enabled
                0x100016d8       0x18 CMakeFiles/main.dir/Users/macuser1/Pico/pico-sdk/src/rp2_common/hardware_irq/irq.c.obj
                0x100016d8                irq_is_enabled
 .text.irq_set_pending
                0x100016f0       0x10 CMakeFiles/main.dir/Users/macuser1/Pico/pico-sdk/src/rp2_common/hardware_irq/irq.c.obj
                0x100016f0                irq_set_pending
 .text.irq_has_shared_handler
                0x10001700       0x2c CMakeFiles/main.dir/Users/macuser1/Pico/pico-sdk/src/rp2_common/hardware_irq/irq.c.obj
                0x10001700                irq_has_shared_handler
 .text.irq_set_exclusive_handler
                0x1000172c       0x54 CMakeFiles/main.dir/Users/macuser1/Pico/pico-sdk/src/rp2_common/hardware_irq/irq.c.obj
                0x1000172c                irq_set_exclusive_handler
 .text.irq_add_shared_handler
                0x10001780      0x1f4 CMakeFiles/main.dir/Users/macuser1/Pico/pico-sdk/src/rp2_common/hardware_irq/irq.c.obj
                0x10001780                irq_add_shared_handler
 .text.irq_remove_handler
                0x10001974      0x1d4 CMakeFiles/main.dir/Users/macuser1/Pico/pico-sdk/src/rp2_common/hardware_irq/irq.c.obj
                0x10001974                irq_remove_handler
 .text.irq_set_priority
                0x10001b48       0x28 CMakeFiles/main.dir/Users/macuser1/Pico/pico-sdk/src/rp2_common/hardware_irq/irq.c.obj
                0x10001b48                irq_set_priority
 .text.irq_add_tail_to_free_list
                0x10001b70       0xb4 CMakeFiles/main.dir/Users/macuser1/Pico/pico-sdk/src/rp2_common/hardware_irq/irq.c.obj
                0x10001b70                irq_add_tail_to_free_list
 .text.user_irq_unclaim
                0x10001c24       0x14 CMakeFiles/main.dir/Users/macuser1/Pico/pico-sdk/src/rp2_common/hardware_irq/irq.c.obj
                0x10001c24                user_irq_unclaim
 .text.user_irq_claim_unused
                0x10001c38       0x2c CMakeFiles/main.dir/Users/macuser1/Pico/pico-sdk/src/rp2_common/hardware_irq/irq.c.obj
                0x10001c38                user_irq_claim_unused
 .text.sem_init
                0x10001c64       0x20 CMakeFiles/main.dir/Users/macuser1/Pico/pico-sdk/src/common/pico_sync/sem.c.obj
                0x10001c64                sem_init
 .text.lock_init
                0x10001c84       0x10 CMakeFiles/main.dir/Users/macuser1/Pico/pico-sdk/src/common/pico_sync/lock_core.c.obj
                0x10001c84                lock_init
 .text.runtime_init_mutex
                0x10001c94       0x50 CMakeFiles/main.dir/Users/macuser1/Pico/pico-sdk/src/common/pico_sync/mutex.c.obj
                0x10001c94                runtime_init_mutex
 .text.mutex_init
                0x10001ce4       0x1c CMakeFiles/main.dir/Users/macuser1/Pico/pico-sdk/src/common/pico_sync/mutex.c.obj
                0x10001ce4                mutex_init
 .text.recursive_mutex_init
                0x10001d00       0x1c CMakeFiles/main.dir/Users/macuser1/Pico/pico-sdk/src/common/pico_sync/mutex.c.obj
                0x10001d00                recursive_mutex_init
 .text.critical_section_init
                0x10001d1c       0x1c CMakeFiles/main.dir/Users/macuser1/Pico/pico-sdk/src/common/pico_sync/critical_section.c.obj
                0x10001d1c                critical_section_init
 .text.critical_section_init_with_lock_num
                0x10001d38       0x14 CMakeFiles/main.dir/Users/macuser1/Pico/pico-sdk/src/common/pico_sync/critical_section.c.obj
                0x10001d38                critical_section_init_with_lock_num
 .text.sleep_until_callback
                0x10001d4c       0x30 CMakeFiles/main.dir/Users/macuser1/Pico/pico-sdk/src/common/pico_time/time.c.obj
 .text.alarm_pool_irq_handler
                0x10001d7c      0x2e4 CMakeFiles/main.dir/Users/macuser1/Pico/pico-sdk/src/common/pico_time/time.c.obj
 .text.runtime_init_default_alarm_pool
                0x10002060       0xdc CMakeFiles/main.dir/Users/macuser1/Pico/pico-sdk/src/common/pico_time/time.c.obj
                0x10002060                runtime_init_default_alarm_pool
 .text.alarm_pool_get_default
                0x1000213c        0x8 CMakeFiles/main.dir/Users/macuser1/Pico/pico-sdk/src/common/pico_time/time.c.obj
                0x1000213c                alarm_pool_get_default
 .text.alarm_pool_add_alarm_at
                0x10002144       0xd4 CMakeFiles/main.dir/Users/macuser1/Pico/pico-sdk/src/common/pico_time/time.c.obj
                0x10002144                alarm_pool_add_alarm_at
 .text.alarm_pool_add_alarm_at_force_in_context
                0x10002218       0xb0 CMakeFiles/main.dir/Users/macuser1/Pico/pico-sdk/src/common/pico_time/time.c.obj
                0x10002218                alarm_pool_add_alarm_at_force_in_context
 .text.alarm_pool_cancel_alarm
                0x100022c8       0x74 CMakeFiles/main.dir/Users/macuser1/Pico/pico-sdk/src/common/pico_time/time.c.obj
                0x100022c8                alarm_pool_cancel_alarm
 .text.alarm_pool_core_num
                0x1000233c        0x4 CMakeFiles/main.dir/Users/macuser1/Pico/pico-sdk/src/common/pico_time/time.c.obj
                0x1000233c                alarm_pool_core_num
 .text.sleep_until
                0x10002340       0xd8 CMakeFiles/main.dir/Users/macuser1/Pico/pico-sdk/src/common/pico_time/time.c.obj
                0x10002340                sleep_until
 .text.sleep_ms
                0x10002418       0x38 CMakeFiles/main.dir/Users/macuser1/Pico/pico-sdk/src/common/pico_time/time.c.obj
                0x10002418                sleep_ms
 .text.best_effort_wfe_or_timeout
                0x10002450      0x134 CMakeFiles/main.dir/Users/macuser1/Pico/pico-sdk/src/common/pico_time/time.c.obj
                0x10002450                best_effort_wfe_or_timeout
 .text.timer_hardware_alarm_claim
                0x10002584       0x14 CMakeFiles/main.dir/Users/macuser1/Pico/pico-sdk/src/rp2_common/hardware_timer/timer.c.obj
                0x10002584                timer_hardware_alarm_claim
 .text.timer_time_us_64
                0x10002598       0x10 CMakeFiles/main.dir/Users/macuser1/Pico/pico-sdk/src/rp2_common/hardware_timer/timer.c.obj
                0x10002598                timer_time_us_64
 .text.time_us_64
                0x100025a8       0x14 CMakeFiles/main.dir/Users/macuser1/Pico/pico-sdk/src/rp2_common/hardware_timer/timer.c.obj
                0x100025a8                time_us_64
 .text.busy_wait_us
                0x100025bc       0x68 CMakeFiles/main.dir/Users/macuser1/Pico/pico-sdk/src/rp2_common/hardware_timer/timer.c.obj
                0x100025bc                busy_wait_us
 .text.busy_wait_until
                0x10002624       0x20 CMakeFiles/main.dir/Users/macuser1/Pico/pico-sdk/src/rp2_common/hardware_timer/timer.c.obj
                0x10002624                busy_wait_until
 .text.clock_configure_int_divider
                0x10002644       0xf4 CMakeFiles/main.dir/Users/macuser1/Pico/pico-sdk/src/rp2_common/hardware_clocks/clocks.c.obj
                0x10002644                clock_configure_int_divider
 .text.clock_configure_undivided
                0x10002738       0xe8 CMakeFiles/main.dir/Users/macuser1/Pico/pico-sdk/src/rp2_common/hardware_clocks/clocks.c.obj
                0x10002738                clock_configure_undivided
 .text.clock_get_hz
                0x10002820        0xc CMakeFiles/main.dir/Users/macuser1/Pico/pico-sdk/src/rp2_common/hardware_clocks/clocks.c.obj
                0x10002820                clock_get_hz
 .text.pll_init
                0x1000282c       0xa4 CMakeFiles/main.dir/Users/macuser1/Pico/pico-sdk/src/rp2_common/hardware_pll/pll.c.obj
                0x1000282c                pll_init
 .text.watchdog_reboot
                0x100028d0       0x9c CMakeFiles/main.dir/Users/macuser1/Pico/pico-sdk/src/rp2_common/hardware_watchdog/watchdog.c.obj
                0x100028d0                watchdog_reboot
 .text.tick_start
                0x1000296c       0x10 CMakeFiles/main.dir/Users/macuser1/Pico/pico-sdk/src/rp2_common/hardware_ticks/ticks.c.obj
                0x1000296c                tick_start
 .text.xosc_init
                0x1000297c       0x28 CMakeFiles/main.dir/Users/macuser1/Pico/pico-sdk/src/rp2_common/hardware_xosc/xosc.c.obj
                0x1000297c                xosc_init
 .text.first_per_core_initializer
                0x100029a4        0x4 CMakeFiles/main.dir/Users/macuser1/Pico/pico-sdk/src/rp2_common/pico_runtime/runtime.c.obj
 .text.hard_assertion_failure
                0x100029a8        0xc CMakeFiles/main.dir/Users/macuser1/Pico/pico-sdk/src/rp2_common/pico_runtime/runtime.c.obj
                0x100029a8                hard_assertion_failure
 .text.runtime_run_initializers
                0x100029b4       0x28 CMakeFiles/main.dir/Users/macuser1/Pico/pico-sdk/src/rp2_common/pico_runtime/runtime.c.obj
                0x100029b4                runtime_run_initializers
 .text.runtime_init_early_resets
                0x100029dc       0x2c CMakeFiles/main.dir/Users/macuser1/Pico/pico-sdk/src/rp2_common/pico_runtime_init/runtime_init.c.obj
                0x100029dc                runtime_init_early_resets
 .text.runtime_init_usb_power_down
                0x10002a08       0x1c CMakeFiles/main.dir/Users/macuser1/Pico/pico-sdk/src/rp2_common/pico_runtime_init/runtime_init.c.obj
                0x10002a08                runtime_init_usb_power_down
 .text.runtime_init_post_clock_resets
                0x10002a24       0x20 CMakeFiles/main.dir/Users/macuser1/Pico/pico-sdk/src/rp2_common/pico_runtime_init/runtime_init.c.obj
                0x10002a24                runtime_init_post_clock_resets
 .text.runtime_init_rp2040_gpio_ie_disable
                0x10002a44       0x14 CMakeFiles/main.dir/Users/macuser1/Pico/pico-sdk/src/rp2_common/pico_runtime_init/runtime_init.c.obj
                0x10002a44                runtime_init_rp2040_gpio_ie_disable
 .text.runtime_init_spin_locks_reset
                0x10002a58        0x8 CMakeFiles/main.dir/Users/macuser1/Pico/pico-sdk/src/rp2_common/pico_runtime_init/runtime_init.c.obj
                0x10002a58                runtime_init_spin_locks_reset
 .text.runtime_init_install_ram_vector_table
                0x10002a60       0x1c CMakeFiles/main.dir/Users/macuser1/Pico/pico-sdk/src/rp2_common/pico_runtime_init/runtime_init.c.obj
                0x10002a60                runtime_init_install_ram_vector_table
 .text.runtime_init_clocks
                0x10002a7c       0xd8 CMakeFiles/main.dir/Users/macuser1/Pico/pico-sdk/src/rp2_common/pico_runtime_init/runtime_init_clocks.c.obj
                0x10002a7c                runtime_init_clocks
 .text          0x10002b54       0x10 CMakeFiles/main.dir/Users/macuser1/Pico/pico-sdk/src/rp2_common/pico_bit_ops/bit_ops_aeabi.S.obj
 .text.ctzsi    0x10002b64        0xc CMakeFiles/main.dir/Users/macuser1/Pico/pico-sdk/src/rp2_common/pico_bit_ops/bit_ops_aeabi.S.obj
                0x10002b64                __wrap___ctzsi2
 .text.rom_func_lookup
                0x10002b70       0x10 CMakeFiles/main.dir/Users/macuser1/Pico/pico-sdk/src/rp2_common/pico_bootrom/bootrom.c.obj
                0x10002b70                rom_func_lookup
 .text.rom_data_lookup
                0x10002b80       0x10 CMakeFiles/main.dir/Users/macuser1/Pico/pico-sdk/src/rp2_common/pico_bootrom/bootrom.c.obj
                0x10002b80                rom_data_lookup
 .text.rom_funcs_lookup
                0x10002b90       0x44 CMakeFiles/main.dir/Users/macuser1/Pico/pico-sdk/src/rp2_common/pico_bootrom/bootrom.c.obj
                0x10002b90                rom_funcs_lookup
 .text.rom_reset_usb_boot
                0x10002bd4       0x20 CMakeFiles/main.dir/Users/macuser1/Pico/pico-sdk/src/rp2_common/pico_bootrom/bootrom.c.obj
                0x10002bd4                rom_reset_usb_boot
 .text.__wrap___aeabi_idiv
                0x10002bf4       0x50 CMakeFiles/main.dir/Users/macuser1/Pico/pico-sdk/src/rp2_common/pico_divider/divider_hardware.S.obj
                0x10002bf4                __wrap___aeabi_idivmod
                0x10002bf4                divmod_s32s32
                0x10002bf4                div_s32s32
                0x10002bf4                __wrap___aeabi_idiv
                0x10002bfc                divmod_s32s32_unsafe
                0x10002c28                divmod_s32s32_savestate
 .text.__wrap___aeabi_uidiv
                0x10002c44       0x4c CMakeFiles/main.dir/Users/macuser1/Pico/pico-sdk/src/rp2_common/pico_divider/divider_hardware.S.obj
                0x10002c44                __wrap___aeabi_uidiv
                0x10002c44                __wrap___aeabi_uidivmod
                0x10002c44                div_u32u32
                0x10002c44                divmod_u32u32
                0x10002c4c                divmod_u32u32_unsafe
                0x10002c74                divmod_u32u32_savestate
 .text.__wrap___aeabi_ldiv
                0x10002c90      0x424 CMakeFiles/main.dir/Users/macuser1/Pico/pico-sdk/src/rp2_common/pico_divider/divider_hardware.S.obj
                0x10002c90                __wrap___aeabi_ldivmod
                0x10002c90                div_s64s64
                0x10002c90                divmod_s64s64
                0x10002cc0                divmod_u64u64
                0x10002cc0                div_u64u64
                0x10002cc0                __wrap___aeabi_uldivmod
                0x10002cd0                divmod_u64u64_savestate
                0x10002cf0                divmod_s64s64_unsafe
                0x10002d78                divmod_u64u64_unsafe
 .text.__wrap___aeabi_darithmetic
                0x100030b4       0x60 CMakeFiles/main.dir/Users/macuser1/Pico/pico-sdk/src/rp2_common/pico_double/double_aeabi_rp2040.S.obj
                0x100030b4                __wrap___aeabi_drsub
                0x100030ba                __wrap___aeabi_dsub
                0x100030c4                __wrap___aeabi_dadd
                0x100030ce                __wrap___aeabi_ddiv
                0x10003102                __wrap___aeabi_dmul
 .text.__wrap___aeabi_cdcmple
                0x10003114       0x6c CMakeFiles/main.dir/Users/macuser1/Pico/pico-sdk/src/rp2_common/pico_double/double_aeabi_rp2040.S.obj
                0x10003114                __wrap___aeabi_cdrcmple
                0x10003124                __wrap___aeabi_cdcmple
                0x10003124                __wrap___aeabi_cdcmpeq
 .text.__wrap___aeabi_dcmpeq
                0x10003180       0x10 CMakeFiles/main.dir/Users/macuser1/Pico/pico-sdk/src/rp2_common/pico_double/double_aeabi_rp2040.S.obj
                0x10003180                __wrap___aeabi_dcmpeq
 .text.__wrap___aeabi_dcmplt
                0x10003190        0xc CMakeFiles/main.dir/Users/macuser1/Pico/pico-sdk/src/rp2_common/pico_double/double_aeabi_rp2040.S.obj
                0x10003190                __wrap___aeabi_dcmplt
 .text.__wrap___aeabi_dcmple
                0x1000319c       0x10 CMakeFiles/main.dir/Users/macuser1/Pico/pico-sdk/src/rp2_common/pico_double/double_aeabi_rp2040.S.obj
                0x1000319c                __wrap___aeabi_dcmple
 .text.__wrap___aeabi_dcmpge
                0x100031ac       0x10 CMakeFiles/main.dir/Users/macuser1/Pico/pico-sdk/src/rp2_common/pico_double/double_aeabi_rp2040.S.obj
                0x100031ac                __wrap___aeabi_dcmpge
 .text.__wrap___aeabi_dcmpgt
                0x100031bc        0xa CMakeFiles/main.dir/Users/macuser1/Pico/pico-sdk/src/rp2_common/pico_double/double_aeabi_rp2040.S.obj
                0x100031bc                __wrap___aeabi_dcmpgt
 .text.__wrap___aeabi_dcmpun
                0x100031c6       0x18 CMakeFiles/main.dir/Users/macuser1/Pico/pico-sdk/src/rp2_common/pico_double/double_aeabi_rp2040.S.obj
                0x100031c6                __wrap___aeabi_dcmpun
 *fill*         0x100031de        0x2 
 .text.__wrap___aeabi_i2d
                0x100031e0       0x38 CMakeFiles/main.dir/Users/macuser1/Pico/pico-sdk/src/rp2_common/pico_double/double_aeabi_rp2040.S.obj
                0x100031e0                __wrap___aeabi_ui2d
                0x100031e8                __wrap___aeabi_i2d
 .text.__wrap___aeabi_d2iz
                0x10003218       0x48 CMakeFiles/main.dir/Users/macuser1/Pico/pico-sdk/src/rp2_common/pico_double/double_aeabi_rp2040.S.obj
                0x10003218                __wrap___aeabi_d2iz
                0x10003218                double2int_z
 .text.__wrap___aeabi_d2uiz
                0x10003260       0x10 CMakeFiles/main.dir/Users/macuser1/Pico/pico-sdk/src/rp2_common/pico_double/double_aeabi_rp2040.S.obj
                0x10003260                double2uint
                0x10003260                __wrap___aeabi_d2uiz
 .text.__wrap___aeabi_l2d
                0x10003270       0x10 CMakeFiles/main.dir/Users/macuser1/Pico/pico-sdk/src/rp2_common/pico_double/double_aeabi_rp2040.S.obj
                0x10003270                __wrap___aeabi_l2d
 .text.__wrap___aeabi_d2lz
                0x10003280       0x26 CMakeFiles/main.dir/Users/macuser1/Pico/pico-sdk/src/rp2_common/pico_double/double_aeabi_rp2040.S.obj
                0x10003280                __wrap___aeabi_d2lz
                0x10003280                double2int64_z
 *fill*         0x100032a6        0x2 
 .text.double2int64
                0x100032a8       0x10 CMakeFiles/main.dir/Users/macuser1/Pico/pico-sdk/src/rp2_common/pico_double/double_aeabi_rp2040.S.obj
                0x100032a8                double2int64
 .text.double2ufix64
                0x100032b8       0x10 CMakeFiles/main.dir/Users/macuser1/Pico/pico-sdk/src/rp2_common/pico_double/double_aeabi_rp2040.S.obj
                0x100032b8                double2ufix64
 .text.missing_double_func_shim
                0x100032c8        0xc CMakeFiles/main.dir/Users/macuser1/Pico/pico-sdk/src/rp2_common/pico_double/double_init_rom_rp2040.c.obj
 .text.__aeabi_double_init
                0x100032d4       0xa0 CMakeFiles/main.dir/Users/macuser1/Pico/pico-sdk/src/rp2_common/pico_double/double_init_rom_rp2040.c.obj
                0x100032d4                __aeabi_double_init
 .text.double_table_shim_on_use_helper
                0x10003374       0x2c CMakeFiles/main.dir/Users/macuser1/Pico/pico-sdk/src/rp2_common/pico_double/double_v1_rom_shim_rp2040.S.obj
                0x10003374                double_table_shim_on_use_helper
 .text.__aeabi_lmul
                0x100033a0       0x32 CMakeFiles/main.dir/Users/macuser1/Pico/pico-sdk/src/rp2_common/pico_int64_ops/pico_int64_ops_aeabi.S.obj
                0x100033a0                __wrap___aeabi_lmul
 *fill*         0x100033d2        0x2 
 .text.missing_float_func_shim
                0x100033d4        0xc CMakeFiles/main.dir/Users/macuser1/Pico/pico-sdk/src/rp2_common/pico_float/float_init_rom_rp2040.c.obj
 .text.__aeabi_float_init
                0x100033e0       0x5c CMakeFiles/main.dir/Users/macuser1/Pico/pico-sdk/src/rp2_common/pico_float/float_init_rom_rp2040.c.obj
                0x100033e0                __aeabi_float_init
 .text.__wrap_malloc
                0x1000343c       0x24 CMakeFiles/main.dir/Users/macuser1/Pico/pico-sdk/src/rp2_common/pico_malloc/malloc.c.obj
                0x1000343c                __wrap_malloc
 .text.__wrap_realloc
                0x10003460       0x24 CMakeFiles/main.dir/Users/macuser1/Pico/pico-sdk/src/rp2_common/pico_malloc/malloc.c.obj
                0x10003460                __wrap_realloc
 .text.__wrap_free
                0x10003484        0x8 CMakeFiles/main.dir/Users/macuser1/Pico/pico-sdk/src/rp2_common/pico_malloc/malloc.c.obj
                0x10003484                __wrap_free
 .text          0x1000348c       0x10 CMakeFiles/main.dir/Users/macuser1/Pico/pico-sdk/src/rp2_common/pico_mem_ops/mem_ops_aeabi.S.obj
                0x1000348c                __aeabi_mem_init
 .text.memset   0x1000349c        0xc CMakeFiles/main.dir/Users/macuser1/Pico/pico-sdk/src/rp2_common/pico_mem_ops/mem_ops_aeabi.S.obj
                0x1000349c                __wrap_memset
 .text.memcpy   0x100034a8        0xc CMakeFiles/main.dir/Users/macuser1/Pico/pico-sdk/src/rp2_common/pico_mem_ops/mem_ops_aeabi.S.obj
                0x100034a8                __wrap___aeabi_memcpy
                0x100034a8                __wrap_memcpy
 .text._out_buffer
                0x100034b4        0x8 CMakeFiles/main.dir/Users/macuser1/Pico/pico-sdk/src/rp2_common/pico_printf/printf.c.obj
 .text._out_null
                0x100034bc        0x4 CMakeFiles/main.dir/Users/macuser1/Pico/pico-sdk/src/rp2_common/pico_printf/printf.c.obj
 .text._out_rev
                0x100034c0       0xac CMakeFiles/main.dir/Users/macuser1/Pico/pico-sdk/src/rp2_common/pico_printf/printf.c.obj
 .text._ntoa_format
                0x1000356c      0x250 CMakeFiles/main.dir/Users/macuser1/Pico/pico-sdk/src/rp2_common/pico_printf/printf.c.obj
 .text._out_char
                0x100037bc       0x10 CMakeFiles/main.dir/Users/macuser1/Pico/pico-sdk/src/rp2_common/pico_printf/printf.c.obj
 .text._out_fct
                0x100037cc       0x10 CMakeFiles/main.dir/Users/macuser1/Pico/pico-sdk/src/rp2_common/pico_printf/printf.c.obj
 .text._etoa    0x100037dc      0x464 CMakeFiles/main.dir/Users/macuser1/Pico/pico-sdk/src/rp2_common/pico_printf/printf.c.obj
 .text._ftoa    0x10003c40      0x3c0 CMakeFiles/main.dir/Users/macuser1/Pico/pico-sdk/src/rp2_common/pico_printf/printf.c.obj
 .text._vsnprintf
                0x10004000      0xbc8 CMakeFiles/main.dir/Users/macuser1/Pico/pico-sdk/src/rp2_common/pico_printf/printf.c.obj
 .text.__wrap_snprintf
                0x10004bc8       0x28 CMakeFiles/main.dir/Users/macuser1/Pico/pico-sdk/src/rp2_common/pico_printf/printf.c.obj
                0x10004bc8                __wrap_snprintf
 .text.vfctprintf
                0x10004bf0       0x20 CMakeFiles/main.dir/Users/macuser1/Pico/pico-sdk/src/rp2_common/pico_printf/printf.c.obj
                0x10004bf0                vfctprintf
 .text.weak_raw_printf
                0x10004c10       0x40 CMakeFiles/main.dir/Users/macuser1/Pico/pico-sdk/src/rp2_common/pico_printf/printf.c.obj
                0x10004c10                weak_raw_printf
 .text.weak_raw_vprintf
                0x10004c50       0x30 CMakeFiles/main.dir/Users/macuser1/Pico/pico-sdk/src/rp2_common/pico_printf/printf.c.obj
                0x10004c50                weak_raw_vprintf
 .text._exit    0x10004c80        0x4 CMakeFiles/main.dir/Users/macuser1/Pico/pico-sdk/src/rp2_common/pico_clib_interface/newlib_interface.c.obj
                0x10004c80                _exit
 .text._sbrk    0x10004c84       0x34 CMakeFiles/main.dir/Users/macuser1/Pico/pico-sdk/src/rp2_common/pico_clib_interface/newlib_interface.c.obj
                0x10004c84                _sbrk
 .text._gettimeofday
                0x10004cb8       0x30 CMakeFiles/main.dir/Users/macuser1/Pico/pico-sdk/src/rp2_common/pico_clib_interface/newlib_interface.c.obj
                0x10004cb8                _gettimeofday
 .text._read    0x10004ce8       0x24 CMakeFiles/main.dir/Users/macuser1/Pico/pico-sdk/src/rp2_common/pico_clib_interface/newlib_interface.c.obj
                0x10004ce8                _read
 .text._write   0x10004d0c       0x24 CMakeFiles/main.dir/Users/macuser1/Pico/pico-sdk/src/rp2_common/pico_clib_interface/newlib_interface.c.obj
                0x10004d0c                _write
 .text._close   0x10004d30        0x8 CMakeFiles/main.dir/Users/macuser1/Pico/pico-sdk/src/rp2_common/pico_clib_interface/newlib_interface.c.obj
                0x10004d30                _close
 .text._lseek   0x10004d38        0x8 CMakeFiles/main.dir/Users/macuser1/Pico/pico-sdk/src/rp2_common/pico_clib_interface/newlib_interface.c.obj
                0x10004d38                _lseek
 .text._fstat   0x10004d40        0x8 CMakeFiles/main.dir/Users/macuser1/Pico/pico-sdk/src/rp2_common/pico_clib_interface/newlib_interface.c.obj
                0x10004d40                _fstat
 .text._isatty  0x10004d48        0xc CMakeFiles/main.dir/Users/macuser1/Pico/pico-sdk/src/rp2_common/pico_clib_interface/newlib_interface.c.obj
                0x10004d48                _isatty
 .text.exit     0x10004d54        0x8 CMakeFiles/main.dir/Users/macuser1/Pico/pico-sdk/src/rp2_common/pico_clib_interface/newlib_interface.c.obj
                0x10004d54                exit
 .text.__assert_func
                0x10004d5c       0x38 CMakeFiles/main.dir/Users/macuser1/Pico/pico-sdk/src/rp2_common/pico_clib_interface/newlib_interface.c.obj
                0x10004d5c                __assert_func
 .text.runtime_init
                0x10004d94       0x2c CMakeFiles/main.dir/Users/macuser1/Pico/pico-sdk/src/rp2_common/pico_clib_interface/newlib_interface.c.obj
                0x10004d94                runtime_init
 .text.stdio_out_chars_no_crlf
                0x10004dc0       0x10 CMakeFiles/main.dir/Users/macuser1/Pico/pico-sdk/src/rp2_common/pico_stdio/stdio.c.obj
 .text.stdio_out_chars_crlf
                0x10004dd0       0x94 CMakeFiles/main.dir/Users/macuser1/Pico/pico-sdk/src/rp2_common/pico_stdio/stdio.c.obj
 .text.stdio_buffered_printer
                0x10004e64       0x64 CMakeFiles/main.dir/Users/macuser1/Pico/pico-sdk/src/rp2_common/pico_stdio/stdio.c.obj
 .text.stdio_put_string
                0x10004ec8      0x100 CMakeFiles/main.dir/Users/macuser1/Pico/pico-sdk/src/rp2_common/pico_stdio/stdio.c.obj
                0x10004ec8                stdio_put_string
 .text.stdio_get_until
                0x10004fc8       0x84 CMakeFiles/main.dir/Users/macuser1/Pico/pico-sdk/src/rp2_common/pico_stdio/stdio.c.obj
                0x10004fc8                stdio_get_until
 .text.stdio_set_driver_enabled
                0x1000504c       0x30 CMakeFiles/main.dir/Users/macuser1/Pico/pico-sdk/src/rp2_common/pico_stdio/stdio.c.obj
                0x1000504c                stdio_set_driver_enabled
 .text.stdio_init_all
                0x1000507c        0x8 CMakeFiles/main.dir/Users/macuser1/Pico/pico-sdk/src/rp2_common/pico_stdio/stdio.c.obj
                0x1000507c                stdio_init_all
 .text.__wrap_putchar
                0x10005084       0x98 CMakeFiles/main.dir/Users/macuser1/Pico/pico-sdk/src/rp2_common/pico_stdio/stdio.c.obj
                0x10005084                stdio_putchar
                0x10005084                __wrap_putchar
 .text.__wrap_puts
                0x1000511c       0x3c CMakeFiles/main.dir/Users/macuser1/Pico/pico-sdk/src/rp2_common/pico_stdio/stdio.c.obj
                0x1000511c                __wrap_puts
                0x1000511c                stdio_puts
 .text.__wrap_vprintf
                0x10005158       0xd4 CMakeFiles/main.dir/Users/macuser1/Pico/pico-sdk/src/rp2_common/pico_stdio/stdio.c.obj
                0x10005158                __wrap_vprintf
                0x10005158                stdio_vprintf
 .text.__wrap_printf
                0x1000522c       0x18 CMakeFiles/main.dir/Users/macuser1/Pico/pico-sdk/src/rp2_common/pico_stdio/stdio.c.obj
                0x1000522c                stdio_printf
                0x1000522c                __wrap_printf
 .text.resetd_init
                0x10005244        0x4 CMakeFiles/main.dir/Users/macuser1/Pico/pico-sdk/src/rp2_common/pico_stdio_usb/reset_interface.c.obj
 .text.resetd_reset
                0x10005248        0xc CMakeFiles/main.dir/Users/macuser1/Pico/pico-sdk/src/rp2_common/pico_stdio_usb/reset_interface.c.obj
 .text.resetd_open
                0x10005254       0x28 CMakeFiles/main.dir/Users/macuser1/Pico/pico-sdk/src/rp2_common/pico_stdio_usb/reset_interface.c.obj
 .text.resetd_xfer_cb
                0x1000527c        0x4 CMakeFiles/main.dir/Users/macuser1/Pico/pico-sdk/src/rp2_common/pico_stdio_usb/reset_interface.c.obj
 .text.resetd_control_xfer_cb
                0x10005280       0x54 CMakeFiles/main.dir/Users/macuser1/Pico/pico-sdk/src/rp2_common/pico_stdio_usb/reset_interface.c.obj
 .text.tud_descriptor_bos_cb
                0x100052d4        0x8 CMakeFiles/main.dir/Users/macuser1/Pico/pico-sdk/src/rp2_common/pico_stdio_usb/reset_interface.c.obj
                0x100052d4                tud_descriptor_bos_cb
 .text.tud_vendor_control_xfer_cb
                0x100052dc       0x34 CMakeFiles/main.dir/Users/macuser1/Pico/pico-sdk/src/rp2_common/pico_stdio_usb/reset_interface.c.obj
                0x100052dc                tud_vendor_control_xfer_cb
 .text.usbd_app_driver_get_cb
                0x10005310        0xc CMakeFiles/main.dir/Users/macuser1/Pico/pico-sdk/src/rp2_common/pico_stdio_usb/reset_interface.c.obj
                0x10005310                usbd_app_driver_get_cb
 .text.tud_cdc_line_coding_cb
                0x1000531c       0x28 CMakeFiles/main.dir/Users/macuser1/Pico/pico-sdk/src/rp2_common/pico_stdio_usb/reset_interface.c.obj
                0x1000531c                tud_cdc_line_coding_cb
 .text.stdio_usb_set_chars_available_callback
                0x10005344       0x14 CMakeFiles/main.dir/Users/macuser1/Pico/pico-sdk/src/rp2_common/pico_stdio_usb/stdio_usb.c.obj
                0x10005344                stdio_usb_set_chars_available_callback
 .text.usb_irq  0x10005358       0x10 CMakeFiles/main.dir/Users/macuser1/Pico/pico-sdk/src/rp2_common/pico_stdio_usb/stdio_usb.c.obj
 .text.timer_task
                0x10005368       0x64 CMakeFiles/main.dir/Users/macuser1/Pico/pico-sdk/src/rp2_common/pico_stdio_usb/stdio_usb.c.obj
 .text.stdio_usb_in_chars
                0x100053cc       0x90 CMakeFiles/main.dir/Users/macuser1/Pico/pico-sdk/src/rp2_common/pico_stdio_usb/stdio_usb.c.obj
                0x100053cc                stdio_usb_in_chars
 .text.stdio_usb_out_flush
                0x1000545c       0x50 CMakeFiles/main.dir/Users/macuser1/Pico/pico-sdk/src/rp2_common/pico_stdio_usb/stdio_usb.c.obj
 .text.stdio_usb_out_chars
                0x100054ac      0x104 CMakeFiles/main.dir/Users/macuser1/Pico/pico-sdk/src/rp2_common/pico_stdio_usb/stdio_usb.c.obj
 .text.low_priority_worker_irq
                0x100055b0       0xcc CMakeFiles/main.dir/Users/macuser1/Pico/pico-sdk/src/rp2_common/pico_stdio_usb/stdio_usb.c.obj
 .text.stdio_usb_init
                0x1000567c       0xe8 CMakeFiles/main.dir/Users/macuser1/Pico/pico-sdk/src/rp2_common/pico_stdio_usb/stdio_usb.c.obj
                0x1000567c                stdio_usb_init
 .text.stdio_usb_connected
                0x10005764        0xc CMakeFiles/main.dir/Users/macuser1/Pico/pico-sdk/src/rp2_common/pico_stdio_usb/stdio_usb.c.obj
                0x10005764                stdio_usb_connected
 .text.tud_descriptor_device_cb
                0x10005770        0x8 CMakeFiles/main.dir/Users/macuser1/Pico/pico-sdk/src/rp2_common/pico_stdio_usb/stdio_usb_descriptors.c.obj
                0x10005770                tud_descriptor_device_cb
 .text.tud_descriptor_configuration_cb
                0x10005778        0x8 CMakeFiles/main.dir/Users/macuser1/Pico/pico-sdk/src/rp2_common/pico_stdio_usb/stdio_usb_descriptors.c.obj
                0x10005778                tud_descriptor_configuration_cb
 .text.tud_descriptor_string_cb
                0x10005780       0x78 CMakeFiles/main.dir/Users/macuser1/Pico/pico-sdk/src/rp2_common/pico_stdio_usb/stdio_usb_descriptors.c.obj
                0x10005780                tud_descriptor_string_cb
 .text.startup._retrieve_unique_id_on_boot
                0x100057f8       0x10 CMakeFiles/main.dir/Users/macuser1/Pico/pico-sdk/src/rp2_common/pico_unique_id/unique_id.c.obj
 .text.pico_get_unique_board_id
                0x10005808       0x10 CMakeFiles/main.dir/Users/macuser1/Pico/pico-sdk/src/rp2_common/pico_unique_id/unique_id.c.obj
                0x10005808                pico_get_unique_board_id
 .text.pico_get_unique_board_id_string
                0x10005818      0x1a8 CMakeFiles/main.dir/Users/macuser1/Pico/pico-sdk/src/rp2_common/pico_unique_id/unique_id.c.obj
                0x10005818                pico_get_unique_board_id_string
 .text.flash_get_unique_id
                0x100059c0       0x3c CMakeFiles/main.dir/Users/macuser1/Pico/pico-sdk/src/rp2_common/hardware_flash/flash.c.obj
                0x100059c0                flash_get_unique_id
 .text.dcd_init
                0x100059fc       0x8c CMakeFiles/main.dir/Users/macuser1/Pico/pico-sdk/lib/tinyusb/src/portable/raspberrypi/rp2040/dcd_rp2040.c.obj
                0x100059fc                dcd_init
 .text.dcd_int_enable
                0x10005a88        0xc CMakeFiles/main.dir/Users/macuser1/Pico/pico-sdk/lib/tinyusb/src/portable/raspberrypi/rp2040/dcd_rp2040.c.obj
                0x10005a88                dcd_int_enable
 .text.dcd_set_address
                0x10005a94       0x14 CMakeFiles/main.dir/Users/macuser1/Pico/pico-sdk/lib/tinyusb/src/portable/raspberrypi/rp2040/dcd_rp2040.c.obj
                0x10005a94                dcd_set_address
 .text.dcd_sof_enable
                0x10005aa8       0x1c CMakeFiles/main.dir/Users/macuser1/Pico/pico-sdk/lib/tinyusb/src/portable/raspberrypi/rp2040/dcd_rp2040.c.obj
                0x10005aa8                dcd_sof_enable
 .text.dcd_edpt0_status_complete
                0x10005ac4       0x1c CMakeFiles/main.dir/Users/macuser1/Pico/pico-sdk/lib/tinyusb/src/portable/raspberrypi/rp2040/dcd_rp2040.c.obj
                0x10005ac4                dcd_edpt0_status_complete
 .text.dcd_edpt_open
                0x10005ae0      0x108 CMakeFiles/main.dir/Users/macuser1/Pico/pico-sdk/lib/tinyusb/src/portable/raspberrypi/rp2040/dcd_rp2040.c.obj
                0x10005ae0                dcd_edpt_open
 .text.dcd_edpt_close_all
                0x10005be8        0x8 CMakeFiles/main.dir/Users/macuser1/Pico/pico-sdk/lib/tinyusb/src/portable/raspberrypi/rp2040/dcd_rp2040.c.obj
                0x10005be8                dcd_edpt_close_all
 .text.dcd_edpt_xfer
                0x10005bf0       0x24 CMakeFiles/main.dir/Users/macuser1/Pico/pico-sdk/lib/tinyusb/src/portable/raspberrypi/rp2040/dcd_rp2040.c.obj
                0x10005bf0                dcd_edpt_xfer
 .text.dcd_edpt_stall
                0x10005c14       0x34 CMakeFiles/main.dir/Users/macuser1/Pico/pico-sdk/lib/tinyusb/src/portable/raspberrypi/rp2040/dcd_rp2040.c.obj
                0x10005c14                dcd_edpt_stall
 .text.dcd_edpt_clear_stall
                0x10005c48       0x30 CMakeFiles/main.dir/Users/macuser1/Pico/pico-sdk/lib/tinyusb/src/portable/raspberrypi/rp2040/dcd_rp2040.c.obj
                0x10005c48                dcd_edpt_clear_stall
 .text.rp2040_usb_init
                0x10005c78       0x40 CMakeFiles/main.dir/Users/macuser1/Pico/pico-sdk/lib/tinyusb/src/portable/raspberrypi/rp2040/rp2040_usb.c.obj
                0x10005c78                rp2040_usb_init
 .text.hw_endpoint_xfer_start
                0x10005cb8       0x40 CMakeFiles/main.dir/Users/macuser1/Pico/pico-sdk/lib/tinyusb/src/portable/raspberrypi/rp2040/rp2040_usb.c.obj
                0x10005cb8                hw_endpoint_xfer_start
 .text.tud_event_hook_cb
                0x10005cf8        0x4 CMakeFiles/main.dir/Users/macuser1/Pico/pico-sdk/lib/tinyusb/src/device/usbd.c.obj
                0x10005cf8                tud_event_hook_cb
 .text.tud_sof_cb
                0x10005cfc        0x4 CMakeFiles/main.dir/Users/macuser1/Pico/pico-sdk/lib/tinyusb/src/device/usbd.c.obj
                0x10005cfc                tud_sof_cb
 .text.tud_descriptor_device_qualifier_cb
                0x10005d00        0x4 CMakeFiles/main.dir/Users/macuser1/Pico/pico-sdk/lib/tinyusb/src/device/usbd.c.obj
                0x10005d00                tud_descriptor_device_qualifier_cb
 .text.tud_descriptor_other_speed_configuration_cb
                0x10005d04        0x4 CMakeFiles/main.dir/Users/macuser1/Pico/pico-sdk/lib/tinyusb/src/device/usbd.c.obj
                0x10005d04                tud_descriptor_other_speed_configuration_cb
 .text.tud_mount_cb
                0x10005d08        0x4 CMakeFiles/main.dir/Users/macuser1/Pico/pico-sdk/lib/tinyusb/src/device/usbd.c.obj
                0x10005d08                tud_mount_cb
 .text.tud_umount_cb
                0x10005d0c        0x4 CMakeFiles/main.dir/Users/macuser1/Pico/pico-sdk/lib/tinyusb/src/device/usbd.c.obj
                0x10005d0c                tud_umount_cb
 .text.tud_suspend_cb
                0x10005d10        0x4 CMakeFiles/main.dir/Users/macuser1/Pico/pico-sdk/lib/tinyusb/src/device/usbd.c.obj
                0x10005d10                tud_suspend_cb
 .text.tud_resume_cb
                0x10005d14        0x4 CMakeFiles/main.dir/Users/macuser1/Pico/pico-sdk/lib/tinyusb/src/device/usbd.c.obj
                0x10005d14                tud_resume_cb
 .text.tud_mounted
                0x10005d18       0x10 CMakeFiles/main.dir/Users/macuser1/Pico/pico-sdk/lib/tinyusb/src/device/usbd.c.obj
                0x10005d18                tud_mounted
 .text.tud_suspended
                0x10005d28       0x10 CMakeFiles/main.dir/Users/macuser1/Pico/pico-sdk/lib/tinyusb/src/device/usbd.c.obj
                0x10005d28                tud_suspended
 .text.tud_init
                0x10005d38       0xe4 CMakeFiles/main.dir/Users/macuser1/Pico/pico-sdk/lib/tinyusb/src/device/usbd.c.obj
                0x10005d38                tud_init
 .text.tud_task_ext
                0x10005e1c      0x800 CMakeFiles/main.dir/Users/macuser1/Pico/pico-sdk/lib/tinyusb/src/device/usbd.c.obj
                0x10005e1c                tud_task_ext
 .text.usbd_open_edpt_pair
                0x1000661c       0x9c CMakeFiles/main.dir/Users/macuser1/Pico/pico-sdk/lib/tinyusb/src/device/usbd.c.obj
                0x1000661c                usbd_open_edpt_pair
 .text.usbd_edpt_open
                0x100066b8       0x34 CMakeFiles/main.dir/Users/macuser1/Pico/pico-sdk/lib/tinyusb/src/device/usbd.c.obj
                0x100066b8                usbd_edpt_open
 .text.usbd_edpt_claim
                0x100066ec       0x28 CMakeFiles/main.dir/Users/macuser1/Pico/pico-sdk/lib/tinyusb/src/device/usbd.c.obj
                0x100066ec                usbd_edpt_claim
 .text.usbd_edpt_release
                0x10006714       0x28 CMakeFiles/main.dir/Users/macuser1/Pico/pico-sdk/lib/tinyusb/src/device/usbd.c.obj
                0x10006714                usbd_edpt_release
 .text.usbd_edpt_xfer
                0x1000673c       0x4c CMakeFiles/main.dir/Users/macuser1/Pico/pico-sdk/lib/tinyusb/src/device/usbd.c.obj
                0x1000673c                usbd_edpt_xfer
 .text.tud_control_status
                0x10006788       0x2c CMakeFiles/main.dir/Users/macuser1/Pico/pico-sdk/lib/tinyusb/src/device/usbd_control.c.obj
                0x10006788                tud_control_status
 .text.tud_control_xfer
                0x100067b4       0xac CMakeFiles/main.dir/Users/macuser1/Pico/pico-sdk/lib/tinyusb/src/device/usbd_control.c.obj
                0x100067b4                tud_control_xfer
 .text.usbd_control_reset
                0x10006860       0x14 CMakeFiles/main.dir/Users/macuser1/Pico/pico-sdk/lib/tinyusb/src/device/usbd_control.c.obj
                0x10006860                usbd_control_reset
 .text.usbd_control_set_complete_callback
                0x10006874        0xc CMakeFiles/main.dir/Users/macuser1/Pico/pico-sdk/lib/tinyusb/src/device/usbd_control.c.obj
                0x10006874                usbd_control_set_complete_callback
 .text.usbd_control_set_request
                0x10006880       0x1c CMakeFiles/main.dir/Users/macuser1/Pico/pico-sdk/lib/tinyusb/src/device/usbd_control.c.obj
                0x10006880                usbd_control_set_request
 .text.usbd_control_xfer_cb
                0x1000689c       0xec CMakeFiles/main.dir/Users/macuser1/Pico/pico-sdk/lib/tinyusb/src/device/usbd_control.c.obj
                0x1000689c                usbd_control_xfer_cb
 .text._prep_out_transaction.isra.0
                0x10006988       0x5c CMakeFiles/main.dir/Users/macuser1/Pico/pico-sdk/lib/tinyusb/src/class/cdc/cdc_device.c.obj
 .text.tud_cdc_n_connected
                0x100069e4       0x30 CMakeFiles/main.dir/Users/macuser1/Pico/pico-sdk/lib/tinyusb/src/class/cdc/cdc_device.c.obj
                0x100069e4                tud_cdc_n_connected
 .text.tud_cdc_n_available
                0x10006a14       0x18 CMakeFiles/main.dir/Users/macuser1/Pico/pico-sdk/lib/tinyusb/src/class/cdc/cdc_device.c.obj
                0x10006a14                tud_cdc_n_available
 .text.tud_cdc_n_read
                0x10006a2c       0x98 CMakeFiles/main.dir/Users/macuser1/Pico/pico-sdk/lib/tinyusb/src/class/cdc/cdc_device.c.obj
                0x10006a2c                tud_cdc_n_read
 .text.tud_cdc_n_write_flush
                0x10006ac4       0x78 CMakeFiles/main.dir/Users/macuser1/Pico/pico-sdk/lib/tinyusb/src/class/cdc/cdc_device.c.obj
                0x10006ac4                tud_cdc_n_write_flush
 .text.tud_cdc_n_write
                0x10006b3c       0x40 CMakeFiles/main.dir/Users/macuser1/Pico/pico-sdk/lib/tinyusb/src/class/cdc/cdc_device.c.obj
                0x10006b3c                tud_cdc_n_write
 .text.tud_cdc_n_write_available
                0x10006b7c       0x18 CMakeFiles/main.dir/Users/macuser1/Pico/pico-sdk/lib/tinyusb/src/class/cdc/cdc_device.c.obj
                0x10006b7c                tud_cdc_n_write_available
 .text.cdcd_init
                0x10006b94       0x7c CMakeFiles/main.dir/Users/macuser1/Pico/pico-sdk/lib/tinyusb/src/class/cdc/cdc_device.c.obj
                0x10006b94                cdcd_init
 .text.cdcd_deinit
                0x10006c10       0x34 CMakeFiles/main.dir/Users/macuser1/Pico/pico-sdk/lib/tinyusb/src/class/cdc/cdc_device.c.obj
                0x10006c10                cdcd_deinit
 .text.cdcd_reset
                0x10006c44       0x4c CMakeFiles/main.dir/Users/macuser1/Pico/pico-sdk/lib/tinyusb/src/class/cdc/cdc_device.c.obj
                0x10006c44                cdcd_reset
 .text.cdcd_open
                0x10006c90       0xb0 CMakeFiles/main.dir/Users/macuser1/Pico/pico-sdk/lib/tinyusb/src/class/cdc/cdc_device.c.obj
                0x10006c90                cdcd_open
 .text.cdcd_control_xfer_cb
                0x10006d40       0xe4 CMakeFiles/main.dir/Users/macuser1/Pico/pico-sdk/lib/tinyusb/src/class/cdc/cdc_device.c.obj
                0x10006d40                cdcd_control_xfer_cb
 .text.cdcd_xfer_cb
                0x10006e24      0x100 CMakeFiles/main.dir/Users/macuser1/Pico/pico-sdk/lib/tinyusb/src/class/cdc/cdc_device.c.obj
                0x10006e24                cdcd_xfer_cb
 .text.tud_vendor_n_write_flush
                0x10006f24       0x78 CMakeFiles/main.dir/Users/macuser1/Pico/pico-sdk/lib/tinyusb/src/class/vendor/vendor_device.c.obj
                0x10006f24                tud_vendor_n_write_flush
 .text.vendord_init
                0x10006f9c       0x64 CMakeFiles/main.dir/Users/macuser1/Pico/pico-sdk/lib/tinyusb/src/class/vendor/vendor_device.c.obj
                0x10006f9c                vendord_init
 .text.vendord_deinit
                0x10007000       0x34 CMakeFiles/main.dir/Users/macuser1/Pico/pico-sdk/lib/tinyusb/src/class/vendor/vendor_device.c.obj
                0x10007000                vendord_deinit
 .text.vendord_reset
                0x10007034       0x1c CMakeFiles/main.dir/Users/macuser1/Pico/pico-sdk/lib/tinyusb/src/class/vendor/vendor_device.c.obj
                0x10007034                vendord_reset
 .text.vendord_open
                0x10007050       0xd8 CMakeFiles/main.dir/Users/macuser1/Pico/pico-sdk/lib/tinyusb/src/class/vendor/vendor_device.c.obj
                0x10007050                vendord_open
 .text.vendord_xfer_cb
                0x10007128       0xc8 CMakeFiles/main.dir/Users/macuser1/Pico/pico-sdk/lib/tinyusb/src/class/vendor/vendor_device.c.obj
                0x10007128                vendord_xfer_cb
 .text.tusb_init
                0x100071f0        0xc CMakeFiles/main.dir/Users/macuser1/Pico/pico-sdk/lib/tinyusb/src/tusb.c.obj
                0x100071f0                tusb_init
 .text.tu_edpt_claim
                0x100071fc       0x50 CMakeFiles/main.dir/Users/macuser1/Pico/pico-sdk/lib/tinyusb/src/tusb.c.obj
                0x100071fc                tu_edpt_claim
 .text.tu_edpt_release
                0x1000724c       0x38 CMakeFiles/main.dir/Users/macuser1/Pico/pico-sdk/lib/tinyusb/src/tusb.c.obj
                0x1000724c                tu_edpt_release
 .text.tu_edpt_validate
                0x10007284       0x7c CMakeFiles/main.dir/Users/macuser1/Pico/pico-sdk/lib/tinyusb/src/tusb.c.obj
                0x10007284                tu_edpt_validate
 .text.tu_edpt_bind_driver
                0x10007300       0x34 CMakeFiles/main.dir/Users/macuser1/Pico/pico-sdk/lib/tinyusb/src/tusb.c.obj
                0x10007300                tu_edpt_bind_driver
 .text.tu_fifo_config
                0x10007334       0x6c CMakeFiles/main.dir/Users/macuser1/Pico/pico-sdk/lib/tinyusb/src/common/tusb_fifo.c.obj
                0x10007334                tu_fifo_config
 .text.tu_fifo_count
                0x100073a0       0x2c CMakeFiles/main.dir/Users/macuser1/Pico/pico-sdk/lib/tinyusb/src/common/tusb_fifo.c.obj
                0x100073a0                tu_fifo_count
 .text.tu_fifo_empty
                0x100073cc       0x10 CMakeFiles/main.dir/Users/macuser1/Pico/pico-sdk/lib/tinyusb/src/common/tusb_fifo.c.obj
                0x100073cc                tu_fifo_empty
 .text.tu_fifo_remaining
                0x100073dc       0x2c CMakeFiles/main.dir/Users/macuser1/Pico/pico-sdk/lib/tinyusb/src/common/tusb_fifo.c.obj
                0x100073dc                tu_fifo_remaining
 .text.tu_fifo_read
                0x10007408       0x9c CMakeFiles/main.dir/Users/macuser1/Pico/pico-sdk/lib/tinyusb/src/common/tusb_fifo.c.obj
                0x10007408                tu_fifo_read
 .text.tu_fifo_read_n
                0x100074a4       0xe8 CMakeFiles/main.dir/Users/macuser1/Pico/pico-sdk/lib/tinyusb/src/common/tusb_fifo.c.obj
                0x100074a4                tu_fifo_read_n
 .text.tu_fifo_write
                0x1000758c       0xa8 CMakeFiles/main.dir/Users/macuser1/Pico/pico-sdk/lib/tinyusb/src/common/tusb_fifo.c.obj
                0x1000758c                tu_fifo_write
 .text.tu_fifo_write_n
                0x10007634      0x178 CMakeFiles/main.dir/Users/macuser1/Pico/pico-sdk/lib/tinyusb/src/common/tusb_fifo.c.obj
                0x10007634                tu_fifo_write_n
 .text.tu_fifo_clear
                0x100077ac       0x40 CMakeFiles/main.dir/Users/macuser1/Pico/pico-sdk/lib/tinyusb/src/common/tusb_fifo.c.obj
                0x100077ac                tu_fifo_clear
 .text.tu_fifo_set_overwritable
                0x100077ec       0x48 CMakeFiles/main.dir/Users/macuser1/Pico/pico-sdk/lib/tinyusb/src/common/tusb_fifo.c.obj
                0x100077ec                tu_fifo_set_overwritable
 .text.spi_init
                0x10007834      0x13c CMakeFiles/main.dir/Users/macuser1/Pico/pico-sdk/src/rp2_common/hardware_spi/spi.c.obj
                0x10007834                spi_init
 .text.i2c_set_baudrate
                0x10007970       0xc0 CMakeFiles/main.dir/Users/macuser1/Pico/pico-sdk/src/rp2_common/hardware_i2c/i2c.c.obj
                0x10007970                i2c_set_baudrate
 .text.i2c_init
                0x10007a30       0x50 CMakeFiles/main.dir/Users/macuser1/Pico/pico-sdk/src/rp2_common/hardware_i2c/i2c.c.obj
                0x10007a30                i2c_init
 .text.lwip_timeout_reached
                0x10007a80        0x8 CMakeFiles/main.dir/Users/macuser1/Pico/pico-sdk/src/rp2_common/pico_lwip/lwip_nosys.c.obj
 .text.update_next_timeout
                0x10007a88       0x60 CMakeFiles/main.dir/Users/macuser1/Pico/pico-sdk/src/rp2_common/pico_lwip/lwip_nosys.c.obj
 .text.lwip_nosys_init
                0x10007ae8       0x30 CMakeFiles/main.dir/Users/macuser1/Pico/pico-sdk/src/rp2_common/pico_lwip/lwip_nosys.c.obj
                0x10007ae8                lwip_nosys_init
 .text.lwip_nosys_deinit
                0x10007b18       0x20 CMakeFiles/main.dir/Users/macuser1/Pico/pico-sdk/src/rp2_common/pico_lwip/lwip_nosys.c.obj
                0x10007b18                lwip_nosys_deinit
 .text.sys_arch_protect
                0x10007b38        0x4 CMakeFiles/main.dir/Users/macuser1/Pico/pico-sdk/src/rp2_common/pico_lwip/lwip_nosys.c.obj
                0x10007b38                sys_arch_protect
 .text.sys_arch_unprotect
                0x10007b3c        0x4 CMakeFiles/main.dir/Users/macuser1/Pico/pico-sdk/src/rp2_common/pico_lwip/lwip_nosys.c.obj
                0x10007b3c                sys_arch_unprotect
 .text.sys_now  0x10007b40       0x20 CMakeFiles/main.dir/Users/macuser1/Pico/pico-sdk/src/rp2_common/pico_lwip/lwip_nosys.c.obj
                0x10007b40                sys_now
 .text.async_context_base_add_at_time_worker
                0x10007b60       0x24 CMakeFiles/main.dir/Users/macuser1/Pico/pico-sdk/src/rp2_common/pico_async_context/async_context_base.c.obj
                0x10007b60                async_context_base_add_at_time_worker
 .text.async_context_base_remove_at_time_worker
                0x10007b84       0x28 CMakeFiles/main.dir/Users/macuser1/Pico/pico-sdk/src/rp2_common/pico_async_context/async_context_base.c.obj
                0x10007b84                async_context_base_remove_at_time_worker
 .text.async_context_base_add_when_pending_worker
                0x10007bac       0x24 CMakeFiles/main.dir/Users/macuser1/Pico/pico-sdk/src/rp2_common/pico_async_context/async_context_base.c.obj
                0x10007bac                async_context_base_add_when_pending_worker
 .text.async_context_base_remove_when_pending_worker
                0x10007bd0       0x28 CMakeFiles/main.dir/Users/macuser1/Pico/pico-sdk/src/rp2_common/pico_async_context/async_context_base.c.obj
                0x10007bd0                async_context_base_remove_when_pending_worker
 .text.async_context_base_execute_once
                0x10007bf8      0x108 CMakeFiles/main.dir/Users/macuser1/Pico/pico-sdk/src/rp2_common/pico_async_context/async_context_base.c.obj
                0x10007bf8                async_context_base_execute_once
 .text.splitmix64
                0x10007d00       0x58 CMakeFiles/main.dir/Users/macuser1/Pico/pico-sdk/src/rp2_common/pico_rand/rand.c.obj
 .text.xoroshiro128ss
                0x10007d58       0x90 CMakeFiles/main.dir/Users/macuser1/Pico/pico-sdk/src/rp2_common/pico_rand/rand.c.obj
 .text.get_rand_64
                0x10007de8      0x42c CMakeFiles/main.dir/Users/macuser1/Pico/pico-sdk/src/rp2_common/pico_rand/rand.c.obj
                0x10007de8                get_rand_64
 .text.get_rand_32
                0x10008214        0x8 CMakeFiles/main.dir/Users/macuser1/Pico/pico-sdk/src/rp2_common/pico_rand/rand.c.obj
                0x10008214                get_rand_32
 .text.lwip_init
                0x1000821c       0x24 CMakeFiles/main.dir/Users/macuser1/Pico/pico-sdk/lib/lwip/src/core/init.c.obj
                0x1000821c                lwip_init
 .text.lwip_htons
                0x10008240        0x8 CMakeFiles/main.dir/Users/macuser1/Pico/pico-sdk/lib/lwip/src/core/def.c.obj
                0x10008240                lwip_htons
 .text.lwip_htonl
                0x10008248        0x4 CMakeFiles/main.dir/Users/macuser1/Pico/pico-sdk/lib/lwip/src/core/def.c.obj
                0x10008248                lwip_htonl
 .text.lwip_strnicmp
                0x1000824c       0x40 CMakeFiles/main.dir/Users/macuser1/Pico/pico-sdk/lib/lwip/src/core/def.c.obj
                0x1000824c                lwip_strnicmp
 .text.dns_call_found
                0x1000828c      0x184 CMakeFiles/main.dir/Users/macuser1/Pico/pico-sdk/lib/lwip/src/core/dns.c.obj
 .text.dns_send.isra.0
                0x10008410      0x174 CMakeFiles/main.dir/Users/macuser1/Pico/pico-sdk/lib/lwip/src/core/dns.c.obj
 .text.dns_check_entry
                0x10008584      0x130 CMakeFiles/main.dir/Users/macuser1/Pico/pico-sdk/lib/lwip/src/core/dns.c.obj
 .text.dns_recv
                0x100086b4      0x380 CMakeFiles/main.dir/Users/macuser1/Pico/pico-sdk/lib/lwip/src/core/dns.c.obj
 .text.dns_init
                0x10008a34        0x4 CMakeFiles/main.dir/Users/macuser1/Pico/pico-sdk/lib/lwip/src/core/dns.c.obj
                0x10008a34                dns_init
 .text.dns_setserver
                0x10008a38       0x24 CMakeFiles/main.dir/Users/macuser1/Pico/pico-sdk/lib/lwip/src/core/dns.c.obj
                0x10008a38                dns_setserver
 .text.dns_tmr  0x10008a5c      0x140 CMakeFiles/main.dir/Users/macuser1/Pico/pico-sdk/lib/lwip/src/core/dns.c.obj
                0x10008a5c                dns_tmr
 .text.dns_gethostbyname_addrtype
                0x10008b9c      0x5e0 CMakeFiles/main.dir/Users/macuser1/Pico/pico-sdk/lib/lwip/src/core/dns.c.obj
                0x10008b9c                dns_gethostbyname_addrtype
 .text.dns_gethostbyname
                0x1000917c       0x10 CMakeFiles/main.dir/Users/macuser1/Pico/pico-sdk/lib/lwip/src/core/dns.c.obj
                0x1000917c                dns_gethostbyname
 .text.lwip_standard_chksum
                0x1000918c       0xdc CMakeFiles/main.dir/Users/macuser1/Pico/pico-sdk/lib/lwip/src/core/inet_chksum.c.obj
                0x1000918c                lwip_standard_chksum
 .text.inet_chksum_pseudo
                0x10009268       0xbc CMakeFiles/main.dir/Users/macuser1/Pico/pico-sdk/lib/lwip/src/core/inet_chksum.c.obj
                0x10009268                inet_chksum_pseudo
 .text.ip_chksum_pseudo
                0x10009324       0x10 CMakeFiles/main.dir/Users/macuser1/Pico/pico-sdk/lib/lwip/src/core/inet_chksum.c.obj
                0x10009324                ip_chksum_pseudo
 .text.inet_chksum
                0x10009334        0xc CMakeFiles/main.dir/Users/macuser1/Pico/pico-sdk/lib/lwip/src/core/inet_chksum.c.obj
                0x10009334                inet_chksum
 .text.inet_chksum_pbuf
                0x10009340       0x78 CMakeFiles/main.dir/Users/macuser1/Pico/pico-sdk/lib/lwip/src/core/inet_chksum.c.obj
                0x10009340                inet_chksum_pbuf
 .text.mem_init
                0x100093b8       0x3c CMakeFiles/main.dir/Users/macuser1/Pico/pico-sdk/lib/lwip/src/core/mem.c.obj
                0x100093b8                mem_init
 .text.mem_free
                0x100093f4      0x130 CMakeFiles/main.dir/Users/macuser1/Pico/pico-sdk/lib/lwip/src/core/mem.c.obj
                0x100093f4                mem_free
 .text.mem_trim
                0x10009524      0x104 CMakeFiles/main.dir/Users/macuser1/Pico/pico-sdk/lib/lwip/src/core/mem.c.obj
                0x10009524                mem_trim
 .text.mem_malloc
                0x10009628      0x124 CMakeFiles/main.dir/Users/macuser1/Pico/pico-sdk/lib/lwip/src/core/mem.c.obj
                0x10009628                mem_malloc
 .text.memp_init
                0x1000974c       0x6c CMakeFiles/main.dir/Users/macuser1/Pico/pico-sdk/lib/lwip/src/core/memp.c.obj
                0x1000974c                memp_init
 .text.memp_malloc
                0x100097b8       0x40 CMakeFiles/main.dir/Users/macuser1/Pico/pico-sdk/lib/lwip/src/core/memp.c.obj
                0x100097b8                memp_malloc
 .text.memp_free
                0x100097f8       0x38 CMakeFiles/main.dir/Users/macuser1/Pico/pico-sdk/lib/lwip/src/core/memp.c.obj
                0x100097f8                memp_free
 .text.netif_null_output_ip4
                0x10009830        0x8 CMakeFiles/main.dir/Users/macuser1/Pico/pico-sdk/lib/lwip/src/core/netif.c.obj
 .text.netif_do_set_ipaddr.isra.0
                0x10009838       0x60 CMakeFiles/main.dir/Users/macuser1/Pico/pico-sdk/lib/lwip/src/core/netif.c.obj
 .text.netif_init
                0x10009898        0x4 CMakeFiles/main.dir/Users/macuser1/Pico/pico-sdk/lib/lwip/src/core/netif.c.obj
                0x10009898                netif_init
 .text.netif_add
                0x1000989c      0x16c CMakeFiles/main.dir/Users/macuser1/Pico/pico-sdk/lib/lwip/src/core/netif.c.obj
                0x1000989c                netif_add
 .text.netif_set_ipaddr
                0x10009a08       0x70 CMakeFiles/main.dir/Users/macuser1/Pico/pico-sdk/lib/lwip/src/core/netif.c.obj
                0x10009a08                netif_set_ipaddr
 .text.netif_set_netmask
                0x10009a78       0x1c CMakeFiles/main.dir/Users/macuser1/Pico/pico-sdk/lib/lwip/src/core/netif.c.obj
                0x10009a78                netif_set_netmask
 .text.netif_set_gw
                0x10009a94       0x1c CMakeFiles/main.dir/Users/macuser1/Pico/pico-sdk/lib/lwip/src/core/netif.c.obj
                0x10009a94                netif_set_gw
 .text.netif_set_addr
                0x10009ab0       0xb4 CMakeFiles/main.dir/Users/macuser1/Pico/pico-sdk/lib/lwip/src/core/netif.c.obj
                0x10009ab0                netif_set_addr
 .text.netif_remove
                0x10009b64       0x94 CMakeFiles/main.dir/Users/macuser1/Pico/pico-sdk/lib/lwip/src/core/netif.c.obj
                0x10009b64                netif_remove
 .text.netif_set_default
                0x10009bf8        0xc CMakeFiles/main.dir/Users/macuser1/Pico/pico-sdk/lib/lwip/src/core/netif.c.obj
                0x10009bf8                netif_set_default
 .text.netif_set_up
                0x10009c04       0x40 CMakeFiles/main.dir/Users/macuser1/Pico/pico-sdk/lib/lwip/src/core/netif.c.obj
                0x10009c04                netif_set_up
 .text.netif_set_link_up
                0x10009c44       0x44 CMakeFiles/main.dir/Users/macuser1/Pico/pico-sdk/lib/lwip/src/core/netif.c.obj
                0x10009c44                netif_set_link_up
 .text.netif_set_link_down
                0x10009c88       0x20 CMakeFiles/main.dir/Users/macuser1/Pico/pico-sdk/lib/lwip/src/core/netif.c.obj
                0x10009c88                netif_set_link_down
 .text.netif_get_by_index
                0x10009ca8       0x2c CMakeFiles/main.dir/Users/macuser1/Pico/pico-sdk/lib/lwip/src/core/netif.c.obj
                0x10009ca8                netif_get_by_index
 .text.pbuf_free.part.0
                0x10009cd4       0x7c CMakeFiles/main.dir/Users/macuser1/Pico/pico-sdk/lib/lwip/src/core/pbuf.c.obj
 .text.pbuf_free_ooseq
                0x10009d50       0x34 CMakeFiles/main.dir/Users/macuser1/Pico/pico-sdk/lib/lwip/src/core/pbuf.c.obj
                0x10009d50                pbuf_free_ooseq
 .text.pbuf_alloc
                0x10009d84      0x134 CMakeFiles/main.dir/Users/macuser1/Pico/pico-sdk/lib/lwip/src/core/pbuf.c.obj
                0x10009d84                pbuf_alloc
 .text.pbuf_realloc
                0x10009eb8       0x84 CMakeFiles/main.dir/Users/macuser1/Pico/pico-sdk/lib/lwip/src/core/pbuf.c.obj
                0x10009eb8                pbuf_realloc
 .text.pbuf_add_header
                0x10009f3c       0x50 CMakeFiles/main.dir/Users/macuser1/Pico/pico-sdk/lib/lwip/src/core/pbuf.c.obj
                0x10009f3c                pbuf_add_header
 .text.pbuf_remove_header
                0x10009f8c       0x3c CMakeFiles/main.dir/Users/macuser1/Pico/pico-sdk/lib/lwip/src/core/pbuf.c.obj
                0x10009f8c                pbuf_remove_header
 .text.pbuf_header_force
                0x10009fc8       0x68 CMakeFiles/main.dir/Users/macuser1/Pico/pico-sdk/lib/lwip/src/core/pbuf.c.obj
                0x10009fc8                pbuf_header_force
 .text.pbuf_free_header
                0x1000a030       0x44 CMakeFiles/main.dir/Users/macuser1/Pico/pico-sdk/lib/lwip/src/core/pbuf.c.obj
                0x1000a030                pbuf_free_header
 .text.pbuf_free
                0x1000a074       0x18 CMakeFiles/main.dir/Users/macuser1/Pico/pico-sdk/lib/lwip/src/core/pbuf.c.obj
                0x1000a074                pbuf_free
 .text.pbuf_clen
                0x1000a08c       0x14 CMakeFiles/main.dir/Users/macuser1/Pico/pico-sdk/lib/lwip/src/core/pbuf.c.obj
                0x1000a08c                pbuf_clen
 .text.pbuf_ref
                0x1000a0a0       0x28 CMakeFiles/main.dir/Users/macuser1/Pico/pico-sdk/lib/lwip/src/core/pbuf.c.obj
                0x1000a0a0                pbuf_ref
 .text.pbuf_cat
                0x1000a0c8       0x44 CMakeFiles/main.dir/Users/macuser1/Pico/pico-sdk/lib/lwip/src/core/pbuf.c.obj
                0x1000a0c8                pbuf_cat
 .text.pbuf_chain
                0x1000a10c       0x64 CMakeFiles/main.dir/Users/macuser1/Pico/pico-sdk/lib/lwip/src/core/pbuf.c.obj
                0x1000a10c                pbuf_chain
 .text.pbuf_copy_partial_pbuf
                0x1000a170      0x148 CMakeFiles/main.dir/Users/macuser1/Pico/pico-sdk/lib/lwip/src/core/pbuf.c.obj
                0x1000a170                pbuf_copy_partial_pbuf
 .text.pbuf_copy
                0x1000a2b8       0x18 CMakeFiles/main.dir/Users/macuser1/Pico/pico-sdk/lib/lwip/src/core/pbuf.c.obj
                0x1000a2b8                pbuf_copy
 .text.pbuf_copy_partial
                0x1000a2d0       0x68 CMakeFiles/main.dir/Users/macuser1/Pico/pico-sdk/lib/lwip/src/core/pbuf.c.obj
                0x1000a2d0                pbuf_copy_partial
 .text.pbuf_take
                0x1000a338       0x78 CMakeFiles/main.dir/Users/macuser1/Pico/pico-sdk/lib/lwip/src/core/pbuf.c.obj
                0x1000a338                pbuf_take
 .text.pbuf_take_at
                0x1000a3b0       0xcc CMakeFiles/main.dir/Users/macuser1/Pico/pico-sdk/lib/lwip/src/core/pbuf.c.obj
                0x1000a3b0                pbuf_take_at
 .text.pbuf_clone
                0x1000a47c       0x30 CMakeFiles/main.dir/Users/macuser1/Pico/pico-sdk/lib/lwip/src/core/pbuf.c.obj
                0x1000a47c                pbuf_clone
 .text.pbuf_get_at
                0x1000a4ac       0x20 CMakeFiles/main.dir/Users/macuser1/Pico/pico-sdk/lib/lwip/src/core/pbuf.c.obj
                0x1000a4ac                pbuf_get_at
 .text.pbuf_try_get_at
                0x1000a4cc       0x28 CMakeFiles/main.dir/Users/macuser1/Pico/pico-sdk/lib/lwip/src/core/pbuf.c.obj
                0x1000a4cc                pbuf_try_get_at
 .text.pbuf_put_at
                0x1000a4f4       0x1c CMakeFiles/main.dir/Users/macuser1/Pico/pico-sdk/lib/lwip/src/core/pbuf.c.obj
                0x1000a4f4                pbuf_put_at
 .text.pbuf_memcmp
                0x1000a510       0x6c CMakeFiles/main.dir/Users/macuser1/Pico/pico-sdk/lib/lwip/src/core/pbuf.c.obj
                0x1000a510                pbuf_memcmp
 .text.pbuf_memfind
                0x1000a57c       0xb0 CMakeFiles/main.dir/Users/macuser1/Pico/pico-sdk/lib/lwip/src/core/pbuf.c.obj
                0x1000a57c                pbuf_memfind
 .text.raw_input
                0x1000a62c      0x164 CMakeFiles/main.dir/Users/macuser1/Pico/pico-sdk/lib/lwip/src/core/raw.c.obj
                0x1000a62c                raw_input
 .text.raw_netif_ip_addr_changed
                0x1000a790       0x40 CMakeFiles/main.dir/Users/macuser1/Pico/pico-sdk/lib/lwip/src/core/raw.c.obj
                0x1000a790                raw_netif_ip_addr_changed
 .text.stats_init
                0x1000a7d0        0x4 CMakeFiles/main.dir/Users/macuser1/Pico/pico-sdk/lib/lwip/src/core/stats.c.obj
                0x1000a7d0                stats_init
 .text.tcp_close_shutdown_fin
                0x1000a7d4       0x54 CMakeFiles/main.dir/Users/macuser1/Pico/pico-sdk/lib/lwip/src/core/tcp.c.obj
 .text.tcp_pcb_purge.part.0
                0x1000a828       0xc4 CMakeFiles/main.dir/Users/macuser1/Pico/pico-sdk/lib/lwip/src/core/tcp.c.obj
 .text.tcp_init
                0x1000a8ec       0x20 CMakeFiles/main.dir/Users/macuser1/Pico/pico-sdk/lib/lwip/src/core/tcp.c.obj
                0x1000a8ec                tcp_init
 .text.tcp_free
                0x1000a90c       0x1c CMakeFiles/main.dir/Users/macuser1/Pico/pico-sdk/lib/lwip/src/core/tcp.c.obj
                0x1000a90c                tcp_free
 .text.tcp_update_rcv_ann_wnd
                0x1000a928       0x58 CMakeFiles/main.dir/Users/macuser1/Pico/pico-sdk/lib/lwip/src/core/tcp.c.obj
                0x1000a928                tcp_update_rcv_ann_wnd
 .text.tcp_recved
                0x1000a980       0x98 CMakeFiles/main.dir/Users/macuser1/Pico/pico-sdk/lib/lwip/src/core/tcp.c.obj
                0x1000a980                tcp_recved
 .text.tcp_connect
                0x1000aa18      0x1bc CMakeFiles/main.dir/Users/macuser1/Pico/pico-sdk/lib/lwip/src/core/tcp.c.obj
                0x1000aa18                tcp_connect
 .text.tcp_slowtmr
                0x1000abd4      0x524 CMakeFiles/main.dir/Users/macuser1/Pico/pico-sdk/lib/lwip/src/core/tcp.c.obj
                0x1000abd4                tcp_slowtmr
 .text.tcp_segs_free
                0x1000b0f8       0x38 CMakeFiles/main.dir/Users/macuser1/Pico/pico-sdk/lib/lwip/src/core/tcp.c.obj
                0x1000b0f8                tcp_segs_free
 .text.tcp_seg_free
                0x1000b130       0x1c CMakeFiles/main.dir/Users/macuser1/Pico/pico-sdk/lib/lwip/src/core/tcp.c.obj
                0x1000b130                tcp_seg_free
 .text.tcp_seg_copy
                0x1000b14c       0x2c CMakeFiles/main.dir/Users/macuser1/Pico/pico-sdk/lib/lwip/src/core/tcp.c.obj
                0x1000b14c                tcp_seg_copy
 .text.tcp_arg  0x1000b178        0x8 CMakeFiles/main.dir/Users/macuser1/Pico/pico-sdk/lib/lwip/src/core/tcp.c.obj
                0x1000b178                tcp_arg
 .text.tcp_recv
                0x1000b180       0x1c CMakeFiles/main.dir/Users/macuser1/Pico/pico-sdk/lib/lwip/src/core/tcp.c.obj
                0x1000b180                tcp_recv
 .text.tcp_sent
                0x1000b19c       0x1c CMakeFiles/main.dir/Users/macuser1/Pico/pico-sdk/lib/lwip/src/core/tcp.c.obj
                0x1000b19c                tcp_sent
 .text.tcp_err  0x1000b1b8       0x1c CMakeFiles/main.dir/Users/macuser1/Pico/pico-sdk/lib/lwip/src/core/tcp.c.obj
                0x1000b1b8                tcp_err
 .text.tcp_poll
                0x1000b1d4       0x20 CMakeFiles/main.dir/Users/macuser1/Pico/pico-sdk/lib/lwip/src/core/tcp.c.obj
                0x1000b1d4                tcp_poll
 .text.tcp_pcb_purge
                0x1000b1f4       0x18 CMakeFiles/main.dir/Users/macuser1/Pico/pico-sdk/lib/lwip/src/core/tcp.c.obj
                0x1000b1f4                tcp_pcb_purge
 .text.tcp_pcb_remove
                0x1000b20c       0xc8 CMakeFiles/main.dir/Users/macuser1/Pico/pico-sdk/lib/lwip/src/core/tcp.c.obj
                0x1000b20c                tcp_pcb_remove
 .text.tcp_abandon
                0x1000b2d4      0x1a0 CMakeFiles/main.dir/Users/macuser1/Pico/pico-sdk/lib/lwip/src/core/tcp.c.obj
                0x1000b2d4                tcp_abandon
 .text.tcp_abort
                0x1000b474        0xc CMakeFiles/main.dir/Users/macuser1/Pico/pico-sdk/lib/lwip/src/core/tcp.c.obj
                0x1000b474                tcp_abort
 .text.tcp_alloc
                0x1000b480      0x1d4 CMakeFiles/main.dir/Users/macuser1/Pico/pico-sdk/lib/lwip/src/core/tcp.c.obj
                0x1000b480                tcp_alloc
 .text.tcp_new  0x1000b654        0xc CMakeFiles/main.dir/Users/macuser1/Pico/pico-sdk/lib/lwip/src/core/tcp.c.obj
                0x1000b654                tcp_new
 .text.tcp_close_shutdown
                0x1000b660      0x188 CMakeFiles/main.dir/Users/macuser1/Pico/pico-sdk/lib/lwip/src/core/tcp.c.obj
 .text.tcp_recv_null
                0x1000b7e8       0xcc CMakeFiles/main.dir/Users/macuser1/Pico/pico-sdk/lib/lwip/src/core/tcp.c.obj
                0x1000b7e8                tcp_recv_null
 .text.tcp_process_refused_data
                0x1000b8b4       0x78 CMakeFiles/main.dir/Users/macuser1/Pico/pico-sdk/lib/lwip/src/core/tcp.c.obj
                0x1000b8b4                tcp_process_refused_data
 .text.tcp_fasttmr
                0x1000b92c       0x98 CMakeFiles/main.dir/Users/macuser1/Pico/pico-sdk/lib/lwip/src/core/tcp.c.obj
                0x1000b92c                tcp_fasttmr
 .text.tcp_tmr  0x1000b9c4       0x20 CMakeFiles/main.dir/Users/macuser1/Pico/pico-sdk/lib/lwip/src/core/tcp.c.obj
                0x1000b9c4                tcp_tmr
 .text.tcp_close
                0x1000b9e4      0x170 CMakeFiles/main.dir/Users/macuser1/Pico/pico-sdk/lib/lwip/src/core/tcp.c.obj
                0x1000b9e4                tcp_close
 .text.tcp_next_iss
                0x1000bb54       0x28 CMakeFiles/main.dir/Users/macuser1/Pico/pico-sdk/lib/lwip/src/core/tcp.c.obj
                0x1000bb54                tcp_next_iss
 .text.tcp_eff_send_mss_netif
                0x1000bb7c       0x34 CMakeFiles/main.dir/Users/macuser1/Pico/pico-sdk/lib/lwip/src/core/tcp.c.obj
                0x1000bb7c                tcp_eff_send_mss_netif
 .text.tcp_netif_ip_addr_changed
                0x1000bbb0       0x94 CMakeFiles/main.dir/Users/macuser1/Pico/pico-sdk/lib/lwip/src/core/tcp.c.obj
                0x1000bbb0                tcp_netif_ip_addr_changed
 .text.tcp_free_ooseq
                0x1000bc44       0x40 CMakeFiles/main.dir/Users/macuser1/Pico/pico-sdk/lib/lwip/src/core/tcp.c.obj
                0x1000bc44                tcp_free_ooseq
 .text.tcp_parseopt
                0x1000bc84      0x1bc CMakeFiles/main.dir/Users/macuser1/Pico/pico-sdk/lib/lwip/src/core/tcp_in.c.obj
 .text.tcp_oos_insert_segment
                0x1000be40       0xdc CMakeFiles/main.dir/Users/macuser1/Pico/pico-sdk/lib/lwip/src/core/tcp_in.c.obj
 .text.tcp_free_acked_segments.isra.0
                0x1000bf1c       0xdc CMakeFiles/main.dir/Users/macuser1/Pico/pico-sdk/lib/lwip/src/core/tcp_in.c.obj
 .text.tcp_receive
                0x1000bff8      0xa00 CMakeFiles/main.dir/Users/macuser1/Pico/pico-sdk/lib/lwip/src/core/tcp_in.c.obj
 .text.tcp_input
                0x1000c9f8      0xe54 CMakeFiles/main.dir/Users/macuser1/Pico/pico-sdk/lib/lwip/src/core/tcp_in.c.obj
                0x1000c9f8                tcp_input
 .text.tcp_trigger_input_pcb_close
                0x1000d84c       0x10 CMakeFiles/main.dir/Users/macuser1/Pico/pico-sdk/lib/lwip/src/core/tcp_in.c.obj
                0x1000d84c                tcp_trigger_input_pcb_close
 .text.tcp_create_segment
                0x1000d85c       0xf8 CMakeFiles/main.dir/Users/macuser1/Pico/pico-sdk/lib/lwip/src/core/tcp_out.c.obj
 .text.tcp_output_control_segment
                0x1000d954       0xc0 CMakeFiles/main.dir/Users/macuser1/Pico/pico-sdk/lib/lwip/src/core/tcp_out.c.obj
 .text.tcp_output_alloc_header.constprop.0
                0x1000da14       0xc8 CMakeFiles/main.dir/Users/macuser1/Pico/pico-sdk/lib/lwip/src/core/tcp_out.c.obj
 .text.tcp_write
                0x1000dadc      0x468 CMakeFiles/main.dir/Users/macuser1/Pico/pico-sdk/lib/lwip/src/core/tcp_out.c.obj
                0x1000dadc                tcp_write
 .text.tcp_split_unsent_seg
                0x1000df44      0x1b4 CMakeFiles/main.dir/Users/macuser1/Pico/pico-sdk/lib/lwip/src/core/tcp_out.c.obj
                0x1000df44                tcp_split_unsent_seg
 .text.tcp_send_fin
                0x1000e0f8      0x118 CMakeFiles/main.dir/Users/macuser1/Pico/pico-sdk/lib/lwip/src/core/tcp_out.c.obj
                0x1000e0f8                tcp_send_fin
 .text.tcp_enqueue_flags
                0x1000e210      0x108 CMakeFiles/main.dir/Users/macuser1/Pico/pico-sdk/lib/lwip/src/core/tcp_out.c.obj
                0x1000e210                tcp_enqueue_flags
 .text.tcp_rexmit_rto_prepare
                0x1000e318       0x9c CMakeFiles/main.dir/Users/macuser1/Pico/pico-sdk/lib/lwip/src/core/tcp_out.c.obj
                0x1000e318                tcp_rexmit_rto_prepare
 .text.tcp_rexmit
                0x1000e3b4       0x9c CMakeFiles/main.dir/Users/macuser1/Pico/pico-sdk/lib/lwip/src/core/tcp_out.c.obj
                0x1000e3b4                tcp_rexmit
 .text.tcp_rexmit_fast
                0x1000e450       0x64 CMakeFiles/main.dir/Users/macuser1/Pico/pico-sdk/lib/lwip/src/core/tcp_out.c.obj
                0x1000e450                tcp_rexmit_fast
 .text.tcp_rst  0x1000e4b4       0xe8 CMakeFiles/main.dir/Users/macuser1/Pico/pico-sdk/lib/lwip/src/core/tcp_out.c.obj
                0x1000e4b4                tcp_rst
 .text.tcp_rst_netif
                0x1000e59c      0x130 CMakeFiles/main.dir/Users/macuser1/Pico/pico-sdk/lib/lwip/src/core/tcp_out.c.obj
                0x1000e59c                tcp_rst_netif
 .text.tcp_send_empty_ack
                0x1000e6cc       0x4c CMakeFiles/main.dir/Users/macuser1/Pico/pico-sdk/lib/lwip/src/core/tcp_out.c.obj
                0x1000e6cc                tcp_send_empty_ack
 .text.tcp_output
                0x1000e718      0x454 CMakeFiles/main.dir/Users/macuser1/Pico/pico-sdk/lib/lwip/src/core/tcp_out.c.obj
                0x1000e718                tcp_output
 .text.tcp_rexmit_rto_commit
                0x1000eb6c       0x24 CMakeFiles/main.dir/Users/macuser1/Pico/pico-sdk/lib/lwip/src/core/tcp_out.c.obj
                0x1000eb6c                tcp_rexmit_rto_commit
 .text.tcp_rexmit_rto
                0x1000eb90       0xa4 CMakeFiles/main.dir/Users/macuser1/Pico/pico-sdk/lib/lwip/src/core/tcp_out.c.obj
                0x1000eb90                tcp_rexmit_rto
 .text.tcp_keepalive
                0x1000ec34       0xdc CMakeFiles/main.dir/Users/macuser1/Pico/pico-sdk/lib/lwip/src/core/tcp_out.c.obj
                0x1000ec34                tcp_keepalive
 .text.tcp_zero_window_probe
                0x1000ed10      0x110 CMakeFiles/main.dir/Users/macuser1/Pico/pico-sdk/lib/lwip/src/core/tcp_out.c.obj
                0x1000ed10                tcp_zero_window_probe
 .text.tcpip_tcp_timer
                0x1000ee20       0x78 CMakeFiles/main.dir/Users/macuser1/Pico/pico-sdk/lib/lwip/src/core/timeouts.c.obj
 .text.lwip_cyclic_timer
                0x1000ee98       0x98 CMakeFiles/main.dir/Users/macuser1/Pico/pico-sdk/lib/lwip/src/core/timeouts.c.obj
 .text.tcp_timer_needed
                0x1000ef30       0x7c CMakeFiles/main.dir/Users/macuser1/Pico/pico-sdk/lib/lwip/src/core/timeouts.c.obj
                0x1000ef30                tcp_timer_needed
 .text.sys_timeouts_init
                0x1000efac       0x8c CMakeFiles/main.dir/Users/macuser1/Pico/pico-sdk/lib/lwip/src/core/timeouts.c.obj
                0x1000efac                sys_timeouts_init
 .text.sys_check_timeouts
                0x1000f038       0x68 CMakeFiles/main.dir/Users/macuser1/Pico/pico-sdk/lib/lwip/src/core/timeouts.c.obj
                0x1000f038                sys_check_timeouts
 .text.sys_timeouts_sleeptime
                0x1000f0a0       0x28 CMakeFiles/main.dir/Users/macuser1/Pico/pico-sdk/lib/lwip/src/core/timeouts.c.obj
                0x1000f0a0                sys_timeouts_sleeptime
 .text.udp_init
                0x1000f0c8       0x20 CMakeFiles/main.dir/Users/macuser1/Pico/pico-sdk/lib/lwip/src/core/udp.c.obj
                0x1000f0c8                udp_init
 .text.udp_input
                0x1000f0e8      0x320 CMakeFiles/main.dir/Users/macuser1/Pico/pico-sdk/lib/lwip/src/core/udp.c.obj
                0x1000f0e8                udp_input
 .text.udp_bind
                0x1000f408      0x118 CMakeFiles/main.dir/Users/macuser1/Pico/pico-sdk/lib/lwip/src/core/udp.c.obj
                0x1000f408                udp_bind
 .text.udp_sendto_if_src
                0x1000f520      0x130 CMakeFiles/main.dir/Users/macuser1/Pico/pico-sdk/lib/lwip/src/core/udp.c.obj
                0x1000f520                udp_sendto_if_src
 .text.udp_sendto_if
                0x1000f650       0x48 CMakeFiles/main.dir/Users/macuser1/Pico/pico-sdk/lib/lwip/src/core/udp.c.obj
                0x1000f650                udp_sendto_if
 .text.udp_sendto
                0x1000f698       0x78 CMakeFiles/main.dir/Users/macuser1/Pico/pico-sdk/lib/lwip/src/core/udp.c.obj
                0x1000f698                udp_sendto
 .text.udp_connect
                0x1000f710       0x60 CMakeFiles/main.dir/Users/macuser1/Pico/pico-sdk/lib/lwip/src/core/udp.c.obj
                0x1000f710                udp_connect
 .text.udp_recv
                0x1000f770        0xc CMakeFiles/main.dir/Users/macuser1/Pico/pico-sdk/lib/lwip/src/core/udp.c.obj
                0x1000f770                udp_recv
 .text.udp_remove
                0x1000f77c       0x3c CMakeFiles/main.dir/Users/macuser1/Pico/pico-sdk/lib/lwip/src/core/udp.c.obj
                0x1000f77c                udp_remove
 .text.udp_new  0x1000f7b8       0x1c CMakeFiles/main.dir/Users/macuser1/Pico/pico-sdk/lib/lwip/src/core/udp.c.obj
                0x1000f7b8                udp_new
 .text.udp_new_ip_type
                0x1000f7d4       0x1c CMakeFiles/main.dir/Users/macuser1/Pico/pico-sdk/lib/lwip/src/core/udp.c.obj
                0x1000f7d4                udp_new_ip_type
 .text.udp_netif_ip_addr_changed
                0x1000f7f0       0x40 CMakeFiles/main.dir/Users/macuser1/Pico/pico-sdk/lib/lwip/src/core/udp.c.obj
                0x1000f7f0                udp_netif_ip_addr_changed
 .text.dhcp_create_msg
                0x1000f830      0x164 CMakeFiles/main.dir/Users/macuser1/Pico/pico-sdk/lib/lwip/src/core/ipv4/dhcp.c.obj
 .text.dhcp_inc_pcb_refcount
                0x1000f994       0x6c CMakeFiles/main.dir/Users/macuser1/Pico/pico-sdk/lib/lwip/src/core/ipv4/dhcp.c.obj
 .text.dhcp_bind
                0x1000fa00      0x138 CMakeFiles/main.dir/Users/macuser1/Pico/pico-sdk/lib/lwip/src/core/ipv4/dhcp.c.obj
 .text.dhcp_option_hostname.isra.0
                0x1000fb38       0x84 CMakeFiles/main.dir/Users/macuser1/Pico/pico-sdk/lib/lwip/src/core/ipv4/dhcp.c.obj
 .text.dhcp_handle_ack.isra.0
                0x1000fbbc       0xcc CMakeFiles/main.dir/Users/macuser1/Pico/pico-sdk/lib/lwip/src/core/ipv4/dhcp.c.obj
 .text.dhcp_reboot.isra.0
                0x1000fc88      0x178 CMakeFiles/main.dir/Users/macuser1/Pico/pico-sdk/lib/lwip/src/core/ipv4/dhcp.c.obj
 .text.dhcp_discover
                0x1000fe00      0x140 CMakeFiles/main.dir/Users/macuser1/Pico/pico-sdk/lib/lwip/src/core/ipv4/dhcp.c.obj
 .text.dhcp_select.isra.0
                0x1000ff40      0x1e0 CMakeFiles/main.dir/Users/macuser1/Pico/pico-sdk/lib/lwip/src/core/ipv4/dhcp.c.obj
 .text.dhcp_recv
                0x10010120      0x47c CMakeFiles/main.dir/Users/macuser1/Pico/pico-sdk/lib/lwip/src/core/ipv4/dhcp.c.obj
 .text.dhcp_set_struct
                0x1001059c       0x44 CMakeFiles/main.dir/Users/macuser1/Pico/pico-sdk/lib/lwip/src/core/ipv4/dhcp.c.obj
                0x1001059c                dhcp_set_struct
 .text.dhcp_network_changed_link_up
                0x100105e0       0x40 CMakeFiles/main.dir/Users/macuser1/Pico/pico-sdk/lib/lwip/src/core/ipv4/dhcp.c.obj
                0x100105e0                dhcp_network_changed_link_up
 .text.dhcp_renew
                0x10010620      0x138 CMakeFiles/main.dir/Users/macuser1/Pico/pico-sdk/lib/lwip/src/core/ipv4/dhcp.c.obj
                0x10010620                dhcp_renew
 .text.dhcp_release_and_stop
                0x10010758      0x158 CMakeFiles/main.dir/Users/macuser1/Pico/pico-sdk/lib/lwip/src/core/ipv4/dhcp.c.obj
                0x10010758                dhcp_release_and_stop
 .text.dhcp_start
                0x100108b0       0xb0 CMakeFiles/main.dir/Users/macuser1/Pico/pico-sdk/lib/lwip/src/core/ipv4/dhcp.c.obj
                0x100108b0                dhcp_start
 .text.dhcp_coarse_tmr
                0x10010960      0x1d8 CMakeFiles/main.dir/Users/macuser1/Pico/pico-sdk/lib/lwip/src/core/ipv4/dhcp.c.obj
                0x10010960                dhcp_coarse_tmr
 .text.dhcp_fine_tmr
                0x10010b38       0x78 CMakeFiles/main.dir/Users/macuser1/Pico/pico-sdk/lib/lwip/src/core/ipv4/dhcp.c.obj
                0x10010b38                dhcp_fine_tmr
 .text.dhcp_stop
                0x10010bb0      0x158 CMakeFiles/main.dir/Users/macuser1/Pico/pico-sdk/lib/lwip/src/core/ipv4/dhcp.c.obj
                0x10010bb0                dhcp_stop
 .text.etharp_find_entry
                0x10010d08      0x3c0 CMakeFiles/main.dir/Users/macuser1/Pico/pico-sdk/lib/lwip/src/core/ipv4/etharp.c.obj
 .text.etharp_raw
                0x100110c8       0xec CMakeFiles/main.dir/Users/macuser1/Pico/pico-sdk/lib/lwip/src/core/ipv4/etharp.c.obj
 .text.etharp_output_to_arp_index
                0x100111b4       0xd0 CMakeFiles/main.dir/Users/macuser1/Pico/pico-sdk/lib/lwip/src/core/ipv4/etharp.c.obj
 .text.etharp_tmr
                0x10011284       0x94 CMakeFiles/main.dir/Users/macuser1/Pico/pico-sdk/lib/lwip/src/core/ipv4/etharp.c.obj
                0x10011284                etharp_tmr
 .text.etharp_cleanup_netif
                0x10011318      0x188 CMakeFiles/main.dir/Users/macuser1/Pico/pico-sdk/lib/lwip/src/core/ipv4/etharp.c.obj
                0x10011318                etharp_cleanup_netif
 .text.etharp_input
                0x100114a0      0x1b8 CMakeFiles/main.dir/Users/macuser1/Pico/pico-sdk/lib/lwip/src/core/ipv4/etharp.c.obj
                0x100114a0                etharp_input
 .text.etharp_query
                0x10011658      0x1b8 CMakeFiles/main.dir/Users/macuser1/Pico/pico-sdk/lib/lwip/src/core/ipv4/etharp.c.obj
                0x10011658                etharp_query
 .text.etharp_output
                0x10011810      0x24c CMakeFiles/main.dir/Users/macuser1/Pico/pico-sdk/lib/lwip/src/core/ipv4/etharp.c.obj
                0x10011810                etharp_output
 .text.etharp_request
                0x10011a5c       0x2c CMakeFiles/main.dir/Users/macuser1/Pico/pico-sdk/lib/lwip/src/core/ipv4/etharp.c.obj
                0x10011a5c                etharp_request
 .text.icmp_input
                0x10011a88      0x1ec CMakeFiles/main.dir/Users/macuser1/Pico/pico-sdk/lib/lwip/src/core/ipv4/icmp.c.obj
                0x10011a88                icmp_input
 .text.icmp_dest_unreach
                0x10011c74       0xcc CMakeFiles/main.dir/Users/macuser1/Pico/pico-sdk/lib/lwip/src/core/ipv4/icmp.c.obj
                0x10011c74                icmp_dest_unreach
 .text.icmp_time_exceeded
                0x10011d40       0xcc CMakeFiles/main.dir/Users/macuser1/Pico/pico-sdk/lib/lwip/src/core/ipv4/icmp.c.obj
                0x10011d40                icmp_time_exceeded
 .text.ip_reass_free_complete_datagram
                0x10011e0c      0x11c CMakeFiles/main.dir/Users/macuser1/Pico/pico-sdk/lib/lwip/src/core/ipv4/ip4_frag.c.obj
 .text.ip_reass_remove_oldest_datagram
                0x10011f28       0xd8 CMakeFiles/main.dir/Users/macuser1/Pico/pico-sdk/lib/lwip/src/core/ipv4/ip4_frag.c.obj
 .text.ip_reass_tmr
                0x10012000       0x30 CMakeFiles/main.dir/Users/macuser1/Pico/pico-sdk/lib/lwip/src/core/ipv4/ip4_frag.c.obj
                0x10012000                ip_reass_tmr
 .text.ip4_reass
                0x10012030      0x560 CMakeFiles/main.dir/Users/macuser1/Pico/pico-sdk/lib/lwip/src/core/ipv4/ip4_frag.c.obj
                0x10012030                ip4_reass
 .text.ip4_frag
                0x10012590      0x254 CMakeFiles/main.dir/Users/macuser1/Pico/pico-sdk/lib/lwip/src/core/ipv4/ip4_frag.c.obj
                0x10012590                ip4_frag
 .text.ip4_route
                0x100127e4       0x7c CMakeFiles/main.dir/Users/macuser1/Pico/pico-sdk/lib/lwip/src/core/ipv4/ip4.c.obj
                0x100127e4                ip4_route
 .text.ip4_input
                0x10012860      0x300 CMakeFiles/main.dir/Users/macuser1/Pico/pico-sdk/lib/lwip/src/core/ipv4/ip4.c.obj
                0x10012860                ip4_input
 .text.ip4_output_if
                0x10012b60      0x190 CMakeFiles/main.dir/Users/macuser1/Pico/pico-sdk/lib/lwip/src/core/ipv4/ip4.c.obj
                0x10012b60                ip4_output_if
 .text.ip4_output_if_src
                0x10012cf0      0x184 CMakeFiles/main.dir/Users/macuser1/Pico/pico-sdk/lib/lwip/src/core/ipv4/ip4.c.obj
                0x10012cf0                ip4_output_if_src
 .text.ip4_addr_isbroadcast_u32
                0x10012e74       0x3c CMakeFiles/main.dir/Users/macuser1/Pico/pico-sdk/lib/lwip/src/core/ipv4/ip4_addr.c.obj
                0x10012e74                ip4_addr_isbroadcast_u32
 .text.ip4addr_aton